Archive member included to satisfy reference by file (symbol)

D:/NXP/S32DS_Power_v2.1/S32DS/build_tools/e200_ewl2/lib/e200z4/fp\libc99.a(vsnprintf.o)
                              ./Sources/APP_bootloader_exchange_info/Debug/src/bootloader_debug.o (vsnprintf)
D:/NXP/S32DS_Power_v2.1/S32DS/build_tools/e200_ewl2/lib/e200z4/fp\libc99.a(memcpy.o)
                              ./Sources/APP_bootloader_exchange_info/HAL/watchdog_hal/src/watchdog_hal.o (memcpy)
D:/NXP/S32DS_Power_v2.1/S32DS/build_tools/e200_ewl2/lib/e200z4/fp\libc99.a(memset.o)
                              ./Sources/APP_bootloader_exchange_info/APP_Demo/APP_Demo.o (memset)
D:/NXP/S32DS_Power_v2.1/S32DS/build_tools/e200_ewl2/lib/e200z4/fp\libc99.a(strlen.o)
                              ./Sources/APP_bootloader_exchange_info/Debug/src/bootloader_debug.o (strlen)
D:/NXP/S32DS_Power_v2.1/S32DS/build_tools/e200_ewl2/lib/e200z4/fp\libc99.a(fgetwc.o)
                              D:/NXP/S32DS_Power_v2.1/S32DS/build_tools/e200_ewl2/lib/e200z4/fp\libc99.a(vsnprintf.o) (getwc)
D:/NXP/S32DS_Power_v2.1/S32DS/build_tools/e200_ewl2/lib/e200z4/fp\libc99.a(fwide.o)
                              D:/NXP/S32DS_Power_v2.1/S32DS/build_tools/e200_ewl2/lib/e200z4/fp\libc99.a(fgetwc.o) (fwide)
D:/NXP/S32DS_Power_v2.1/S32DS/build_tools/e200_ewl2/lib/e200z4/fp\libc99.a(__printformat.o)
                              D:/NXP/S32DS_Power_v2.1/S32DS/build_tools/e200_ewl2/lib/e200z4/fp\libc99.a(vsnprintf.o) (__pformatter)
D:/NXP/S32DS_Power_v2.1/S32DS/build_tools/e200_ewl2/lib/e200z4/fp\libc99.a(ctype.o)
                              D:/NXP/S32DS_Power_v2.1/S32DS/build_tools/e200_ewl2/lib/e200z4/fp\libc99.a(vsnprintf.o) (__upper_mapC)
D:/NXP/S32DS_Power_v2.1/S32DS/build_tools/e200_ewl2/lib/e200z4/fp\libc99.a(secure_error.o)
                              D:/NXP/S32DS_Power_v2.1/S32DS/build_tools/e200_ewl2/lib/e200z4/fp\libc99.a(__printformat.o) (__ewl_runtime_constraint_violation_s)
D:/NXP/S32DS_Power_v2.1/S32DS/build_tools/e200_ewl2/lib/e200z4/fp\libc99.a(ansi_files.o)
                              D:/NXP/S32DS_Power_v2.1/S32DS/build_tools/e200_ewl2/lib/e200z4/fp\libc99.a(vsnprintf.o) (__files)
D:/NXP/S32DS_Power_v2.1/S32DS/build_tools/e200_ewl2/lib/e200z4/fp\libc99.a(fflush.o)
                              D:/NXP/S32DS_Power_v2.1/S32DS/build_tools/e200_ewl2/lib/e200z4/fp\libc99.a(ansi_files.o) (fflush)
D:/NXP/S32DS_Power_v2.1/S32DS/build_tools/e200_ewl2/lib/e200z4/fp\libc99.a(fread.o)
                              D:/NXP/S32DS_Power_v2.1/S32DS/build_tools/e200_ewl2/lib/e200z4/fp\libc99.a(fgetwc.o) (__fread)
D:/NXP/S32DS_Power_v2.1/S32DS/build_tools/e200_ewl2/lib/e200z4/fp\libc99.a(__StringWrite.o)
                              D:/NXP/S32DS_Power_v2.1/S32DS/build_tools/e200_ewl2/lib/e200z4/fp\libc99.a(vsnprintf.o) (__StringWrite)
D:/NXP/S32DS_Power_v2.1/S32DS/build_tools/e200_ewl2/lib/e200z4/fp\libc99.a(abort.o)
                              D:/NXP/S32DS_Power_v2.1/S32DS/build_tools/e200_ewl2/lib/e200z4/fp\libc99.a(secure_error.o) (abort)
D:/NXP/S32DS_Power_v2.1/S32DS/build_tools/e200_ewl2/lib/e200z4/fp\libc99.a(exit.o)
                              D:/NXP/S32DS_Power_v2.1/S32DS/build_tools/e200_ewl2/lib/e200z4/fp\libc99.a(abort.o) (__console_exit)
D:/NXP/S32DS_Power_v2.1/S32DS/build_tools/e200_ewl2/lib/e200z4/fp\libc99.a(mbtowc.o)
                              D:/NXP/S32DS_Power_v2.1/S32DS/build_tools/e200_ewl2/lib/e200z4/fp\libc99.a(fgetwc.o) (mbtowc)
D:/NXP/S32DS_Power_v2.1/S32DS/build_tools/e200_ewl2/lib/e200z4/fp\libc99.a(wcstombs.o)
                              D:/NXP/S32DS_Power_v2.1/S32DS/build_tools/e200_ewl2/lib/e200z4/fp\libc99.a(__printformat.o) (wcstombs)
D:/NXP/S32DS_Power_v2.1/S32DS/build_tools/e200_ewl2/lib/e200z4/fp\libc99.a(wctomb.o)
                              D:/NXP/S32DS_Power_v2.1/S32DS/build_tools/e200_ewl2/lib/e200z4/fp\libc99.a(wcstombs.o) (wctomb)
D:/NXP/S32DS_Power_v2.1/S32DS/build_tools/e200_ewl2/lib/e200z4/fp\libc99.a(__filll_mem.o)
                              D:/NXP/S32DS_Power_v2.1/S32DS/build_tools/e200_ewl2/lib/e200z4/fp\libc99.a(memset.o) (__fill_mem)
D:/NXP/S32DS_Power_v2.1/S32DS/build_tools/e200_ewl2/lib/e200z4/fp\libc99.a(memchr.o)
                              D:/NXP/S32DS_Power_v2.1/S32DS/build_tools/e200_ewl2/lib/e200z4/fp\libc99.a(__printformat.o) (memchr)
D:/NXP/S32DS_Power_v2.1/S32DS/build_tools/e200_ewl2/lib/e200z4/fp\libc99.a(strchr.o)
                              D:/NXP/S32DS_Power_v2.1/S32DS/build_tools/e200_ewl2/lib/e200z4/fp\libc99.a(__printformat.o) (strchr)
D:/NXP/S32DS_Power_v2.1/S32DS/build_tools/e200_ewl2/lib/e200z4/fp\libc99.a(strcpy.o)
                              D:/NXP/S32DS_Power_v2.1/S32DS/build_tools/e200_ewl2/lib/e200z4/fp\libc99.a(__printformat.o) (strcpy)
D:/NXP/S32DS_Power_v2.1/S32DS/build_tools/e200_ewl2/lib/e200z4/fp\libc99.a(strncpy.o)
                              D:/NXP/S32DS_Power_v2.1/S32DS/build_tools/e200_ewl2/lib/e200z4/fp\libc99.a(wcstombs.o) (strncpy)
[...]
Memory Configuration

Name             Origin             Length             Attributes
flash_rchw       0x01000000         0x00000004
cpu0_reset_vec   0x01000004         0x00000004
m_text           0x01000400         0x001ffc00
m_data           0x40000000         0x0005fff0
appup_boot_flag  0x4005fff0         0x00000010
local_dmem       0x50800000         0x00010000
*default*        0x00000000         0xffffffff

Linker script and memory map

LOAD d:/nxp/s32ds_power_v2.1/s32ds/build_tools/powerpc-eabivle-4_9/bin/../lib/gcc/powerpc-eabivle/4.9.4/e200z4/fp/ecrti.o
LOAD d:/nxp/s32ds_power_v2.1/s32ds/build_tools/powerpc-eabivle-4_9/bin/../lib/gcc/powerpc-eabivle/4.9.4/e200z4/fp/crtbegin.o
LOAD ./Generated_Code/Cpu.o
LOAD ./Generated_Code/canCom0.o
LOAD ./Generated_Code/clockMan1.o
LOAD ./Generated_Code/dmaController1.o
LOAD ./Generated_Code/eTimer1.o
LOAD ./Generated_Code/fccu1.o
LOAD ./Generated_Code/pin_mux.o
LOAD ./Generated_Code/uart_pal1.o
LOAD ./Generated_Code/wdg_pal1.o
LOAD ./Project_Settings/Startup_Code/core0_intc_sw_handlers.o
LOAD ./Project_Settings/Startup_Code/interrupt_vectors.o
LOAD ./Project_Settings/Startup_Code/startup_MPC5744P.o
LOAD ./SDK/platform/devices/MPC5744P/startup/system_MPC5744P.o
LOAD ./SDK/platform/devices/startup.o
LOAD ./SDK/platform/drivers/src/clock/MPC57xx/clock_MPC57xx.o
LOAD ./SDK/platform/drivers/src/edma/edma_driver.o
LOAD ./SDK/platform/drivers/src/edma/edma_hw_access.o
LOAD ./SDK/platform/drivers/src/edma/edma_irq.o
LOAD ./SDK/platform/drivers/src/etimer/etimer_driver.o
LOAD ./SDK/platform/drivers/src/etimer/etimer_hw_access.o
LOAD ./SDK/platform/drivers/src/fccu/fccu_driver.o
LOAD ./SDK/platform/drivers/src/fccu/fccu_hw_access.o
LOAD ./SDK/platform/drivers/src/fccu/fccu_irq.o
LOAD ./SDK/platform/drivers/src/flexcan/flexcan_driver.o
LOAD ./SDK/platform/drivers/src/flexcan/flexcan_hw_access.o
LOAD ./SDK/platform/drivers/src/flexcan/flexcan_irq.o
LOAD ./SDK/platform/drivers/src/interrupt/interrupt_manager_MPC57xx.o
LOAD ./SDK/platform/drivers/src/linflexd/linflexd_uart_driver.o
LOAD ./SDK/platform/drivers/src/linflexd/linflexd_uart_irq.o
LOAD ./SDK/platform/drivers/src/pins/siul2/pins_siul2_driver.o
LOAD ./SDK/platform/drivers/src/pins/siul2/siul2_hw_access.o
LOAD ./SDK/platform/drivers/src/swt/swt_driver.o
LOAD ./SDK/platform/drivers/src/swt/swt_hw_access.o
LOAD ./SDK/platform/pal/src/uart/uart_pal.o
LOAD ./SDK/platform/pal/src/wdg/wdg_pal.o
LOAD ./SDK/rtos/osif/osif_baremetal.o
LOAD ./Sources/APP_bootloader_exchange_info/APP_Demo/APP_Demo.o
LOAD ./Sources/APP_bootloader_exchange_info/Debug/src/bootloader_debug.o
LOAD ./Sources/APP_bootloader_exchange_info/Debug/src/debug_IO.o
LOAD ./Sources/APP_bootloader_exchange_info/Debug/src/debug_timer.o
LOAD ./Sources/APP_bootloader_exchange_info/FIFO/src/multi_cyc_fifo.o
LOAD ./Sources/APP_bootloader_exchange_info/HAL/crc_hal/src/CRC_hal.o
LOAD ./Sources/APP_bootloader_exchange_info/HAL/timer_hal/src/timer_hal.o
LOAD ./Sources/APP_bootloader_exchange_info/HAL/watchdog_hal/src/watchdog_hal.o
LOAD ./Sources/APP_bootloader_exchange_info/Simulink/PowerCtrolProject1_S32K144.o
LOAD ./Sources/APP_bootloader_exchange_info/Simulink/PowerCtrolProject1_S32K144_data.o
LOAD ./Sources/APP_bootloader_exchange_info/Simulink/rtGetInf.o
LOAD ./Sources/APP_bootloader_exchange_info/Simulink/rtGetNaN.o
LOAD ./Sources/APP_bootloader_exchange_info/Simulink/rt_nonfinite.o
LOAD ./Sources/APP_bootloader_exchange_info/UDS_stack/TP/src/CAN_TP/can_tp.o
LOAD ./Sources/APP_bootloader_exchange_info/UDS_stack/TP/src/CAN_TP/can_tp_cfg.o
LOAD ./Sources/APP_bootloader_exchange_info/UDS_stack/TP/src/LIN_TP/LIN_tp.o
LOAD ./Sources/APP_bootloader_exchange_info/UDS_stack/TP/src/LIN_TP/LIN_tp_cfg.o
LOAD ./Sources/APP_bootloader_exchange_info/UDS_stack/TP/src/TP.o
LOAD ./Sources/APP_bootloader_exchange_info/UDS_stack/TP/src/TP_Cfg.o
LOAD ./Sources/APP_bootloader_exchange_info/UDS_stack/UDS/src/uds_app.o
LOAD ./Sources/APP_bootloader_exchange_info/UDS_stack/UDS/src/uds_app_cfg.o
LOAD ./Sources/APP_bootloader_exchange_info/auto_lib/src/autolibc.o
LOAD ./Sources/APP_bootloader_exchange_info/boot/src/boot.o
LOAD ./Sources/APP_bootloader_exchange_info/boot/src/boot_Cfg.o
LOAD ./Sources/main.o
START GROUP
LOAD D:/NXP/S32DS_Power_v2.1/S32DS/build_tools/e200_ewl2/lib/e200z4/fp\libc99.a
LOAD D:/NXP/S32DS_Power_v2.1/S32DS/build_tools/e200_ewl2/lib/e200z4/fp\libm.a
LOAD d:/nxp/s32ds_power_v2.1/s32ds/build_tools/powerpc-eabivle-4_9/bin/../lib/gcc/powerpc-eabivle/4.9.4/e200z4/fp\libgcc.a
LOAD D:/NXP/S32DS_Power_v2.1/S32DS/build_tools/e200_ewl2/lib/e200z4/fp\librt.a
END GROUP
LOAD d:/nxp/s32ds_power_v2.1/s32ds/build_tools/powerpc-eabivle-4_9/bin/../lib/gcc/powerpc-eabivle/4.9.4/e200z4/fp/crtend.o
LOAD d:/nxp/s32ds_power_v2.1/s32ds/build_tools/powerpc-eabivle-4_9/bin/../lib/gcc/powerpc-eabivle/4.9.4/e200z4/fp/ecrtn.o
                0x00000000                __HEAP_SIZE = DEFINED (__heap_size__)?__heap_size__:0x0
                0x00001000                __STACK_SIZE = DEFINED (__stack_size__)?__stack_size__:0x1000
                0x01000000                FLASH_BASE_ADDR = DEFINED (__flash_base_addr__)?__flash_base_addr__:0x1000000
                0x00200000                FLASH_SIZE = DEFINED (__flash_size__)?__flash_size__:0x200000
                0x40000000                SRAM_BASE_ADDR = DEFINED (__sram_base_addr__)?__sram_base_addr__:0x40000000
                0x00060000                SRAM_SIZE = DEFINED (__sram_size__)?__sram_size__:0x60000
                0x50800000                LOCAL_DMEM_BASE_ADDR = DEFINED (__local_dmem_base_addr__)?__local_dmem_base_addr__:0x50800000
                0x00010000                LOCAL_DMEM_SIZE = DEFINED (__local_dmem_size__)?__local_dmem_size__:0x10000
                0x00000010                APPUP_BOOT_FLAG_LEN = 0x10

.rchw           0x01000000        0x4
 *(.rchw)
 .rchw          0x01000000        0x4 ./Project_Settings/Startup_Code/startup_MPC5744P.o

.cpu0_reset_vector
                0x01000004        0x4
 *(.cpu0_reset_vector)
 .cpu0_reset_vector
                0x01000004        0x4 ./Project_Settings/Startup_Code/startup_MPC5744P.o

.startup        0x01000400      0x188
                0x01000400                __start = .
 *(.startup)
 .startup       0x01000400      0x188 ./Project_Settings/Startup_Code/startup_MPC5744P.o
                0x01000400                Reset_Handler
                0x01000400                _start

.core_exceptions_table
                0x01001000       0xb4
                0x01001000                __IVPR_VALUE = .
 *(.core_exceptions_table)
 .core_exceptions_table
                0x01001000       0xb4 ./Project_Settings/Startup_Code/interrupt_vectors.o
                0x01001000                IVOR0_Vector
                0x01001000                VTABLE
                0x01001010                IVOR1_Vector
                0x01001020                IVOR2_Vector
                0x01001030                IVOR3_Vector
                0x01001040                IVOR4_Vector
                0x01001050                IVOR5_Vector
                0x01001060                IVOR6_Vector
                0x01001070                IVOR35_Vector
                0x01001080                IVOR8_Vector
                0x01001090                IVOR15_Vector
                0x010010a0                IVOR33_Vector
                0x010010b0                IVOR34_Vector

.intc_vector_table
                0x01002000      0xbcc
                0x01002000                __VECTOR_TABLE = .
                0x01002000                __interrupts_start__ = .
 *(.intc_vector_table)
 .intc_vector_table
                0x01002000      0xbcc ./Project_Settings/Startup_Code/startup_MPC5744P.o
                0x01002000                __isr_vector
                0x01002bc8                CTU1_ERR_IRQHandler
                0x01002bc8                ETIMER0_TC0IR_IRQHandler
                0x01002bc8                CTU1_T6_IRQHandler
                0x01002bc8                SIUL_EIRQ_16_23_IRQHandler
                0x01002bc8                ETIMER1_TC3IR_IRQHandler
                0x01002bc8                ADC0_WD_IRQHandler
                0x01002bc8                IVOR5_Exception_Handler
                0x01002bc8                CTU0_T1_IRQHandler
                0x01002bc8                DSPI3_Receive_IRQHandler
                0x01002bc8                CTU0_T4_IRQHandler
                0x01002bc8                ETIMER2_TC5IR_IRQHandler
                0x01002bc8                FlexPWM_0_COF1_IRQHandler
                0x01002bc8                FlexPWM_1_CAF2_IRQHandler
                0x01002bc8                CTU0_T2_IRQHandler
                0x01002bc8                DSPI2_Receive_IRQHandler
                0x01002bc8                ADC1_ER_IRQHandler
                0x01002bc8                ADC1_WD_IRQHandler
                0x01002bc8                SENT1_Fast_1_IRQHandler
                0x01002bc8                SENT1_Slow_0_IRQHandler
                0x01002bc8                SWT0_IRQHandler
                0x01002bc8                FlexPWM_0_COF3_IRQHandler
                0x01002bc8                ADC3_ER_IRQHandler
                0x01002bc8                CTU0_T3_IRQHandler
                0x01002bc8                CTU0_T5_IRQHandler
                0x01002bc8                IVOR33_Exception_Handler
                0x01002bc8                FlexPWM_1_COF0_IRQHandler
                0x01002bc8                ADC2_EOC_IRQHandler
                0x01002bc8                FlexPWM_1_COF2_IRQHandler
                0x01002bc8                IVOR34_Exception_Handler
                0x01002bc8                FlexPWM_0_REF_IRQHandler
                0x01002bc8                DSPI0_FIFO_Error_IRQHandler
                0x01002bc8                DSPI1_Send_IRQHandler
                0x01002bc8                SENT0_RxErr_1_IRQHandler
                0x01002bc8                PIT_Ch0_IRQHandler
                0x01002bc8                CTU1_MRS_IRQHandler
                0x01002bc8                FlexPWM_1_COF3_IRQHandler
                0x01002bc8                FlexPWM_0_CAF1_IRQHandler
                0x01002bc8                ENET0_Rx_IRQHandler
                0x01002bc8                SENT0_Slow_0_IRQHandler
                0x01002bc8                PIT_Ch1_IRQHandler
                0x01002bc8                FlexPWM_1_RF3_IRQHandler
                0x01002bc8                ETIMER1_TC1IR_IRQHandler
                0x01002bc8                FlexPWM_1_REF_IRQHandler
                0x01002bc8                DSPI0_Send_IRQHandler
                0x01002bc8                ADC0_EOC_IRQHandler
                0x01002bc8                ADC3_WD_IRQHandler
                0x01002bc8                DSPI0_Receive_IRQHandler
                0x01002bc8                FlexPWM_1_RF0_IRQHandler
                0x01002bc8                ETIMER2_TC4IR_IRQHandler
                0x01002bc8                PIT_Ch2_IRQHandler
                0x01002bc8                CTU0_FIFO1_IRQHandler
                0x01002bc8                DSPI2_Send_IRQHandler
                0x01002bc8                FlexPWM_0_COF2_IRQHandler
                0x01002bc8                ADC2_ER_IRQHandler
                0x01002bc8                ETIMER2_TC0IR_IRQHandler
                0x01002bc8                SENT1_RxErr_0_IRQHandler
                0x01002bc8                FlexPWM_0_FFLAG_IRQHandler
                0x01002bc8                FlexPWM_1_CAF1_IRQHandler
                0x01002bc8                DSPI1_FIFO_Error_IRQHandler
                0x01002bc8                CTU0_FIFO3_IRQHandler
                0x01002bc8                ETIMER0_RCF_IRQHandler
                0x01002bc8                ADC2_WD_IRQHandler
                0x01002bc8                ETIMER1_TC2IR_IRQHandler
                0x01002bc8                ADC0_ER_IRQHandler
                0x01002bc8                CTU1_T2_IRQHandler
                0x01002bc8                ENET0_Err_IRQHandler
                0x01002bc8                IVOR15_Exception_Handler
                0x01002bc8                SENT0_Fast_0_IRQHandler
                0x01002bc8                ETIMER1_TC5IR_IRQHandler
                0x01002bc8                SIUL_EIRQ_00_07_IRQHandler
                0x01002bc8                CTU1_FIFO2_IRQHandler
                0x01002bc8                FlexPWM_1_COF1_IRQHandler
                0x01002bc8                ETIMER0_TC2IR_IRQHandler
                0x01002bc8                CTU1_T5_IRQHandler
                0x01002bc8                IVOR3_Exception_Handler
                0x01002bc8                SENT1_Slow_1_IRQHandler
                0x01002bc8                SIUL_EIRQ_24_31_IRQHandler
                0x01002bc8                ETIMER1_TC4IR_IRQHandler
                0x01002bc8                IVOR1_Exception_Handler
                0x01002bc8                FlexPWM_0_CAF0_IRQHandler
                0x01002bc8                CTU0_T0_IRQHandler
                0x01002bc8                STM0_Ch0_IRQHandler
                0x01002bc8                ETIMER0_TC1IR_IRQHandler
                0x01002bc8                CTU1_T0_IRQHandler
                0x01002bc8                DefaultISR
                0x01002bc8                ETIMER2_TC1IR_IRQHandler
                0x01002bc8                IVOR35_Exception_Handler
                0x01002bc8                IVOR0_Exception_Handler
                0x01002bc8                IVOR8_Exception_Handler
                0x01002bc8                ETIMER0_TC3IR_IRQHandler
                0x01002bc8                ENET0_Tx_IRQHandler
                0x01002bc8                CTU0_FIFO0_IRQHandler
                0x01002bc8                SENT1_RxErr_1_IRQHandler
                0x01002bc8                CTU1_FIFO0_IRQHandler
                0x01002bc8                STM0_Ch3_IRQHandler
                0x01002bc8                CTU1_T4_IRQHandler
                0x01002bc8                STM0_Ch2_IRQHandler
                0x01002bc8                ETIMER0_TC4IR_IRQHandler
                0x01002bc8                FlexPWM_0_RF1_IRQHandler
                0x01002bc8                FlexPWM_0_RF2_IRQHandler
                0x01002bc8                ETIMER0_WTIF_IRQHandler
                0x01002bc8                CTU0_MRS_IRQHandler
                0x01002bc8                CTU0_T6_IRQHandler
                0x01002bc8                ETIMER1_TC0IR_IRQHandler
                0x01002bc8                DSPI3_FIFO_Error_IRQHandler
                0x01002bc8                IVOR6_Exception_Handler
                0x01002bc8                ADC3_EOC_IRQHandler
                0x01002bc8                FlexPWM_0_RF0_IRQHandler
                0x01002bc8                FlexPWM_1_CAF3_IRQHandler
                0x01002bc8                FlexPWM_1_CAF0_IRQHandler
                0x01002bc8                CTU0_ERR_IRQHandler
                0x01002bc8                FlexPWM_0_COF0_IRQHandler
                0x01002bc8                SENT0_Fast_1_IRQHandler
                0x01002bc8                SENT1_Fast_0_IRQHandler
                0x01002bc8                FlexPWM_0_CAF2_IRQHandler
                0x01002bc8                CTU0_ADC_IRQHandler
                0x01002bc8                SENT0_RxErr_0_IRQHandler
                0x01002bc8                FlexPWM_1_RF2_IRQHandler
                0x01002bc8                SENT0_Slow_1_IRQHandler
                0x01002bc8                ETIMER2_RCF_IRQHandler
                0x01002bc8                FlexPWM_1_RF1_IRQHandler
                0x01002bc8                DSPI2_FIFO_Error_IRQHandler
                0x01002bc8                CTU1_FIFO1_IRQHandler
                0x01002bc8                FlexPWM_0_RF3_IRQHandler
                0x01002bc8                DSPI3_Send_IRQHandler
                0x01002bc8                IVOR2_Exception_Handler
                0x01002bc8                CTU1_T3_IRQHandler
                0x01002bc8                FlexPWM_1_FFLAG_IRQHandler
                0x01002bc8                ETIMER0_TC5IR_IRQHandler
                0x01002bc8                FlexPWM_0_CAF3_IRQHandler
                0x01002bc8                DSPI1_Receive_IRQHandler
                0x01002bc8                CTU0_FIFO2_IRQHandler
                0x01002bc8                ENET0_Timer_IRQHandler
                0x01002bc8                ADC1_EOC_IRQHandler
                0x01002bc8                CTU1_FIFO3_IRQHandler
                0x01002bc8                STM0_Ch1_IRQHandler
                0x01002bc8                ETIMER2_TC2IR_IRQHandler
                0x01002bc8                PIT_Ch3_IRQHandler
                0x01002bc8                FLASH_Done_IRQHandler
                0x01002bc8                CTU0_T7_IRQHandler
                0x01002bc8                CTU1_T1_IRQHandler
                0x01002bc8                ETIMER1_RCF_IRQHandler
                0x01002bc8                SIUL_EIRQ_08_15_IRQHandler
                0x01002bc8                CTU1_T7_IRQHandler
                0x01002bc8                ETIMER2_TC3IR_IRQHandler
                0x01002bc8                CTU1_ADC_IRQHandler
                0x01002bcc                __interrupts_end__ = .
                0x00000c00                __RAM_VECTOR_TABLE_SIZE = 0xc00
                0x01002c00                __VECTOR_TABLE_COPY_END = (__VECTOR_TABLE + __RAM_VECTOR_TABLE_SIZE)

.text           0x01002bd0     0xb6c0
 *(.text.startup)
 *(.text)
 .text          0x01002bd0      0x16c d:/nxp/s32ds_power_v2.1/s32ds/build_tools/powerpc-eabivle-4_9/bin/../lib/gcc/powerpc-eabivle/4.9.4/e200z4/fp/crtbegin.o
 *fill*         0x01002d3c        0x4 
 .text          0x01002d40      0x2f6 ./Project_Settings/Startup_Code/core0_intc_sw_handlers.o
                0x01002d80                IVOR0_Handler
                0x01002dae                IVOR1_Handler
                0x01002dfc                IVOR2_Handler
                0x01002e36                IVOR3_Handler
                0x01002e70                IVOR4_Handler
                0x01002eb8                IVOR5_Handler
                0x01002ef2                IVOR6_Handler
                0x01002f2c                IVOR8_Handler
                0x01002f66                IVOR15_Handler
                0x01002f94                IVOR33_Handler
                0x01002fce                IVOR34_Handler
                0x01003008                IVOR35_Handler
 *fill*         0x01003036        0x2 
 .text          0x01003038       0x56 d:/nxp/s32ds_power_v2.1/s32ds/build_tools/powerpc-eabivle-4_9/bin/../lib/gcc/powerpc-eabivle/4.9.4/e200z4/fp\libgcc.a(_fixunsdfsi.o)
                0x01003038                __fixunsdfsi
 *fill*         0x0100308e        0x2 
 .text          0x01003090       0x4e d:/nxp/s32ds_power_v2.1/s32ds/build_tools/powerpc-eabivle-4_9/bin/../lib/gcc/powerpc-eabivle/4.9.4/e200z4/fp\libgcc.a(_fixunsdfdi.o)
                0x01003090                __fixunsdfdi
 *fill*         0x010030de        0x2 
 .text          0x010030e0      0x328 d:/nxp/s32ds_power_v2.1/s32ds/build_tools/powerpc-eabivle-4_9/bin/../lib/gcc/powerpc-eabivle/4.9.4/e200z4/fp\libgcc.a(_udivdi3.o)
                0x010030e0                __udivdi3
 .text          0x01003408      0x2e2 d:/nxp/s32ds_power_v2.1/s32ds/build_tools/powerpc-eabivle-4_9/bin/../lib/gcc/powerpc-eabivle/4.9.4/e200z4/fp\libgcc.a(_umoddi3.o)
                0x01003408                __umoddi3
 *fill*         0x010036ea        0x2 
 .text          0x010036ec      0x37e d:/nxp/s32ds_power_v2.1/s32ds/build_tools/powerpc-eabivle-4_9/bin/../lib/gcc/powerpc-eabivle/4.9.4/e200z4/fp\libgcc.a(_addsub_df.o)
                0x010039ac                __adddf3
                0x01003a08                __subdf3
 *fill*         0x01003a6a        0x2 
 .text          0x01003a6c      0x26c d:/nxp/s32ds_power_v2.1/s32ds/build_tools/powerpc-eabivle-4_9/bin/../lib/gcc/powerpc-eabivle/4.9.4/e200z4/fp\libgcc.a(_mul_df.o)
                0x01003a6c                __muldf3
 .text          0x01003cd8       0x64 d:/nxp/s32ds_power_v2.1/s32ds/build_tools/powerpc-eabivle-4_9/bin/../lib/gcc/powerpc-eabivle/4.9.4/e200z4/fp\libgcc.a(_eq_df.o)
                0x01003cd8                __eqdf2
 .text          0x01003d3c       0x64 d:/nxp/s32ds_power_v2.1/s32ds/build_tools/powerpc-eabivle-4_9/bin/../lib/gcc/powerpc-eabivle/4.9.4/e200z4/fp\libgcc.a(_ne_df.o)
                0x01003d3c                __nedf2
 .text          0x01003da0       0x64 d:/nxp/s32ds_power_v2.1/s32ds/build_tools/powerpc-eabivle-4_9/bin/../lib/gcc/powerpc-eabivle/4.9.4/e200z4/fp\libgcc.a(_ge_df.o)
                0x01003da0                __gedf2
 .text          0x01003e04       0x64 d:/nxp/s32ds_power_v2.1/s32ds/build_tools/powerpc-eabivle-4_9/bin/../lib/gcc/powerpc-eabivle/4.9.4/e200z4/fp\libgcc.a(_lt_df.o)
                0x01003e04                __ltdf2
 .text          0x01003e68       0xac d:/nxp/s32ds_power_v2.1/s32ds/build_tools/powerpc-eabivle-4_9/bin/../lib/gcc/powerpc-eabivle/4.9.4/e200z4/fp\libgcc.a(_df_to_si.o)
                0x01003e68                __fixdfsi
 .text          0x01003f14       0x70 d:/nxp/s32ds_power_v2.1/s32ds/build_tools/powerpc-eabivle-4_9/bin/../lib/gcc/powerpc-eabivle/4.9.4/e200z4/fp\libgcc.a(_usi_to_df.o)
                0x01003f14                __floatunsidf
 .text          0x01003f84       0x4a d:/nxp/s32ds_power_v2.1/s32ds/build_tools/powerpc-eabivle-4_9/bin/../lib/gcc/powerpc-eabivle/4.9.4/e200z4/fp\libgcc.a(e200crtsavgpr.o)
                0x01003f84                _savegpr_14
                0x01003f88                _savegpr_15
                0x01003f8c                _savegpr_16
                0x01003f90                _savegpr_17
                0x01003f94                _savegpr_18
                0x01003f98                _savegpr_19
                0x01003f9c                _savegpr_20
                0x01003fa0                _savegpr_21
                0x01003fa4                _savegpr_22
                0x01003fa8                _savegpr_23
                0x01003fac                _savegpr_24
                0x01003fb0                _savegpr_25
                0x01003fb4                _savegpr_26
                0x01003fb8                _savegpr_27
                0x01003fbc                _savegpr_28
                0x01003fc0                _savegpr_29
                0x01003fc4                _savegpr_30
                0x01003fc8                _savegpr_31
 .text          0x01003fce       0x52 d:/nxp/s32ds_power_v2.1/s32ds/build_tools/powerpc-eabivle-4_9/bin/../lib/gcc/powerpc-eabivle/4.9.4/e200z4/fp\libgcc.a(e200crtresxgpr.o)
                0x01003fce                _restgpr_14_x
                0x01003fd2                _restgpr_15_x
                0x01003fd6                _restgpr_16_x
                0x01003fda                _restgpr_17_x
                0x01003fde                _restgpr_18_x
                0x01003fe2                _restgpr_19_x
                0x01003fe6                _restgpr_20_x
                0x01003fea                _restgpr_21_x
                0x01003fee                _restgpr_22_x
                0x01003ff2                _restgpr_23_x
                0x01003ff6                _restgpr_24_x
                0x01003ffa                _restgpr_25_x
                0x01003ffe                _restgpr_26_x
                0x01004002                _restgpr_27_x
                0x01004006                _restgpr_28_x
                0x0100400a                _restgpr_29_x
                0x0100400e                _restgpr_30_x
                0x01004012                _restgpr_31_x
 .text          0x01004020       0x4a d:/nxp/s32ds_power_v2.1/s32ds/build_tools/powerpc-eabivle-4_9/bin/../lib/gcc/powerpc-eabivle/4.9.4/e200z4/fp\libgcc.a(eabivle.o)
                0x01004020                __eabi
 *fill*         0x0100406a        0x2 
 .text          0x0100406c      0x1e6 d:/nxp/s32ds_power_v2.1/s32ds/build_tools/powerpc-eabivle-4_9/bin/../lib/gcc/powerpc-eabivle/4.9.4/e200z4/fp\libgcc.a(_pack_df.o)
                0x0100406c                __pack_d
 *fill*         0x01004252        0x2 
 .text          0x01004254       0xb0 d:/nxp/s32ds_power_v2.1/s32ds/build_tools/powerpc-eabivle-4_9/bin/../lib/gcc/powerpc-eabivle/4.9.4/e200z4/fp\libgcc.a(_unpack_df.o)
                0x01004254                __unpack_d
 .text          0x01004304       0xc6 d:/nxp/s32ds_power_v2.1/s32ds/build_tools/powerpc-eabivle-4_9/bin/../lib/gcc/powerpc-eabivle/4.9.4/e200z4/fp\libgcc.a(_fpcmp_parts_df.o)
                0x01004304                __fpcmp_parts_d
 *fill*         0x010043ca        0x2 
 .text          0x010043cc       0x48 d:/nxp/s32ds_power_v2.1/s32ds/build_tools/powerpc-eabivle-4_9/bin/../lib/gcc/powerpc-eabivle/4.9.4/e200z4/fp/crtend.o
 *(.text.*)
 .text.SystemInit
                0x01004414       0x48 ./SDK/platform/devices/MPC5744P/startup/system_MPC5744P.o
                0x01004414                SystemInit
 .text.init_data_bss
                0x0100445c       0xae ./SDK/platform/devices/startup.o
                0x0100445c                init_data_bss
 *fill*         0x0100450a        0x2 
 .text.CLOCK_SYS_GetIrcoscFreq
                0x0100450c       0x1e ./SDK/platform/drivers/src/clock/MPC57xx/clock_MPC57xx.o
 *fill*         0x0100452a        0x2 
 .text.CLOCK_SYS_GetXoscFreq
                0x0100452c       0x1e ./SDK/platform/drivers/src/clock/MPC57xx/clock_MPC57xx.o
 *fill*         0x0100454a        0x2 
 .text.CLOCK_SYS_GetPll0Phi0Freq
                0x0100454c       0x1e ./SDK/platform/drivers/src/clock/MPC57xx/clock_MPC57xx.o
 *fill*         0x0100456a        0x2 
 .text.CLOCK_SYS_GetPll0Phi1Freq
                0x0100456c       0x1e ./SDK/platform/drivers/src/clock/MPC57xx/clock_MPC57xx.o
 *fill*         0x0100458a        0x2 
 .text.CLOCK_SYS_CalculateFrequenciesOfClockSources
                0x0100458c      0x16a ./SDK/platform/drivers/src/clock/MPC57xx/clock_MPC57xx.o
 *fill*         0x010046f6        0x2 
 .text.CLOCK_SYS_GetPll1Phi0Freq
                0x010046f8       0x1e ./SDK/platform/drivers/src/clock/MPC57xx/clock_MPC57xx.o
 *fill*         0x01004716        0x2 
 .text.CLOCK_SYS_GetSystemClockFreq
                0x01004718      0x14e ./SDK/platform/drivers/src/clock/MPC57xx/clock_MPC57xx.o
 *fill*         0x01004866        0x2 
 .text.CLOCK_DRV_Init
                0x01004868      0xa18 ./SDK/platform/drivers/src/clock/MPC57xx/clock_MPC57xx.o
                0x01004868                CLOCK_DRV_Init
 .text.CLOCK_DRV_GetFreq
                0x01005280      0x5f2 ./SDK/platform/drivers/src/clock/MPC57xx/clock_MPC57xx.o
                0x01005280                CLOCK_DRV_GetFreq
 *fill*         0x01005872        0x2 
 .text.CLOCK_SYS_Init
                0x01005874       0x18 ./SDK/platform/drivers/src/clock/MPC57xx/clock_MPC57xx.o
                0x01005874                CLOCK_SYS_Init
 .text.CLOCK_SYS_UpdateConfiguration
                0x0100588c      0x172 ./SDK/platform/drivers/src/clock/MPC57xx/clock_MPC57xx.o
                0x0100588c                CLOCK_SYS_UpdateConfiguration
 *fill*         0x010059fe        0x2 
 .text.CLOCK_SYS_GetFreq
                0x01005a00       0x14 ./SDK/platform/drivers/src/clock/MPC57xx/clock_MPC57xx.o
                0x01005a00                CLOCK_SYS_GetFreq
 .text.EDMA_DRV_InstallCallback
                0x01005a14       0x16 ./SDK/platform/drivers/src/edma/edma_driver.o
                0x01005a14                EDMA_DRV_InstallCallback
 *fill*         0x01005a2a        0x2 
 .text.EDMA_DRV_IRQHandler
                0x01005a2c       0x52 ./SDK/platform/drivers/src/edma/edma_driver.o
                0x01005a2c                EDMA_DRV_IRQHandler
 *fill*         0x01005a7e        0x2 
 .text.EDMA_DRV_ErrorIRQHandler
                0x01005a80       0x6c ./SDK/platform/drivers/src/edma/edma_driver.o
                0x01005a80                EDMA_DRV_ErrorIRQHandler
 .text.EDMA_DRV_ConfigSingleBlockTransfer
                0x01005aec      0x15c ./SDK/platform/drivers/src/edma/edma_driver.o
                0x01005aec                EDMA_DRV_ConfigSingleBlockTransfer
 .text.EDMA_DRV_ConfigMultiBlockTransfer
                0x01005c48       0x46 ./SDK/platform/drivers/src/edma/edma_driver.o
                0x01005c48                EDMA_DRV_ConfigMultiBlockTransfer
 *fill*         0x01005c8e        0x2 
 .text.EDMA_DRV_StartChannel
                0x01005c90       0x20 ./SDK/platform/drivers/src/edma/edma_driver.o
                0x01005c90                EDMA_DRV_StartChannel
 .text.EDMA_DRV_StopChannel
                0x01005cb0       0x20 ./SDK/platform/drivers/src/edma/edma_driver.o
                0x01005cb0                EDMA_DRV_StopChannel
 .text.EDMA_DRV_SetSrcAddr
                0x01005cd0       0x1e ./SDK/platform/drivers/src/edma/edma_driver.o
                0x01005cd0                EDMA_DRV_SetSrcAddr
 *fill*         0x01005cee        0x2 
 .text.EDMA_DRV_SetDestAddr
                0x01005cf0       0x1e ./SDK/platform/drivers/src/edma/edma_driver.o
                0x01005cf0                EDMA_DRV_SetDestAddr
 *fill*         0x01005d0e        0x2 
 .text.EDMA_DRV_SetMajorLoopIterationCount
                0x01005d10       0x1e ./SDK/platform/drivers/src/edma/edma_driver.o
                0x01005d10                EDMA_DRV_SetMajorLoopIterationCount
 *fill*         0x01005d2e        0x2 
 .text.EDMA_DRV_GetDmaRegBaseAddr
                0x01005d30        0x6 ./SDK/platform/drivers/src/edma/edma_driver.o
                0x01005d30                EDMA_DRV_GetDmaRegBaseAddr
 *fill*         0x01005d36        0x2 
 .text.EDMA_GetErrorIntStatusFlag
                0x01005d38        0xa ./SDK/platform/drivers/src/edma/edma_hw_access.o
                0x01005d38                EDMA_GetErrorIntStatusFlag
 *fill*         0x01005d42        0x2 
 .text.EDMA_ClearErrorIntStatusFlag
                0x01005d44        0x6 ./SDK/platform/drivers/src/edma/edma_hw_access.o
                0x01005d44                EDMA_ClearErrorIntStatusFlag
 *fill*         0x01005d4a        0x2 
 .text.EDMA_SetDmaRequestCmd
                0x01005d4c       0x12 ./SDK/platform/drivers/src/edma/edma_hw_access.o
                0x01005d4c                EDMA_SetDmaRequestCmd
 *fill*         0x01005d5e        0x2 
 .text.EDMA_ClearDoneStatusFlag
                0x01005d60        0x6 ./SDK/platform/drivers/src/edma/edma_hw_access.o
                0x01005d60                EDMA_ClearDoneStatusFlag
 *fill*         0x01005d66        0x2 
 .text.EDMA_ClearIntStatusFlag
                0x01005d68        0x6 ./SDK/platform/drivers/src/edma/edma_hw_access.o
                0x01005d68                EDMA_ClearIntStatusFlag
 *fill*         0x01005d6e        0x2 
 .text.EDMA_SetMinorLoopMappingCmd
                0x01005d70       0x14 ./SDK/platform/drivers/src/edma/edma_hw_access.o
                0x01005d70                EDMA_SetMinorLoopMappingCmd
 .text.EDMA_TCDClearReg
                0x01005d84       0x34 ./SDK/platform/drivers/src/edma/edma_hw_access.o
                0x01005d84                EDMA_TCDClearReg
 .text.EDMA_TCDSetSrcAddr
                0x01005db8        0xc ./SDK/platform/drivers/src/edma/edma_hw_access.o
                0x01005db8                EDMA_TCDSetSrcAddr
 .text.EDMA_TCDSetSrcOffset
                0x01005dc4        0xe ./SDK/platform/drivers/src/edma/edma_hw_access.o
                0x01005dc4                EDMA_TCDSetSrcOffset
 *fill*         0x01005dd2        0x2 
 .text.EDMA_TCDSetAttribute
                0x01005dd4       0x24 ./SDK/platform/drivers/src/edma/edma_hw_access.o
                0x01005dd4                EDMA_TCDSetAttribute
 .text.EDMA_TCDSetNbytes
                0x01005df8       0x42 ./SDK/platform/drivers/src/edma/edma_hw_access.o
                0x01005df8                EDMA_TCDSetNbytes
 *fill*         0x01005e3a        0x2 
 .text.EDMA_TCDSetDestAddr
                0x01005e3c        0xa ./SDK/platform/drivers/src/edma/edma_hw_access.o
                0x01005e3c                EDMA_TCDSetDestAddr
 *fill*         0x01005e46        0x2 
 .text.EDMA_TCDSetDestOffset
                0x01005e48        0xc ./SDK/platform/drivers/src/edma/edma_hw_access.o
                0x01005e48                EDMA_TCDSetDestOffset
 .text.EDMA_TCDSetDisableDmaRequestAfterTCDDoneCmd
                0x01005e54       0x26 ./SDK/platform/drivers/src/edma/edma_hw_access.o
                0x01005e54                EDMA_TCDSetDisableDmaRequestAfterTCDDoneCmd
 *fill*         0x01005e7a        0x2 
 .text.EDMA_TCDSetMajorCompleteIntCmd
                0x01005e7c       0x26 ./SDK/platform/drivers/src/edma/edma_hw_access.o
                0x01005e7c                EDMA_TCDSetMajorCompleteIntCmd
 *fill*         0x01005ea2        0x2 
 .text.EDMA_TCDSetMajorCount
                0x01005ea4       0x5e ./SDK/platform/drivers/src/edma/edma_hw_access.o
                0x01005ea4                EDMA_TCDSetMajorCount
 *fill*         0x01005f02        0x2 
 .text.DMA0_Ch0_IRQHandler
                0x01005f04       0x16 ./SDK/platform/drivers/src/edma/edma_irq.o
                0x01005f04                DMA0_Ch0_IRQHandler
 *fill*         0x01005f1a        0x2 
 .text.DMA0_Ch1_IRQHandler
                0x01005f1c       0x16 ./SDK/platform/drivers/src/edma/edma_irq.o
                0x01005f1c                DMA0_Ch1_IRQHandler
 *fill*         0x01005f32        0x2 
 .text.DMA0_Ch2_IRQHandler
                0x01005f34       0x16 ./SDK/platform/drivers/src/edma/edma_irq.o
                0x01005f34                DMA0_Ch2_IRQHandler
 *fill*         0x01005f4a        0x2 
 .text.DMA0_Ch3_IRQHandler
                0x01005f4c       0x16 ./SDK/platform/drivers/src/edma/edma_irq.o
                0x01005f4c                DMA0_Ch3_IRQHandler
 *fill*         0x01005f62        0x2 
 .text.DMA0_Ch4_IRQHandler
                0x01005f64       0x16 ./SDK/platform/drivers/src/edma/edma_irq.o
                0x01005f64                DMA0_Ch4_IRQHandler
 *fill*         0x01005f7a        0x2 
 .text.DMA0_Ch5_IRQHandler
                0x01005f7c       0x16 ./SDK/platform/drivers/src/edma/edma_irq.o
                0x01005f7c                DMA0_Ch5_IRQHandler
 *fill*         0x01005f92        0x2 
 .text.DMA0_Ch6_IRQHandler
                0x01005f94       0x16 ./SDK/platform/drivers/src/edma/edma_irq.o
                0x01005f94                DMA0_Ch6_IRQHandler
 *fill*         0x01005faa        0x2 
 .text.DMA0_Ch7_IRQHandler
                0x01005fac       0x16 ./SDK/platform/drivers/src/edma/edma_irq.o
                0x01005fac                DMA0_Ch7_IRQHandler
 *fill*         0x01005fc2        0x2 
 .text.DMA0_Ch8_IRQHandler
                0x01005fc4       0x16 ./SDK/platform/drivers/src/edma/edma_irq.o
                0x01005fc4                DMA0_Ch8_IRQHandler
 *fill*         0x01005fda        0x2 
 .text.DMA0_Ch9_IRQHandler
                0x01005fdc       0x16 ./SDK/platform/drivers/src/edma/edma_irq.o
                0x01005fdc                DMA0_Ch9_IRQHandler
 *fill*         0x01005ff2        0x2 
 .text.DMA0_Ch10_IRQHandler
                0x01005ff4       0x16 ./SDK/platform/drivers/src/edma/edma_irq.o
                0x01005ff4                DMA0_Ch10_IRQHandler
 *fill*         0x0100600a        0x2 
 .text.DMA0_Ch11_IRQHandler
                0x0100600c       0x16 ./SDK/platform/drivers/src/edma/edma_irq.o
                0x0100600c                DMA0_Ch11_IRQHandler
 *fill*         0x01006022        0x2 
 .text.DMA0_Ch12_IRQHandler
                0x01006024       0x16 ./SDK/platform/drivers/src/edma/edma_irq.o
                0x01006024                DMA0_Ch12_IRQHandler
 *fill*         0x0100603a        0x2 
 .text.DMA0_Ch13_IRQHandler
                0x0100603c       0x16 ./SDK/platform/drivers/src/edma/edma_irq.o
                0x0100603c                DMA0_Ch13_IRQHandler
 *fill*         0x01006052        0x2 
 .text.DMA0_Ch14_IRQHandler
                0x01006054       0x16 ./SDK/platform/drivers/src/edma/edma_irq.o
                0x01006054                DMA0_Ch14_IRQHandler
 *fill*         0x0100606a        0x2 
 .text.DMA0_Ch15_IRQHandler
                0x0100606c       0x16 ./SDK/platform/drivers/src/edma/edma_irq.o
                0x0100606c                DMA0_Ch15_IRQHandler
 *fill*         0x01006082        0x2 
 .text.DMA0_Ch16_IRQHandler
                0x01006084       0x16 ./SDK/platform/drivers/src/edma/edma_irq.o
                0x01006084                DMA0_Ch16_IRQHandler
 *fill*         0x0100609a        0x2 
 .text.DMA0_Ch17_IRQHandler
                0x0100609c       0x16 ./SDK/platform/drivers/src/edma/edma_irq.o
                0x0100609c                DMA0_Ch17_IRQHandler
 *fill*         0x010060b2        0x2 
 .text.DMA0_Ch18_IRQHandler
                0x010060b4       0x16 ./SDK/platform/drivers/src/edma/edma_irq.o
                0x010060b4                DMA0_Ch18_IRQHandler
 *fill*         0x010060ca        0x2 
 .text.DMA0_Ch19_IRQHandler
                0x010060cc       0x16 ./SDK/platform/drivers/src/edma/edma_irq.o
                0x010060cc                DMA0_Ch19_IRQHandler
 *fill*         0x010060e2        0x2 
 .text.DMA0_Ch20_IRQHandler
                0x010060e4       0x16 ./SDK/platform/drivers/src/edma/edma_irq.o
                0x010060e4                DMA0_Ch20_IRQHandler
 *fill*         0x010060fa        0x2 
 .text.DMA0_Ch21_IRQHandler
                0x010060fc       0x16 ./SDK/platform/drivers/src/edma/edma_irq.o
                0x010060fc                DMA0_Ch21_IRQHandler
 *fill*         0x01006112        0x2 
 .text.DMA0_Ch22_IRQHandler
                0x01006114       0x16 ./SDK/platform/drivers/src/edma/edma_irq.o
                0x01006114                DMA0_Ch22_IRQHandler
 *fill*         0x0100612a        0x2 
 .text.DMA0_Ch23_IRQHandler
                0x0100612c       0x16 ./SDK/platform/drivers/src/edma/edma_irq.o
                0x0100612c                DMA0_Ch23_IRQHandler
 *fill*         0x01006142        0x2 
 .text.DMA0_Ch24_IRQHandler
                0x01006144       0x16 ./SDK/platform/drivers/src/edma/edma_irq.o
                0x01006144                DMA0_Ch24_IRQHandler
 *fill*         0x0100615a        0x2 
 .text.DMA0_Ch25_IRQHandler
                0x0100615c       0x16 ./SDK/platform/drivers/src/edma/edma_irq.o
                0x0100615c                DMA0_Ch25_IRQHandler
 *fill*         0x01006172        0x2 
 .text.DMA0_Ch26_IRQHandler
                0x01006174       0x16 ./SDK/platform/drivers/src/edma/edma_irq.o
                0x01006174                DMA0_Ch26_IRQHandler
 *fill*         0x0100618a        0x2 
 .text.DMA0_Ch27_IRQHandler
                0x0100618c       0x16 ./SDK/platform/drivers/src/edma/edma_irq.o
                0x0100618c                DMA0_Ch27_IRQHandler
 *fill*         0x010061a2        0x2 
 .text.DMA0_Ch28_IRQHandler
                0x010061a4       0x16 ./SDK/platform/drivers/src/edma/edma_irq.o
                0x010061a4                DMA0_Ch28_IRQHandler
 *fill*         0x010061ba        0x2 
 .text.DMA0_Ch29_IRQHandler
                0x010061bc       0x16 ./SDK/platform/drivers/src/edma/edma_irq.o
                0x010061bc                DMA0_Ch29_IRQHandler
 *fill*         0x010061d2        0x2 
 .text.DMA0_Ch30_IRQHandler
                0x010061d4       0x16 ./SDK/platform/drivers/src/edma/edma_irq.o
                0x010061d4                DMA0_Ch30_IRQHandler
 *fill*         0x010061ea        0x2 
 .text.DMA0_Ch31_IRQHandler
                0x010061ec       0x16 ./SDK/platform/drivers/src/edma/edma_irq.o
                0x010061ec                DMA0_Ch31_IRQHandler
 *fill*         0x01006202        0x2 
 .text.DMA0_Ch0_Ch31_Error_IRQHandler
                0x01006204       0x42 ./SDK/platform/drivers/src/edma/edma_irq.o
                0x01006204                DMA0_Ch0_Ch31_Error_IRQHandler
 *fill*         0x01006246        0x2 
 .text.ETIMER_DRV_Init
                0x01006248       0x72 ./SDK/platform/drivers/src/etimer/etimer_driver.o
                0x01006248                ETIMER_DRV_Init
 *fill*         0x010062ba        0x2 
 .text.ETIMER_DRV_InitChannel
                0x010062bc      0x268 ./SDK/platform/drivers/src/etimer/etimer_driver.o
                0x010062bc                ETIMER_DRV_InitChannel
 .text.ETIMER_DRV_StartTimerChannels
                0x01006524       0x1a ./SDK/platform/drivers/src/etimer/etimer_driver.o
                0x01006524                ETIMER_DRV_StartTimerChannels
 *fill*         0x0100653e        0x2 
 .text.ETIMER_DRV_EnableInterruptSource
                0x01006540       0x1c ./SDK/platform/drivers/src/etimer/etimer_driver.o
                0x01006540                ETIMER_DRV_EnableInterruptSource
 .text.ETIMER_DRV_ClearInterruptStatus
                0x0100655c       0x16 ./SDK/platform/drivers/src/etimer/etimer_driver.o
                0x0100655c                ETIMER_DRV_ClearInterruptStatus
 *fill*         0x01006572        0x2 
 .text.ETIMER_DRV_GetInterruptNumber
                0x01006574       0x16 ./SDK/platform/drivers/src/etimer/etimer_driver.o
                0x01006574                ETIMER_DRV_GetInterruptNumber
 *fill*         0x0100658a        0x2 
 .text.FCCU_DRV_ClearFaults
                0x0100658c       0xbe ./SDK/platform/drivers/src/fccu/fccu_driver.o
                0x0100658c                FCCU_DRV_ClearFaults
 *fill*         0x0100664a        0x2 
 .text.FCCU_DRV_RunOperation
                0x0100664c       0xfa ./SDK/platform/drivers/src/fccu/fccu_driver.o
                0x0100664c                FCCU_DRV_RunOperation
 *fill*         0x01006746        0x2 
 .text.FCCU_DRV_ReadFaults
                0x01006748       0x34 ./SDK/platform/drivers/src/fccu/fccu_driver.o
                0x01006748                FCCU_DRV_ReadFaults
 .text.FCCU_DRV_GetConfigState
                0x0100677c       0x40 ./SDK/platform/drivers/src/fccu/fccu_driver.o
                0x0100677c                FCCU_DRV_GetConfigState
 .text.FCCU_DRV_SetConfigState
                0x010067bc      0x14e ./SDK/platform/drivers/src/fccu/fccu_driver.o
                0x010067bc                FCCU_DRV_SetConfigState
 *fill*         0x0100690a        0x2 
 .text.FCCU_DRV_SetNormalState
                0x0100690c       0xc6 ./SDK/platform/drivers/src/fccu/fccu_driver.o
                0x0100690c                FCCU_DRV_SetNormalState
 *fill*         0x010069d2        0x2 
 .text.FCCU_DRV_LockConfig
                0x010069d4       0x58 ./SDK/platform/drivers/src/fccu/fccu_driver.o
                0x010069d4                FCCU_DRV_LockConfig
 .text.FCCU_DRV_IrqStatusSetEvent
                0x01006a2c       0x50 ./SDK/platform/drivers/src/fccu/fccu_driver.o
                0x01006a2c                FCCU_DRV_IrqStatusSetEvent
 .text.FCCU_DRV_IrqAlarmCallback
                0x01006a7c      0x11a ./SDK/platform/drivers/src/fccu/fccu_driver.o
                0x01006a7c                FCCU_DRV_IrqAlarmCallback
 *fill*         0x01006b96        0x2 
 .text.FCCU_DRV_IrqHandler
                0x01006b98       0xa2 ./SDK/platform/drivers/src/fccu/fccu_driver.o
                0x01006b98                FCCU_DRV_IrqHandler
 *fill*         0x01006c3a        0x2 
 .text.FCCU_DRV_SetNcfConfig
                0x01006c3c       0xa2 ./SDK/platform/drivers/src/fccu/fccu_driver.o
                0x01006c3c                FCCU_DRV_SetNcfConfig
 *fill*         0x01006cde        0x2 
 .text.FCCU_DRV_EoutSet
                0x01006ce0      0x142 ./SDK/platform/drivers/src/fccu/fccu_driver.o
                0x01006ce0                FCCU_DRV_EoutSet
 *fill*         0x01006e22        0x2 
 .text.FCCU_DRV_Init
                0x01006e24      0x1e2 ./SDK/platform/drivers/src/fccu/fccu_driver.o
                0x01006e24                FCCU_DRV_Init
 *fill*         0x01007006        0x2 
 .text.FCCU_SetNCFConfig
                0x01007008       0x1c ./SDK/platform/drivers/src/fccu/fccu_hw_access.o
                0x01007008                FCCU_SetNCFConfig
 .text.FCCU_SetNCFStatusConfig
                0x01007024       0x20 ./SDK/platform/drivers/src/fccu/fccu_hw_access.o
                0x01007024                FCCU_SetNCFStatusConfig
 .text.FCCU_ClearNCFsStatus
                0x01007044       0x16 ./SDK/platform/drivers/src/fccu/fccu_hw_access.o
                0x01007044                FCCU_ClearNCFsStatus
 *fill*         0x0100705a        0x2 
 .text.FCCU_SetNCFEnable
                0x0100705c       0x20 ./SDK/platform/drivers/src/fccu/fccu_hw_access.o
                0x0100705c                FCCU_SetNCFEnable
 .text.FCCU_SetNCFTimeoutEnable
                0x0100707c       0x20 ./SDK/platform/drivers/src/fccu/fccu_hw_access.o
                0x0100707c                FCCU_SetNCFTimeoutEnable
 .text.FCCU_GetIntStatus
                0x0100709c       0x1c ./SDK/platform/drivers/src/fccu/fccu_hw_access.o
                0x0100709c                FCCU_GetIntStatus
 .text.FCCU_ClearIntFlag
                0x010070b8       0x20 ./SDK/platform/drivers/src/fccu/fccu_hw_access.o
                0x010070b8                FCCU_ClearIntFlag
 .text.FCCU_SetIntEnable
                0x010070d8       0x28 ./SDK/platform/drivers/src/fccu/fccu_hw_access.o
                0x010070d8                FCCU_SetIntEnable
 .text.FCCU_SetIntSource
                0x01007100       0x6c ./SDK/platform/drivers/src/fccu/fccu_hw_access.o
                0x01007100                FCCU_SetIntSource
 .text.FCCU0_IRQ_Handler
                0x0100716c       0x16 ./SDK/platform/drivers/src/fccu/fccu_irq.o
                0x0100716c                FCCU0_IRQ_Handler
 *fill*         0x01007182        0x2 
 .text.FLEXCAN_StartSendData
                0x01007184       0xc4 ./SDK/platform/drivers/src/flexcan/flexcan_driver.o
 .text.FLEXCAN_StartRxMessageBufferData
                0x01007248       0x9c ./SDK/platform/drivers/src/flexcan/flexcan_driver.o
 .text.FLEXCAN_CompleteTransfer
                0x010072e4       0x56 ./SDK/platform/drivers/src/flexcan/flexcan_driver.o
 *fill*         0x0100733a        0x2 
 .text.FLEXCAN_DRV_SetRxFifoGlobalMask
                0x0100733c       0xb6 ./SDK/platform/drivers/src/flexcan/flexcan_driver.o
                0x0100733c                FLEXCAN_DRV_SetRxFifoGlobalMask
 *fill*         0x010073f2        0x2 
 .text.FLEXCAN_DRV_SetRxIndividualMask
                0x010073f4      0x162 ./SDK/platform/drivers/src/flexcan/flexcan_driver.o
                0x010073f4                FLEXCAN_DRV_SetRxIndividualMask
 *fill*         0x01007556        0x2 
 .text.FLEXCAN_DRV_Init
                0x01007558      0x1ac ./SDK/platform/drivers/src/flexcan/flexcan_driver.o
                0x01007558                FLEXCAN_DRV_Init
 .text.FLEXCAN_DRV_ConfigTxMb
                0x01007704       0x38 ./SDK/platform/drivers/src/flexcan/flexcan_driver.o
                0x01007704                FLEXCAN_DRV_ConfigTxMb
 .text.FLEXCAN_DRV_Send
                0x0100773c       0x42 ./SDK/platform/drivers/src/flexcan/flexcan_driver.o
                0x0100773c                FLEXCAN_DRV_Send
 *fill*         0x0100777e        0x2 
 .text.FLEXCAN_DRV_ConfigRxMb
                0x01007780       0x96 ./SDK/platform/drivers/src/flexcan/flexcan_driver.o
                0x01007780                FLEXCAN_DRV_ConfigRxMb
 *fill*         0x01007816        0x2 
 .text.FLEXCAN_DRV_Receive
                0x01007818       0x16 ./SDK/platform/drivers/src/flexcan/flexcan_driver.o
                0x01007818                FLEXCAN_DRV_Receive
 *fill*         0x0100782e        0x2 
 .text.FLEXCAN_IRQHandler
                0x01007830      0x2ea ./SDK/platform/drivers/src/flexcan/flexcan_driver.o
                0x01007830                FLEXCAN_IRQHandler
 *fill*         0x01007b1a        0x2 
 .text.FLEXCAN_Error_IRQHandler
                0x01007b1c       0x46 ./SDK/platform/drivers/src/flexcan/flexcan_driver.o
                0x01007b1c                FLEXCAN_Error_IRQHandler
 *fill*         0x01007b62        0x2 
 .text.FLEXCAN_DRV_GetTransferStatus
                0x01007b64       0x20 ./SDK/platform/drivers/src/flexcan/flexcan_driver.o
                0x01007b64                FLEXCAN_DRV_GetTransferStatus
 .text.FLEXCAN_DRV_InstallEventCallback
                0x01007b84       0x18 ./SDK/platform/drivers/src/flexcan/flexcan_driver.o
                0x01007b84                FLEXCAN_DRV_InstallEventCallback
 .text.FLEXCAN_GetRxFifoMask
                0x01007b9c       0x74 ./SDK/platform/drivers/src/flexcan/flexcan_hw_access.o
                0x01007b9c                FLEXCAN_GetRxFifoMask
 .text.FLEXCAN_GetMaxMbNum
                0x01007c10       0x30 ./SDK/platform/drivers/src/flexcan/flexcan_hw_access.o
                0x01007c10                FLEXCAN_GetMaxMbNum
 .text.FLEXCAN_GetMsgBuffRegion
                0x01007c40        0xa ./SDK/platform/drivers/src/flexcan/flexcan_hw_access.o
                0x01007c40                FLEXCAN_GetMsgBuffRegion
 *fill*         0x01007c4a        0x2 
 .text.FLEXCAN_Enable
                0x01007c4c       0x24 ./SDK/platform/drivers/src/flexcan/flexcan_hw_access.o
                0x01007c4c                FLEXCAN_Enable
 .text.FLEXCAN_Disable
                0x01007c70       0x18 ./SDK/platform/drivers/src/flexcan/flexcan_hw_access.o
                0x01007c70                FLEXCAN_Disable
 .text.FLEXCAN_Init
                0x01007c88       0xa4 ./SDK/platform/drivers/src/flexcan/flexcan_hw_access.o
                0x01007c88                FLEXCAN_Init
 .text.FLEXCAN_SetTxMsgBuff
                0x01007d2c      0x196 ./SDK/platform/drivers/src/flexcan/flexcan_hw_access.o
                0x01007d2c                FLEXCAN_SetTxMsgBuff
 *fill*         0x01007ec2        0x2 
 .text.FLEXCAN_SetRxMsgBuff
                0x01007ec4       0xe4 ./SDK/platform/drivers/src/flexcan/flexcan_hw_access.o
                0x01007ec4                FLEXCAN_SetRxMsgBuff
 .text.FLEXCAN_GetMsgBuff
                0x01007fa8       0x9a ./SDK/platform/drivers/src/flexcan/flexcan_hw_access.o
                0x01007fa8                FLEXCAN_GetMsgBuff
 *fill*         0x01008042        0x2 
 .text.FLEXCAN_LockRxMsgBuff
                0x01008044       0x16 ./SDK/platform/drivers/src/flexcan/flexcan_hw_access.o
                0x01008044                FLEXCAN_LockRxMsgBuff
 *fill*         0x0100805a        0x2 
 .text.FLEXCAN_EnableRxFifo
                0x0100805c       0x5e ./SDK/platform/drivers/src/flexcan/flexcan_hw_access.o
                0x0100805c                FLEXCAN_EnableRxFifo
 *fill*         0x010080ba        0x2 
 .text.FLEXCAN_SetMaxMsgBuffNum
                0x010080bc       0x8e ./SDK/platform/drivers/src/flexcan/flexcan_hw_access.o
                0x010080bc                FLEXCAN_SetMaxMsgBuffNum
 *fill*         0x0100814a        0x2 
 .text.FLEXCAN_SetMsgBuffIntCmd
                0x0100814c       0x80 ./SDK/platform/drivers/src/flexcan/flexcan_hw_access.o
                0x0100814c                FLEXCAN_SetMsgBuffIntCmd
 .text.FLEXCAN_ExitFreezeMode
                0x010081cc       0x16 ./SDK/platform/drivers/src/flexcan/flexcan_hw_access.o
                0x010081cc                FLEXCAN_ExitFreezeMode
 *fill*         0x010081e2        0x2 
 .text.FLEXCAN_EnterFreezeMode
                0x010081e4       0x70 ./SDK/platform/drivers/src/flexcan/flexcan_hw_access.o
                0x010081e4                FLEXCAN_EnterFreezeMode
 .text.FLEXCAN_ClearErrIntStatusFlag
                0x01008254       0x1e ./SDK/platform/drivers/src/flexcan/flexcan_hw_access.o
                0x01008254                FLEXCAN_ClearErrIntStatusFlag
 *fill*         0x01008272        0x2 
 .text.FLEXCAN_ReadRxFifo
                0x01008274       0x60 ./SDK/platform/drivers/src/flexcan/flexcan_hw_access.o
                0x01008274                FLEXCAN_ReadRxFifo
 .text.FLEXCAN_SetOperationMode
                0x010082d4       0x70 ./SDK/platform/drivers/src/flexcan/flexcan_hw_access.o
                0x010082d4                FLEXCAN_SetOperationMode
 .text.CAN0_ORed_IRQHandler
                0x01008344       0x16 ./SDK/platform/drivers/src/flexcan/flexcan_irq.o
                0x01008344                CAN0_ORed_IRQHandler
 *fill*         0x0100835a        0x2 
 .text.CAN0_Error_IRQHandler
                0x0100835c       0x16 ./SDK/platform/drivers/src/flexcan/flexcan_irq.o
                0x0100835c                CAN0_Error_IRQHandler
 *fill*         0x01008372        0x2 
 .text.CAN0_ORed_00_03_MB_IRQHandler
                0x01008374       0x16 ./SDK/platform/drivers/src/flexcan/flexcan_irq.o
                0x01008374                CAN0_ORed_00_03_MB_IRQHandler
 *fill*         0x0100838a        0x2 
 .text.CAN0_ORed_04_07_MB_IRQHandler
                0x0100838c       0x16 ./SDK/platform/drivers/src/flexcan/flexcan_irq.o
                0x0100838c                CAN0_ORed_04_07_MB_IRQHandler
 *fill*         0x010083a2        0x2 
 .text.CAN0_ORed_08_11_MB_IRQHandler
                0x010083a4       0x16 ./SDK/platform/drivers/src/flexcan/flexcan_irq.o
                0x010083a4                CAN0_ORed_08_11_MB_IRQHandler
 *fill*         0x010083ba        0x2 
 .text.CAN0_ORed_12_15_MB_IRQHandler
                0x010083bc       0x16 ./SDK/platform/drivers/src/flexcan/flexcan_irq.o
                0x010083bc                CAN0_ORed_12_15_MB_IRQHandler
 *fill*         0x010083d2        0x2 
 .text.CAN0_ORed_16_31_MB_IRQHandler
                0x010083d4       0x16 ./SDK/platform/drivers/src/flexcan/flexcan_irq.o
                0x010083d4                CAN0_ORed_16_31_MB_IRQHandler
 *fill*         0x010083ea        0x2 
 .text.CAN0_ORed_32_39_MB_IRQHandler
                0x010083ec       0x16 ./SDK/platform/drivers/src/flexcan/flexcan_irq.o
                0x010083ec                CAN0_ORed_32_39_MB_IRQHandler
 *fill*         0x01008402        0x2 
 .text.CAN0_ORed_40_47_MB_IRQHandler
                0x01008404       0x16 ./SDK/platform/drivers/src/flexcan/flexcan_irq.o
                0x01008404                CAN0_ORed_40_47_MB_IRQHandler
 *fill*         0x0100841a        0x2 
 .text.CAN0_ORed_48_55_MB_IRQHandler
                0x0100841c       0x16 ./SDK/platform/drivers/src/flexcan/flexcan_irq.o
                0x0100841c                CAN0_ORed_48_55_MB_IRQHandler
 *fill*         0x01008432        0x2 
 .text.CAN0_ORed_56_63_MB_IRQHandler
                0x01008434       0x16 ./SDK/platform/drivers/src/flexcan/flexcan_irq.o
                0x01008434                CAN0_ORed_56_63_MB_IRQHandler
 *fill*         0x0100844a        0x2 
 .text.CAN1_ORed_IRQHandler
                0x0100844c       0x16 ./SDK/platform/drivers/src/flexcan/flexcan_irq.o
                0x0100844c                CAN1_ORed_IRQHandler
 *fill*         0x01008462        0x2 
 .text.CAN1_Error_IRQHandler
                0x01008464       0x16 ./SDK/platform/drivers/src/flexcan/flexcan_irq.o
                0x01008464                CAN1_Error_IRQHandler
 *fill*         0x0100847a        0x2 
 .text.CAN1_ORed_00_03_MB_IRQHandler
                0x0100847c       0x16 ./SDK/platform/drivers/src/flexcan/flexcan_irq.o
                0x0100847c                CAN1_ORed_00_03_MB_IRQHandler
 *fill*         0x01008492        0x2 
 .text.CAN1_ORed_04_07_MB_IRQHandler
                0x01008494       0x16 ./SDK/platform/drivers/src/flexcan/flexcan_irq.o
                0x01008494                CAN1_ORed_04_07_MB_IRQHandler
 *fill*         0x010084aa        0x2 
 .text.CAN1_ORed_08_11_MB_IRQHandler
                0x010084ac       0x16 ./SDK/platform/drivers/src/flexcan/flexcan_irq.o
                0x010084ac                CAN1_ORed_08_11_MB_IRQHandler
 *fill*         0x010084c2        0x2 
 .text.CAN1_ORed_12_15_MB_IRQHandler
                0x010084c4       0x16 ./SDK/platform/drivers/src/flexcan/flexcan_irq.o
                0x010084c4                CAN1_ORed_12_15_MB_IRQHandler
 *fill*         0x010084da        0x2 
 .text.CAN1_ORed_16_31_MB_IRQHandler
                0x010084dc       0x16 ./SDK/platform/drivers/src/flexcan/flexcan_irq.o
                0x010084dc                CAN1_ORed_16_31_MB_IRQHandler
 *fill*         0x010084f2        0x2 
 .text.CAN1_ORed_32_39_MB_IRQHandler
                0x010084f4       0x16 ./SDK/platform/drivers/src/flexcan/flexcan_irq.o
                0x010084f4                CAN1_ORed_32_39_MB_IRQHandler
 *fill*         0x0100850a        0x2 
 .text.CAN1_ORed_40_47_MB_IRQHandler
                0x0100850c       0x16 ./SDK/platform/drivers/src/flexcan/flexcan_irq.o
                0x0100850c                CAN1_ORed_40_47_MB_IRQHandler
 *fill*         0x01008522        0x2 
 .text.CAN1_ORed_48_55_MB_IRQHandler
                0x01008524       0x16 ./SDK/platform/drivers/src/flexcan/flexcan_irq.o
                0x01008524                CAN1_ORed_48_55_MB_IRQHandler
 *fill*         0x0100853a        0x2 
 .text.CAN1_ORed_56_63_MB_IRQHandler
                0x0100853c       0x16 ./SDK/platform/drivers/src/flexcan/flexcan_irq.o
                0x0100853c                CAN1_ORed_56_63_MB_IRQHandler
 *fill*         0x01008552        0x2 
 .text.CAN2_ORed_IRQHandler
                0x01008554       0x16 ./SDK/platform/drivers/src/flexcan/flexcan_irq.o
                0x01008554                CAN2_ORed_IRQHandler
 *fill*         0x0100856a        0x2 
 .text.CAN2_Error_IRQHandler
                0x0100856c       0x16 ./SDK/platform/drivers/src/flexcan/flexcan_irq.o
                0x0100856c                CAN2_Error_IRQHandler
 *fill*         0x01008582        0x2 
 .text.CAN2_ORed_00_03_MB_IRQHandler
                0x01008584       0x16 ./SDK/platform/drivers/src/flexcan/flexcan_irq.o
                0x01008584                CAN2_ORed_00_03_MB_IRQHandler
 *fill*         0x0100859a        0x2 
 .text.CAN2_ORed_04_07_MB_IRQHandler
                0x0100859c       0x16 ./SDK/platform/drivers/src/flexcan/flexcan_irq.o
                0x0100859c                CAN2_ORed_04_07_MB_IRQHandler
 *fill*         0x010085b2        0x2 
 .text.CAN2_ORed_08_11_MB_IRQHandler
                0x010085b4       0x16 ./SDK/platform/drivers/src/flexcan/flexcan_irq.o
                0x010085b4                CAN2_ORed_08_11_MB_IRQHandler
 *fill*         0x010085ca        0x2 
 .text.CAN2_ORed_12_15_MB_IRQHandler
                0x010085cc       0x16 ./SDK/platform/drivers/src/flexcan/flexcan_irq.o
                0x010085cc                CAN2_ORed_12_15_MB_IRQHandler
 *fill*         0x010085e2        0x2 
 .text.CAN2_ORed_16_31_MB_IRQHandler
                0x010085e4       0x16 ./SDK/platform/drivers/src/flexcan/flexcan_irq.o
                0x010085e4                CAN2_ORed_16_31_MB_IRQHandler
 *fill*         0x010085fa        0x2 
 .text.CAN2_ORed_32_39_MB_IRQHandler
                0x010085fc       0x16 ./SDK/platform/drivers/src/flexcan/flexcan_irq.o
                0x010085fc                CAN2_ORed_32_39_MB_IRQHandler
 *fill*         0x01008612        0x2 
 .text.CAN2_ORed_40_47_MB_IRQHandler
                0x01008614       0x16 ./SDK/platform/drivers/src/flexcan/flexcan_irq.o
                0x01008614                CAN2_ORed_40_47_MB_IRQHandler
 *fill*         0x0100862a        0x2 
 .text.CAN2_ORed_48_55_MB_IRQHandler
                0x0100862c       0x16 ./SDK/platform/drivers/src/flexcan/flexcan_irq.o
                0x0100862c                CAN2_ORed_48_55_MB_IRQHandler
 *fill*         0x01008642        0x2 
 .text.CAN2_ORed_56_63_MB_IRQHandler
                0x01008644       0x16 ./SDK/platform/drivers/src/flexcan/flexcan_irq.o
                0x01008644                CAN2_ORed_56_63_MB_IRQHandler
 *fill*         0x0100865a        0x2 
 .text.INT_SYS_InstallHandler
                0x0100865c       0x28 ./SDK/platform/drivers/src/interrupt/interrupt_manager_MPC57xx.o
                0x0100865c                INT_SYS_InstallHandler
 .text.INT_SYS_EnableIRQ
                0x01008684       0x34 ./SDK/platform/drivers/src/interrupt/interrupt_manager_MPC57xx.o
                0x01008684                INT_SYS_EnableIRQ
 .text.INT_SYS_EnableIRQGlobal
                0x010086b8       0x26 ./SDK/platform/drivers/src/interrupt/interrupt_manager_MPC57xx.o
                0x010086b8                INT_SYS_EnableIRQGlobal
 *fill*         0x010086de        0x2 
 .text.INT_SYS_DisableIRQGlobal
                0x010086e0       0x10 ./SDK/platform/drivers/src/interrupt/interrupt_manager_MPC57xx.o
                0x010086e0                INT_SYS_DisableIRQGlobal
 .text.LINFLEXD_UART_DRV_PutData
                0x010086f0       0x7c ./SDK/platform/drivers/src/linflexd/linflexd_uart_driver.o
 .text.LINFLEXD_UART_DRV_StartSendUsingInterrupts
                0x0100876c       0x5e ./SDK/platform/drivers/src/linflexd/linflexd_uart_driver.o
 *fill*         0x010087ca        0x2 
 .text.LINFLEXD_UART_DRV_StartSendUsingDma
                0x010087cc       0xb6 ./SDK/platform/drivers/src/linflexd/linflexd_uart_driver.o
 *fill*         0x01008882        0x2 
 .text.LINFLEXD_UART_DRV_CompleteSendUsingInterrupts
                0x01008884       0x56 ./SDK/platform/drivers/src/linflexd/linflexd_uart_driver.o
 *fill*         0x010088da        0x2 
 .text.LINFLEXD_UART_DRV_CompleteReceiveUsingInterrupts
                0x010088dc       0x60 ./SDK/platform/drivers/src/linflexd/linflexd_uart_driver.o
 .text.LINFLEXD_UART_DRV_CompleteSendUsingDma
                0x0100893c       0xca ./SDK/platform/drivers/src/linflexd/linflexd_uart_driver.o
 *fill*         0x01008a06        0x2 
 .text.LINFLEXD_UART_DRV_CompleteReceiveUsingDma
                0x01008a08       0xea ./SDK/platform/drivers/src/linflexd/linflexd_uart_driver.o
 *fill*         0x01008af2        0x2 
 .text.LINFLEXD_UART_DRV_SetBaudRate
                0x01008af4       0xf8 ./SDK/platform/drivers/src/linflexd/linflexd_uart_driver.o
                0x01008af4                LINFLEXD_UART_DRV_SetBaudRate
 .text.LINFLEXD_UART_DRV_InstallRxCallback
                0x01008bec       0x12 ./SDK/platform/drivers/src/linflexd/linflexd_uart_driver.o
                0x01008bec                LINFLEXD_UART_DRV_InstallRxCallback
 *fill*         0x01008bfe        0x2 
 .text.LINFLEXD_UART_DRV_InstallTxCallback
                0x01008c00       0x12 ./SDK/platform/drivers/src/linflexd/linflexd_uart_driver.o
                0x01008c00                LINFLEXD_UART_DRV_InstallTxCallback
 *fill*         0x01008c12        0x2 
 .text.LINFLEXD_UART_DRV_Init
                0x01008c14      0x1e0 ./SDK/platform/drivers/src/linflexd/linflexd_uart_driver.o
                0x01008c14                LINFLEXD_UART_DRV_Init
 .text.LINFLEXD_UART_DRV_SendDataBlocking
                0x01008df4       0x82 ./SDK/platform/drivers/src/linflexd/linflexd_uart_driver.o
                0x01008df4                LINFLEXD_UART_DRV_SendDataBlocking
 *fill*         0x01008e76        0x2 
 .text.LINFLEXD_UART_DRV_RxIRQHandler
                0x01008e78       0xd6 ./SDK/platform/drivers/src/linflexd/linflexd_uart_driver.o
                0x01008e78                LINFLEXD_UART_DRV_RxIRQHandler
 *fill*         0x01008f4e        0x2 
 .text.LINFLEXD_UART_DRV_TxIRQHandler
                0x01008f50       0x8a ./SDK/platform/drivers/src/linflexd/linflexd_uart_driver.o
                0x01008f50                LINFLEXD_UART_DRV_TxIRQHandler
 *fill*         0x01008fda        0x2 
 .text.LINFLEXD_UART_DRV_ErrIRQHandler
                0x01008fdc       0x86 ./SDK/platform/drivers/src/linflexd/linflexd_uart_driver.o
                0x01008fdc                LINFLEXD_UART_DRV_ErrIRQHandler
 *fill*         0x01009062        0x2 
 .text.LINFLEXD0_UART_RxIRQHandler
                0x01009064       0x16 ./SDK/platform/drivers/src/linflexd/linflexd_uart_irq.o
                0x01009064                LINFLEXD0_UART_RxIRQHandler
 *fill*         0x0100907a        0x2 
 .text.LINFLEXD1_UART_RxIRQHandler
                0x0100907c       0x16 ./SDK/platform/drivers/src/linflexd/linflexd_uart_irq.o
                0x0100907c                LINFLEXD1_UART_RxIRQHandler
 *fill*         0x01009092        0x2 
 .text.LINFLEXD0_UART_TxIRQHandler
                0x01009094       0x16 ./SDK/platform/drivers/src/linflexd/linflexd_uart_irq.o
                0x01009094                LINFLEXD0_UART_TxIRQHandler
 *fill*         0x010090aa        0x2 
 .text.LINFLEXD1_UART_TxIRQHandler
                0x010090ac       0x16 ./SDK/platform/drivers/src/linflexd/linflexd_uart_irq.o
                0x010090ac                LINFLEXD1_UART_TxIRQHandler
 *fill*         0x010090c2        0x2 
 .text.LINFLEXD0_UART_ErrIRQHandler
                0x010090c4       0x16 ./SDK/platform/drivers/src/linflexd/linflexd_uart_irq.o
                0x010090c4                LINFLEXD0_UART_ErrIRQHandler
 *fill*         0x010090da        0x2 
 .text.LINFLEXD1_UART_ErrIRQHandler
                0x010090dc       0x16 ./SDK/platform/drivers/src/linflexd/linflexd_uart_irq.o
                0x010090dc                LINFLEXD1_UART_ErrIRQHandler
 *fill*         0x010090f2        0x2 
 .text.PINS_DRV_Init
                0x010090f4       0x38 ./SDK/platform/drivers/src/pins/siul2/pins_siul2_driver.o
                0x010090f4                PINS_DRV_Init
 .text.PINS_DRV_TogglePins
                0x0100912c       0x4c ./SDK/platform/drivers/src/pins/siul2/pins_siul2_driver.o
                0x0100912c                PINS_DRV_TogglePins
 .text.PINS_Init
                0x01009178      0x170 ./SDK/platform/drivers/src/pins/siul2/siul2_hw_access.o
                0x01009178                PINS_Init
 .text.SWT_DRV_Init
                0x010092e8       0x48 ./SDK/platform/drivers/src/swt/swt_driver.o
                0x010092e8                SWT_DRV_Init
 .text.SWT_DRV_Service
                0x01009330       0x78 ./SDK/platform/drivers/src/swt/swt_driver.o
                0x01009330                SWT_DRV_Service
 .text.SWT_DRV_SetTimeoutValue
                0x010093a8       0x34 ./SDK/platform/drivers/src/swt/swt_driver.o
                0x010093a8                SWT_DRV_SetTimeoutValue
 .text.SWT_UnLock
                0x010093dc       0x2e ./SDK/platform/drivers/src/swt/swt_hw_access.o
                0x010093dc                SWT_UnLock
 *fill*         0x0100940a        0x2 
 .text.SWT_Config
                0x0100940c       0xdc ./SDK/platform/drivers/src/swt/swt_hw_access.o
                0x0100940c                SWT_Config
 .text.SWT_GetServiceMode
                0x010094e8       0x12 ./SDK/platform/drivers/src/swt/swt_hw_access.o
                0x010094e8                SWT_GetServiceMode
 *fill*         0x010094fa        0x2 
 .text.UART_Init
                0x010094fc      0x10c ./SDK/platform/pal/src/uart/uart_pal.o
                0x010094fc                UART_Init
 .text.UART_SendDataBlocking
                0x01009608       0x24 ./SDK/platform/pal/src/uart/uart_pal.o
                0x01009608                UART_SendDataBlocking
 .text.WDG_Init
                0x0100962c       0x78 ./SDK/platform/pal/src/wdg/wdg_pal.o
                0x0100962c                WDG_Init
 .text.WDG_Refresh
                0x010096a4       0x1e ./SDK/platform/pal/src/wdg/wdg_pal.o
                0x010096a4                WDG_Refresh
 *fill*         0x010096c2        0x2 
 .text.WDG_SetTimeout
                0x010096c4       0x22 ./SDK/platform/pal/src/wdg/wdg_pal.o
                0x010096c4                WDG_SetTimeout
 *fill*         0x010096e6        0x2 
 .text.OSIF_PIT_IRQHandler
                0x010096e8       0x22 ./SDK/rtos/osif/osif_baremetal.o
                0x010096e8                OSIF_PIT_IRQHandler
 *fill*         0x0100970a        0x2 
 .text.OSIF_TimeDelay
                0x0100970c       0xa6 ./SDK/rtos/osif/osif_baremetal.o
                0x0100970c                OSIF_TimeDelay
 *fill*         0x010097b2        0x2 
 .text.OSIF_GetMilliseconds
                0x010097b4        0x6 ./SDK/rtos/osif/osif_baremetal.o
                0x010097b4                OSIF_GetMilliseconds
 *fill*         0x010097ba        0x2 
 .text.OSIF_SemaWait
                0x010097bc       0xe4 ./SDK/rtos/osif/osif_baremetal.o
                0x010097bc                OSIF_SemaWait
 .text.OSIF_SemaPost
                0x010098a0       0x3a ./SDK/rtos/osif/osif_baremetal.o
                0x010098a0                OSIF_SemaPost
 *fill*         0x010098da        0x2 
 .text.OSIF_SemaCreate
                0x010098dc       0x28 ./SDK/rtos/osif/osif_baremetal.o
                0x010098dc                OSIF_SemaCreate
 .text.OSIF_SemaDestroy
                0x01009904        0x4 ./SDK/rtos/osif/osif_baremetal.o
                0x01009904                OSIF_SemaDestroy
 .text.CAN_ISR_Callback
                0x01009908       0x78 ./Sources/APP_bootloader_exchange_info/APP_Demo/APP_Demo.o
 .text.APP_Demo_Init
                0x01009980      0x112 ./Sources/APP_bootloader_exchange_info/APP_Demo/APP_Demo.o
                0x01009980                APP_Demo_Init
 *fill*         0x01009a92        0x2 
 .text.APP_Demo_MainFun
                0x01009a94       0xd4 ./Sources/APP_bootloader_exchange_info/APP_Demo/APP_Demo.o
                0x01009a94                APP_Demo_MainFun
 .text.Bootloader_DebugPrintInit
                0x01009b68       0x20 ./Sources/APP_bootloader_exchange_info/Debug/src/bootloader_debug.o
                0x01009b68                Bootloader_DebugPrintInit
 .text.BOOTLOADER_DEBUG_Init
                0x01009b88       0x18 ./Sources/APP_bootloader_exchange_info/Debug/src/bootloader_debug.o
                0x01009b88                BOOTLOADER_DEBUG_Init
 .text.Bootloader_DebugPrint
                0x01009ba0       0x7e ./Sources/APP_bootloader_exchange_info/Debug/src/bootloader_debug.o
                0x01009ba0                Bootloader_DebugPrint
 *fill*         0x01009c1e        0x2 
 .text.DEBUG_IO_Init
                0x01009c20        0x2 ./Sources/APP_bootloader_exchange_info/Debug/src/debug_IO.o
                0x01009c20                DEBUG_IO_Init
 *fill*         0x01009c22        0x2 
 .text.DEBUG_IO_ToggleDebugIO
                0x01009c24       0x1a ./Sources/APP_bootloader_exchange_info/Debug/src/debug_IO.o
                0x01009c24                DEBUG_IO_ToggleDebugIO
 *fill*         0x01009c3e        0x2 
 .text.FindFifo
                0x01009c40       0x46 ./Sources/APP_bootloader_exchange_info/FIFO/src/multi_cyc_fifo.o
 *fill*         0x01009c86        0x2 
 .text.ApplyFifo
                0x01009c88       0xea ./Sources/APP_bootloader_exchange_info/FIFO/src/multi_cyc_fifo.o
                0x01009c88                ApplyFifo
 *fill*         0x01009d72        0x2 
 .text.GetCanReadLen
                0x01009d74       0x84 ./Sources/APP_bootloader_exchange_info/FIFO/src/multi_cyc_fifo.o
                0x01009d74                GetCanReadLen
 .text.ReadDataFromFifo
                0x01009df8       0xe6 ./Sources/APP_bootloader_exchange_info/FIFO/src/multi_cyc_fifo.o
                0x01009df8                ReadDataFromFifo
 *fill*         0x01009ede        0x2 
 .text.GetCanWriteLen
                0x01009ee0       0x84 ./Sources/APP_bootloader_exchange_info/FIFO/src/multi_cyc_fifo.o
                0x01009ee0                GetCanWriteLen
 .text.WriteDataInFifo
                0x01009f64       0xd4 ./Sources/APP_bootloader_exchange_info/FIFO/src/multi_cyc_fifo.o
                0x01009f64                WriteDataInFifo
 .text.ClearFIFO
                0x0100a038       0x4a ./Sources/APP_bootloader_exchange_info/FIFO/src/multi_cyc_fifo.o
                0x0100a038                ClearFIFO
 *fill*         0x0100a082        0x2 
 .text.TIMER_HAL_Init
                0x0100a084       0x5a ./Sources/APP_bootloader_exchange_info/HAL/timer_hal/src/timer_hal.o
                0x0100a084                TIMER_HAL_Init
 *fill*         0x0100a0de        0x2 
 .text.TIMER_HAL_1msPeriod
                0x0100a0e0       0x26 ./Sources/APP_bootloader_exchange_info/HAL/timer_hal/src/timer_hal.o
                0x0100a0e0                TIMER_HAL_1msPeriod
 *fill*         0x0100a106        0x2 
 .text.ETIMER0_Ch3_IRQHandler
                0x0100a108       0x1e ./Sources/APP_bootloader_exchange_info/HAL/timer_hal/src/timer_hal.o
                0x0100a108                ETIMER0_Ch3_IRQHandler
 *fill*         0x0100a126        0x2 
 .text.TIMER_HAL_Is1msTickTimeout
                0x0100a128       0x16 ./Sources/APP_bootloader_exchange_info/HAL/timer_hal/src/timer_hal.o
                0x0100a128                TIMER_HAL_Is1msTickTimeout
 *fill*         0x0100a13e        0x2 
 .text.TIMER_HAL_Is100msTickTimeout
                0x0100a140       0x18 ./Sources/APP_bootloader_exchange_info/HAL/timer_hal/src/timer_hal.o
                0x0100a140                TIMER_HAL_Is100msTickTimeout
 .text.WATCHDOG_HAL_Init
                0x0100a158       0x46 ./Sources/APP_bootloader_exchange_info/HAL/watchdog_hal/src/watchdog_hal.o
                0x0100a158                WATCHDOG_HAL_Init
 *fill*         0x0100a19e        0x2 
 .text.WATCHDOG_HAL_Fed
                0x0100a1a0       0x18 ./Sources/APP_bootloader_exchange_info/HAL/watchdog_hal/src/watchdog_hal.o
                0x0100a1a0                WATCHDOG_HAL_Fed
 .text.WATCHDOG_HAL_SystemRest
                0x0100a1b8       0x1a ./Sources/APP_bootloader_exchange_info/HAL/watchdog_hal/src/watchdog_hal.o
                0x0100a1b8                WATCHDOG_HAL_SystemRest
 *fill*         0x0100a1d2        0x2 
 .text.CANTP_DoTransmitFCCallBack
                0x0100a1d4       0x40 ./Sources/APP_bootloader_exchange_info/UDS_stack/TP/src/CAN_TP/can_tp.o
 .text.CANTP_DoTransmitFFCallBack
                0x0100a214       0x50 ./Sources/APP_bootloader_exchange_info/UDS_stack/TP/src/CAN_TP/can_tp.o
 .text.CANTP_DoReceiveFC
                0x0100a264       0xce ./Sources/APP_bootloader_exchange_info/UDS_stack/TP/src/CAN_TP/can_tp.o
 *fill*         0x0100a332        0x2 
 .text.CANTP_TxMsgSuccessfulCallBack
                0x0100a334        0x8 ./Sources/APP_bootloader_exchange_info/UDS_stack/TP/src/CAN_TP/can_tp.o
 .text.CANTP_DoTransmitCFCallBack
                0x0100a33c       0xd0 ./Sources/APP_bootloader_exchange_info/UDS_stack/TP/src/CAN_TP/can_tp.o
 .text.CANTP_DoTransmitSFCallBack
                0x0100a40c       0x1c ./Sources/APP_bootloader_exchange_info/UDS_stack/TP/src/CAN_TP/can_tp.o
 .text.CANTP_DoReceiveFF
                0x0100a428       0xe4 ./Sources/APP_bootloader_exchange_info/UDS_stack/TP/src/CAN_TP/can_tp.o
 .text.CANTP_CopyAFrameDataInRxFifo
                0x0100a50c       0x92 ./Sources/APP_bootloader_exchange_info/UDS_stack/TP/src/CAN_TP/can_tp.o
 *fill*         0x0100a59e        0x2 
 .text.CANTP_DoReceiveCF
                0x0100a5a0      0x18e ./Sources/APP_bootloader_exchange_info/UDS_stack/TP/src/CAN_TP/can_tp.o
 *fill*         0x0100a72e        0x2 
 .text.CANTP_DoReceiveSF
                0x0100a730       0xdc ./Sources/APP_bootloader_exchange_info/UDS_stack/TP/src/CAN_TP/can_tp.o
 .text.CANTP_DoCanTpIdle
                0x0100a80c      0x11c ./Sources/APP_bootloader_exchange_info/UDS_stack/TP/src/CAN_TP/can_tp.o
 .text.CANTP_DoWaittingTxMsg
                0x0100a928       0x48 ./Sources/APP_bootloader_exchange_info/UDS_stack/TP/src/CAN_TP/can_tp.o
 .text.CANTP_DoTransmitFC
                0x0100a970       0xf0 ./Sources/APP_bootloader_exchange_info/UDS_stack/TP/src/CAN_TP/can_tp.o
 .text.CANTP_DoTransmitFF
                0x0100aa60       0xf6 ./Sources/APP_bootloader_exchange_info/UDS_stack/TP/src/CAN_TP/can_tp.o
 *fill*         0x0100ab56        0x2 
 .text.CANTP_DoTransmitCF
                0x0100ab58      0x174 ./Sources/APP_bootloader_exchange_info/UDS_stack/TP/src/CAN_TP/can_tp.o
 .text.CANTP_DoTransmitSF
                0x0100accc      0x100 ./Sources/APP_bootloader_exchange_info/UDS_stack/TP/src/CAN_TP/can_tp.o
 .text.CANTP_Init
                0x0100adcc       0x74 ./Sources/APP_bootloader_exchange_info/UDS_stack/TP/src/CAN_TP/can_tp.o
                0x0100adcc                CANTP_Init
 .text.CANTP_SytstemTickControl
                0x0100ae40       0x7c ./Sources/APP_bootloader_exchange_info/UDS_stack/TP/src/CAN_TP/can_tp.o
                0x0100ae40                CANTP_SytstemTickControl
 .text.CANTP_MainFun
                0x0100aebc      0x114 ./Sources/APP_bootloader_exchange_info/UDS_stack/TP/src/CAN_TP/can_tp.o
                0x0100aebc                CANTP_MainFun
 .text.CANTP_AbortTxMsg
                0x0100afd0       0x32 ./Sources/APP_bootloader_exchange_info/UDS_stack/TP/src/CAN_TP/can_tp_cfg.o
 *fill*         0x0100b002        0x2 
 .text.CANTP_TxMsg
                0x0100b004      0x102 ./Sources/APP_bootloader_exchange_info/UDS_stack/TP/src/CAN_TP/can_tp_cfg.o
 *fill*         0x0100b106        0x2 
 .text.CANTP_GetConfigTxMsgID
                0x0100b108        0x6 ./Sources/APP_bootloader_exchange_info/UDS_stack/TP/src/CAN_TP/can_tp_cfg.o
                0x0100b108                CANTP_GetConfigTxMsgID
 *fill*         0x0100b10e        0x2 
 .text.CANTP_GetConfigRxMsgFUNID
                0x0100b110        0x4 ./Sources/APP_bootloader_exchange_info/UDS_stack/TP/src/CAN_TP/can_tp_cfg.o
                0x0100b110                CANTP_GetConfigRxMsgFUNID
 .text.CANTP_IsReceivedMsgIDValid
                0x0100b114       0x1a ./Sources/APP_bootloader_exchange_info/UDS_stack/TP/src/CAN_TP/can_tp_cfg.o
                0x0100b114                CANTP_IsReceivedMsgIDValid
 *fill*         0x0100b12e        0x2 
 .text.CANTP_RxMsg
                0x0100b130       0xec ./Sources/APP_bootloader_exchange_info/UDS_stack/TP/src/CAN_TP/can_tp_cfg.o
 .text.CANTP_GetConfigRxMsgPHYID
                0x0100b21c        0x6 ./Sources/APP_bootloader_exchange_info/UDS_stack/TP/src/CAN_TP/can_tp_cfg.o
                0x0100b21c                CANTP_GetConfigRxMsgPHYID
 *fill*         0x0100b222        0x2 
 .text.CANTP_DriverWriteDataInCANTP
                0x0100b224       0x8a ./Sources/APP_bootloader_exchange_info/UDS_stack/TP/src/CAN_TP/can_tp_cfg.o
                0x0100b224                CANTP_DriverWriteDataInCANTP
 *fill*         0x0100b2ae        0x2 
 .text.CANTP_DriverReadDataFromCANTP
                0x0100b2b0       0xc6 ./Sources/APP_bootloader_exchange_info/UDS_stack/TP/src/CAN_TP/can_tp_cfg.o
                0x0100b2b0                CANTP_DriverReadDataFromCANTP
 *fill*         0x0100b376        0x2 
 .text.CANTP_DoTxMsgSuccessfulCallBack
                0x0100b378       0x24 ./Sources/APP_bootloader_exchange_info/UDS_stack/TP/src/CAN_TP/can_tp_cfg.o
                0x0100b378                CANTP_DoTxMsgSuccessfulCallBack
 .text.TP_Init  0x0100b39c       0x14 ./Sources/APP_bootloader_exchange_info/UDS_stack/TP/src/TP.o
                0x0100b39c                TP_Init
 .text.TP_MainFun
                0x0100b3b0       0x14 ./Sources/APP_bootloader_exchange_info/UDS_stack/TP/src/TP.o
                0x0100b3b0                TP_MainFun
 .text.TP_SystemTickCtl
                0x0100b3c4       0x14 ./Sources/APP_bootloader_exchange_info/UDS_stack/TP/src/TP.o
                0x0100b3c4                TP_SystemTickCtl
 .text.TP_ReadAFrameDataFromTP
                0x0100b3d8       0xb6 ./Sources/APP_bootloader_exchange_info/UDS_stack/TP/src/TP.o
                0x0100b3d8                TP_ReadAFrameDataFromTP
 *fill*         0x0100b48e        0x2 
 .text.TP_WriteAFrameDataInTP
                0x0100b490       0x9e ./Sources/APP_bootloader_exchange_info/UDS_stack/TP/src/TP.o
                0x0100b490                TP_WriteAFrameDataInTP
 *fill*         0x0100b52e        0x2 
 .text.TP_GetConfigTxMsgID
                0x0100b530       0x14 ./Sources/APP_bootloader_exchange_info/UDS_stack/TP/src/TP_Cfg.o
                0x0100b530                TP_GetConfigTxMsgID
 .text.TP_GetConfigRxMsgFUNID
                0x0100b544       0x14 ./Sources/APP_bootloader_exchange_info/UDS_stack/TP/src/TP_Cfg.o
                0x0100b544                TP_GetConfigRxMsgFUNID
 .text.TP_GetConfigRxMsgPHYID
                0x0100b558       0x14 ./Sources/APP_bootloader_exchange_info/UDS_stack/TP/src/TP_Cfg.o
                0x0100b558                TP_GetConfigRxMsgPHYID
 .text.TP_RegisterTransmittedAFrmaeMsgCallBack
                0x0100b56c        0x6 ./Sources/APP_bootloader_exchange_info/UDS_stack/TP/src/TP_Cfg.o
                0x0100b56c                TP_RegisterTransmittedAFrmaeMsgCallBack
 *fill*         0x0100b572        0x2 
 .text.TP_DoTransmittedAFrameMsgCallBack
                0x0100b574       0x24 ./Sources/APP_bootloader_exchange_info/UDS_stack/TP/src/TP_Cfg.o
                0x0100b574                TP_DoTransmittedAFrameMsgCallBack
 .text.TP_DriverWriteDataInTP
                0x0100b598       0x28 ./Sources/APP_bootloader_exchange_info/UDS_stack/TP/src/TP_Cfg.o
                0x0100b598                TP_DriverWriteDataInTP
 .text.TP_DriverReadDataFromTP
                0x0100b5c0       0x5a ./Sources/APP_bootloader_exchange_info/UDS_stack/TP/src/TP_Cfg.o
                0x0100b5c0                TP_DriverReadDataFromTP
 *fill*         0x0100b61a        0x2 
 .text.TP_DoTxMsgSuccesfulCallback
                0x0100b61c       0x14 ./Sources/APP_bootloader_exchange_info/UDS_stack/TP/src/TP_Cfg.o
                0x0100b61c                TP_DoTxMsgSuccesfulCallback
 .text.UDS_Init
                0x0100b630        0x2 ./Sources/APP_bootloader_exchange_info/UDS_stack/UDS/src/uds_app.o
                0x0100b630                UDS_Init
 *fill*         0x0100b632        0x2 
 .text.UDS_MainFun
                0x0100b634      0x180 ./Sources/APP_bootloader_exchange_info/UDS_stack/UDS/src/uds_app.o
                0x0100b634                UDS_MainFun
 .text.UDS_DoResetMCU
                0x0100b7b4       0x24 ./Sources/APP_bootloader_exchange_info/UDS_stack/UDS/src/uds_app_cfg.o
 .text.UDS_CommunicationControl
                0x0100b7d8       0x6a ./Sources/APP_bootloader_exchange_info/UDS_stack/UDS/src/uds_app_cfg.o
 *fill*         0x0100b842        0x2 
 .text.UDS_ControlDTCSetting
                0x0100b844       0x56 ./Sources/APP_bootloader_exchange_info/UDS_stack/UDS/src/uds_app_cfg.o
 *fill*         0x0100b89a        0x2 
 .text.UDS_TesterPresent
                0x0100b89c       0x4e ./Sources/APP_bootloader_exchange_info/UDS_stack/UDS/src/uds_app_cfg.o
 *fill*         0x0100b8ea        0x2 
 .text.UDS_TXConfrimMsgCallback
                0x0100b8ec       0x1c ./Sources/APP_bootloader_exchange_info/UDS_stack/UDS/src/uds_app_cfg.o
 .text.UDS_DigSession
                0x0100b908      0x116 ./Sources/APP_bootloader_exchange_info/UDS_stack/UDS/src/uds_app_cfg.o
 *fill*         0x0100ba1e        0x2 
 .text.UDS_RoutineControl
                0x0100ba20       0xc4 ./Sources/APP_bootloader_exchange_info/UDS_stack/UDS/src/uds_app_cfg.o
 .text.RequestMoreTimeCallback
                0x0100bae4       0x32 ./Sources/APP_bootloader_exchange_info/UDS_stack/UDS/src/uds_app_cfg.o
 *fill*         0x0100bb16        0x2 
 .text.UDS_RestartS3Server
                0x0100bb18        0xa ./Sources/APP_bootloader_exchange_info/UDS_stack/UDS/src/uds_app_cfg.o
                0x0100bb18                UDS_RestartS3Server
 *fill*         0x0100bb22        0x2 
 .text.UDS_SetCurrentSession
                0x0100bb24        0x6 ./Sources/APP_bootloader_exchange_info/UDS_stack/UDS/src/uds_app_cfg.o
                0x0100bb24                UDS_SetCurrentSession
 *fill*         0x0100bb2a        0x2 
 .text.UDS_GetUDSServiceInfo
                0x0100bb2c       0x18 ./Sources/APP_bootloader_exchange_info/UDS_stack/UDS/src/uds_app_cfg.o
                0x0100bb2c                UDS_GetUDSServiceInfo
 .text.UDS_SetIsRxUdsMsg
                0x0100bb44        0x2 ./Sources/APP_bootloader_exchange_info/UDS_stack/UDS/src/uds_app_cfg.o
                0x0100bb44                UDS_SetIsRxUdsMsg
 *fill*         0x0100bb46        0x2 
 .text.UDS_SetNegativeErroCode
                0x0100bb48       0x18 ./Sources/APP_bootloader_exchange_info/UDS_stack/UDS/src/uds_app_cfg.o
                0x0100bb48                UDS_SetNegativeErroCode
 .text.UDS_IsCurDefaultSession
                0x0100bb60       0x10 ./Sources/APP_bootloader_exchange_info/UDS_stack/UDS/src/uds_app_cfg.o
                0x0100bb60                UDS_IsCurDefaultSession
 .text.UDS_IsS3ServerTimeout
                0x0100bb70        0xc ./Sources/APP_bootloader_exchange_info/UDS_stack/UDS/src/uds_app_cfg.o
                0x0100bb70                UDS_IsS3ServerTimeout
 .text.UDS_IsCurSessionCanRequest
                0x0100bb7c       0x12 ./Sources/APP_bootloader_exchange_info/UDS_stack/UDS/src/uds_app_cfg.o
                0x0100bb7c                UDS_IsCurSessionCanRequest
 *fill*         0x0100bb8e        0x2 
 .text.UDS_SaveRequestIdType
                0x0100bb90       0x44 ./Sources/APP_bootloader_exchange_info/UDS_stack/UDS/src/uds_app_cfg.o
                0x0100bb90                UDS_SaveRequestIdType
 .text.UDS_IsCurRxIdCanRequest
                0x0100bbd4       0x12 ./Sources/APP_bootloader_exchange_info/UDS_stack/UDS/src/uds_app_cfg.o
                0x0100bbd4                UDS_IsCurRxIdCanRequest
 *fill*         0x0100bbe6        0x2 
 .text.UDS_SetSecurityLevel
                0x0100bbe8        0x6 ./Sources/APP_bootloader_exchange_info/UDS_stack/UDS/src/uds_app_cfg.o
                0x0100bbe8                UDS_SetSecurityLevel
 *fill*         0x0100bbee        0x2 
 .text.UDS_IsCurSecurityLevelRequest
                0x0100bbf0       0x12 ./Sources/APP_bootloader_exchange_info/UDS_stack/UDS/src/uds_app_cfg.o
                0x0100bbf0                UDS_IsCurSecurityLevelRequest
 *fill*         0x0100bc02        0x2 
 .text.UDS_TxMsgToHost
                0x0100bc04       0x54 ./Sources/APP_bootloader_exchange_info/UDS_stack/UDS/src/uds_app_cfg.o
                0x0100bc04                UDS_TxMsgToHost
 .text.UDS_SystemTickCtl
                0x0100bc58       0x26 ./Sources/APP_bootloader_exchange_info/UDS_stack/UDS/src/uds_app_cfg.o
                0x0100bc58                UDS_SystemTickCtl
 *fill*         0x0100bc7e        0x2 
 .text.fsl_memcpy
                0x0100bc80      0x14a ./Sources/APP_bootloader_exchange_info/auto_lib/src/autolibc.o
                0x0100bc80                fsl_memcpy
 *fill*         0x0100bdca        0x2 
 .text.fsl_memset
                0x0100bdcc       0x90 ./Sources/APP_bootloader_exchange_info/auto_lib/src/autolibc.o
                0x0100bdcc                fsl_memset
 .text.Boot_CheckDownlaodAPPStatus
                0x0100be5c       0x4e ./Sources/APP_bootloader_exchange_info/boot/src/boot.o
                0x0100be5c                Boot_CheckDownlaodAPPStatus
 *fill*         0x0100beaa        0x2 
 .text.main     0x0100beac       0x18 ./Sources/main.o
                0x0100beac                main
 .text.isupper  0x0100bec4       0x22 D:/NXP/S32DS_Power_v2.1/S32DS/build_tools/e200_ewl2/lib/e200z4/fp\libc99.a(vsnprintf.o)
                0x0100bec4                isupper
 .text.vsnprintf
                0x0100bee6       0x52 D:/NXP/S32DS_Power_v2.1/S32DS/build_tools/e200_ewl2/lib/e200z4/fp\libc99.a(vsnprintf.o)
                0x0100bee6                vsnprintf
 .text.memcpy   0x0100bf38       0x3c D:/NXP/S32DS_Power_v2.1/S32DS/build_tools/e200_ewl2/lib/e200z4/fp\libc99.a(memcpy.o)
                0x0100bf38                memcpy
 .text.memset   0x0100bf74       0x1a D:/NXP/S32DS_Power_v2.1/S32DS/build_tools/e200_ewl2/lib/e200z4/fp\libc99.a(memset.o)
                0x0100bf74                memset
 .text.strlen   0x0100bf8e       0x12 D:/NXP/S32DS_Power_v2.1/S32DS/build_tools/e200_ewl2/lib/e200z4/fp\libc99.a(strlen.o)
                0x0100bf8e                strlen
 .text.long2str.isra.0
                0x0100bfa0      0x22c D:/NXP/S32DS_Power_v2.1/S32DS/build_tools/e200_ewl2/lib/e200z4/fp\libc99.a(__printformat.o)
 .text.longlong2str.isra.1
                0x0100c1cc      0x28a D:/NXP/S32DS_Power_v2.1/S32DS/build_tools/e200_ewl2/lib/e200z4/fp\libc99.a(__printformat.o)
 .text.double2hex.isra.2
                0x0100c456      0x28c D:/NXP/S32DS_Power_v2.1/S32DS/build_tools/e200_ewl2/lib/e200z4/fp\libc99.a(__printformat.o)
 .text.__ewl_count_bits64
                0x0100c6e2        0x4 D:/NXP/S32DS_Power_v2.1/S32DS/build_tools/e200_ewl2/lib/e200z4/fp\libc99.a(__printformat.o)
                0x0100c6e2                __ewl_count_bits64
 .text.__ewl_count_trailing_zero64
                0x0100c6e6       0x1c D:/NXP/S32DS_Power_v2.1/S32DS/build_tools/e200_ewl2/lib/e200z4/fp\libc99.a(__printformat.o)
                0x0100c6e6                __ewl_count_trailing_zero64
 .text.__round_decimal
                0x0100c702       0xfa D:/NXP/S32DS_Power_v2.1/S32DS/build_tools/e200_ewl2/lib/e200z4/fp\libc99.a(__printformat.o)
                0x0100c702                __round_decimal
 .text.__pformatter
                0x0100c7fc      0xed4 D:/NXP/S32DS_Power_v2.1/S32DS/build_tools/e200_ewl2/lib/e200z4/fp\libc99.a(__printformat.o)
                0x0100c7fc                __pformatter
 .text.__ewl_runtime_constraint_violation_s
                0x0100d6d0       0x14 D:/NXP/S32DS_Power_v2.1/S32DS/build_tools/e200_ewl2/lib/e200z4/fp\libc99.a(secure_error.o)
                0x0100d6d0                __ewl_runtime_constraint_violation_s
 .text.__StringWrite
                0x0100d6e4       0x3a D:/NXP/S32DS_Power_v2.1/S32DS/build_tools/e200_ewl2/lib/e200z4/fp\libc99.a(__StringWrite.o)
                0x0100d6e4                __StringWrite
 .text.wcstombs
                0x0100d71e       0x64 D:/NXP/S32DS_Power_v2.1/S32DS/build_tools/e200_ewl2/lib/e200z4/fp\libc99.a(wcstombs.o)
                0x0100d71e                wcstombs
 .text.__wctomb_noconv
                0x0100d782       0x1a D:/NXP/S32DS_Power_v2.1/S32DS/build_tools/e200_ewl2/lib/e200z4/fp\libc99.a(wctomb.o)
                0x0100d782                __wctomb_noconv
 .text.wctomb   0x0100d79c        0x4 D:/NXP/S32DS_Power_v2.1/S32DS/build_tools/e200_ewl2/lib/e200z4/fp\libc99.a(wctomb.o)
                0x0100d79c                wctomb
 .text.__fill_mem
                0x0100d7a0       0xa0 D:/NXP/S32DS_Power_v2.1/S32DS/build_tools/e200_ewl2/lib/e200z4/fp\libc99.a(__filll_mem.o)
                0x0100d7a0                __fill_mem
 .text.memchr   0x0100d840       0x20 D:/NXP/S32DS_Power_v2.1/S32DS/build_tools/e200_ewl2/lib/e200z4/fp\libc99.a(memchr.o)
                0x0100d840                memchr
 .text.strchr   0x0100d860       0x22 D:/NXP/S32DS_Power_v2.1/S32DS/build_tools/e200_ewl2/lib/e200z4/fp\libc99.a(strchr.o)
                0x0100d860                strchr
 .text.strcpy   0x0100d882       0x14 D:/NXP/S32DS_Power_v2.1/S32DS/build_tools/e200_ewl2/lib/e200z4/fp\libc99.a(strcpy.o)
                0x0100d882                strcpy
 .text.strncpy  0x0100d896       0x4c D:/NXP/S32DS_Power_v2.1/S32DS/build_tools/e200_ewl2/lib/e200z4/fp\libc99.a(strncpy.o)
                0x0100d896                strncpy
 .text.__dorounddecup
                0x0100d8e2       0x34 D:/NXP/S32DS_Power_v2.1/S32DS/build_tools/e200_ewl2/lib/e200z4/fp\libm.a(ansi_fp.o)
 .text.__timesdec
                0x0100d916      0x154 D:/NXP/S32DS_Power_v2.1/S32DS/build_tools/e200_ewl2/lib/e200z4/fp\libm.a(ansi_fp.o)
 .text.__str2dec
                0x0100da6a       0x62 D:/NXP/S32DS_Power_v2.1/S32DS/build_tools/e200_ewl2/lib/e200z4/fp\libm.a(ansi_fp.o)
 .text.__two_exp
                0x0100dacc      0x246 D:/NXP/S32DS_Power_v2.1/S32DS/build_tools/e200_ewl2/lib/e200z4/fp\libm.a(ansi_fp.o)
 .text.__num2dec_internal
                0x0100dd12      0x15a D:/NXP/S32DS_Power_v2.1/S32DS/build_tools/e200_ewl2/lib/e200z4/fp\libm.a(ansi_fp.o)
 .text.__num2dec
                0x0100de6c       0xf8 D:/NXP/S32DS_Power_v2.1/S32DS/build_tools/e200_ewl2/lib/e200z4/fp\libm.a(ansi_fp.o)
                0x0100de6c                __num2dec
 .text.__ewl_generic_count_bits64
                0x0100df64       0xb4 D:/NXP/S32DS_Power_v2.1/S32DS/build_tools/e200_ewl2/lib/e200z4/fp\libm.a(math_api.o)
                0x0100df64                __ewl_generic_count_bits64
 .text.__signbitd
                0x0100e018        0x4 D:/NXP/S32DS_Power_v2.1/S32DS/build_tools/e200_ewl2/lib/e200z4/fp\libm.a(math_api.o)
                0x0100e018                __signbitd
 .text.__fpclassifyd
                0x0100e01c       0x42 D:/NXP/S32DS_Power_v2.1/S32DS/build_tools/e200_ewl2/lib/e200z4/fp\libm.a(math_api.o)
                0x0100e01c                __fpclassifyd
 .text.frexp    0x0100e05e       0x78 D:/NXP/S32DS_Power_v2.1/S32DS/build_tools/e200_ewl2/lib/e200z4/fp\libm.a(s_frexp.o)
                0x0100e05e                frexp
 .text.ldexp    0x0100e0d6      0x178 D:/NXP/S32DS_Power_v2.1/S32DS/build_tools/e200_ewl2/lib/e200z4/fp\libm.a(s_ldexp.o)
                0x0100e0d6                ldexp
 *(.init)
 *fill*         0x0100e24e        0x2 
 .init          0x0100e250        0xc d:/nxp/s32ds_power_v2.1/s32ds/build_tools/powerpc-eabivle-4_9/bin/../lib/gcc/powerpc-eabivle/4.9.4/e200z4/fp/ecrti.o
                0x0100e250                __init
 .init          0x0100e25c        0x4 d:/nxp/s32ds_power_v2.1/s32ds/build_tools/powerpc-eabivle-4_9/bin/../lib/gcc/powerpc-eabivle/4.9.4/e200z4/fp/crtbegin.o
 .init          0x0100e260        0x4 d:/nxp/s32ds_power_v2.1/s32ds/build_tools/powerpc-eabivle-4_9/bin/../lib/gcc/powerpc-eabivle/4.9.4/e200z4/fp/crtend.o
 .init          0x0100e264        0xa d:/nxp/s32ds_power_v2.1/s32ds/build_tools/powerpc-eabivle-4_9/bin/../lib/gcc/powerpc-eabivle/4.9.4/e200z4/fp/ecrtn.o
 *(.fini)
 *fill*         0x0100e26e        0x2 
 .fini          0x0100e270        0xc d:/nxp/s32ds_power_v2.1/s32ds/build_tools/powerpc-eabivle-4_9/bin/../lib/gcc/powerpc-eabivle/4.9.4/e200z4/fp/ecrti.o
                0x0100e270                __fini
 .fini          0x0100e27c        0x4 d:/nxp/s32ds_power_v2.1/s32ds/build_tools/powerpc-eabivle-4_9/bin/../lib/gcc/powerpc-eabivle/4.9.4/e200z4/fp/crtbegin.o
 .fini          0x0100e280        0xa d:/nxp/s32ds_power_v2.1/s32ds/build_tools/powerpc-eabivle-4_9/bin/../lib/gcc/powerpc-eabivle/4.9.4/e200z4/fp/ecrtn.o
                0x0100e290                . = ALIGN (0x10)
 *fill*         0x0100e28a        0x6 

.glink          0x0100e290        0x0
 .glink         0x0100e290        0x0 d:/nxp/s32ds_power_v2.1/s32ds/build_tools/powerpc-eabivle-4_9/bin/../lib/gcc/powerpc-eabivle/4.9.4/e200z4/fp/crtbegin.o

.sdata2         0x0100e290       0x54
                0x0100e290                . = ALIGN (0x4)
                0x0100e290                __sdata2_start__ = .
 *(.sdata2)