Archive member included to satisfy reference by file (symbol)

D:/NXP/S32DS_Power_v2.1/S32DS/build_tools/e200_ewl2/lib/e200z4/fp\libc99.a(vsnprintf.o)
                              ./Sources/bootloader/Debug/src/bootloader_debug.o (vsnprintf)
D:/NXP/S32DS_Power_v2.1/S32DS/build_tools/e200_ewl2/lib/e200z4/fp\libc99.a(memcpy.o)
                              ./Sources/bootloader/Flash_app/src/fls_app.o (memcpy)
D:/NXP/S32DS_Power_v2.1/S32DS/build_tools/e200_ewl2/lib/e200z4/fp\libc99.a(memset.o)
                              ./Sources/bootloader/UDS_stack/TP/src/CAN_TP/can_tp.o (memset)
D:/NXP/S32DS_Power_v2.1/S32DS/build_tools/e200_ewl2/lib/e200z4/fp\libc99.a(strlen.o)
                              ./Sources/bootloader/Debug/src/bootloader_debug.o (strlen)
D:/NXP/S32DS_Power_v2.1/S32DS/build_tools/e200_ewl2/lib/e200z4/fp\libc99.a(fgetwc.o)
                              D:/NXP/S32DS_Power_v2.1/S32DS/build_tools/e200_ewl2/lib/e200z4/fp\libc99.a(vsnprintf.o) (getwc)
D:/NXP/S32DS_Power_v2.1/S32DS/build_tools/e200_ewl2/lib/e200z4/fp\libc99.a(fwide.o)
                              D:/NXP/S32DS_Power_v2.1/S32DS/build_tools/e200_ewl2/lib/e200z4/fp\libc99.a(fgetwc.o) (fwide)
D:/NXP/S32DS_Power_v2.1/S32DS/build_tools/e200_ewl2/lib/e200z4/fp\libc99.a(__printformat.o)
                              D:/NXP/S32DS_Power_v2.1/S32DS/build_tools/e200_ewl2/lib/e200z4/fp\libc99.a(vsnprintf.o) (__pformatter)
D:/NXP/S32DS_Power_v2.1/S32DS/build_tools/e200_ewl2/lib/e200z4/fp\libc99.a(ctype.o)
                              D:/NXP/S32DS_Power_v2.1/S32DS/build_tools/e200_ewl2/lib/e200z4/fp\libc99.a(vsnprintf.o) (__upper_mapC)
D:/NXP/S32DS_Power_v2.1/S32DS/build_tools/e200_ewl2/lib/e200z4/fp\libc99.a(secure_error.o)
                              D:/NXP/S32DS_Power_v2.1/S32DS/build_tools/e200_ewl2/lib/e200z4/fp\libc99.a(__printformat.o) (__ewl_runtime_constraint_violation_s)
D:/NXP/S32DS_Power_v2.1/S32DS/build_tools/e200_ewl2/lib/e200z4/fp\libc99.a(ansi_files.o)
                              D:/NXP/S32DS_Power_v2.1/S32DS/build_tools/e200_ewl2/lib/e200z4/fp\libc99.a(vsnprintf.o) (__files)
D:/NXP/S32DS_Power_v2.1/S32DS/build_tools/e200_ewl2/lib/e200z4/fp\libc99.a(fflush.o)
                              D:/NXP/S32DS_Power_v2.1/S32DS/build_tools/e200_ewl2/lib/e200z4/fp\libc99.a(ansi_files.o) (fflush)
D:/NXP/S32DS_Power_v2.1/S32DS/build_tools/e200_ewl2/lib/e200z4/fp\libc99.a(fread.o)
                              D:/NXP/S32DS_Power_v2.1/S32DS/build_tools/e200_ewl2/lib/e200z4/fp\libc99.a(fgetwc.o) (__fread)
D:/NXP/S32DS_Power_v2.1/S32DS/build_tools/e200_ewl2/lib/e200z4/fp\libc99.a(__StringWrite.o)
                              D:/NXP/S32DS_Power_v2.1/S32DS/build_tools/e200_ewl2/lib/e200z4/fp\libc99.a(vsnprintf.o) (__StringWrite)
D:/NXP/S32DS_Power_v2.1/S32DS/build_tools/e200_ewl2/lib/e200z4/fp\libc99.a(abort.o)
                              D:/NXP/S32DS_Power_v2.1/S32DS/build_tools/e200_ewl2/lib/e200z4/fp\libc99.a(secure_error.o) (abort)
D:/NXP/S32DS_Power_v2.1/S32DS/build_tools/e200_ewl2/lib/e200z4/fp\libc99.a(exit.o)
                              D:/NXP/S32DS_Power_v2.1/S32DS/build_tools/e200_ewl2/lib/e200z4/fp\libc99.a(abort.o) (__console_exit)
D:/NXP/S32DS_Power_v2.1/S32DS/build_tools/e200_ewl2/lib/e200z4/fp\libc99.a(mbtowc.o)
                              D:/NXP/S32DS_Power_v2.1/S32DS/build_tools/e200_ewl2/lib/e200z4/fp\libc99.a(fgetwc.o) (mbtowc)
D:/NXP/S32DS_Power_v2.1/S32DS/build_tools/e200_ewl2/lib/e200z4/fp\libc99.a(wcstombs.o)
                              D:/NXP/S32DS_Power_v2.1/S32DS/build_tools/e200_ewl2/lib/e200z4/fp\libc99.a(__printformat.o) (wcstombs)
D:/NXP/S32DS_Power_v2.1/S32DS/build_tools/e200_ewl2/lib/e200z4/fp\libc99.a(wctomb.o)
                              D:/NXP/S32DS_Power_v2.1/S32DS/build_tools/e200_ewl2/lib/e200z4/fp\libc99.a(wcstombs.o) (wctomb)
D:/NXP/S32DS_Power_v2.1/S32DS/build_tools/e200_ewl2/lib/e200z4/fp\libc99.a(__filll_mem.o)
                              D:/NXP/S32DS_Power_v2.1/S32DS/build_tools/e200_ewl2/lib/e200z4/fp\libc99.a(memset.o) (__fill_mem)
D:/NXP/S32DS_Power_v2.1/S32DS/build_tools/e200_ewl2/lib/e200z4/fp\libc99.a(memchr.o)
                              D:/NXP/S32DS_Power_v2.1/S32DS/build_tools/e200_ewl2/lib/e200z4/fp\libc99.a(__printformat.o) (memchr)
D:/NXP/S32DS_Power_v2.1/S32DS/build_tools/e200_ewl2/lib/e200z4/fp\libc99.a(strchr.o)
                              D:/NXP/S32DS_Power_v2.1/S32DS/build_tools/e200_ewl2/lib/e200z4/fp\libc99.a(__printformat.o) (strchr)
D:/NXP/S32DS_Power_v2.1/S32DS/build_tools/e200_ewl2/lib/e200z4/fp\libc99.a(strcpy.o)
                              D:/NXP/S32DS_Power_v2.1/S32DS/build_tools/e200_ewl2/lib/e200z4/fp\libc99.a(__printformat.o) (strcpy)
D:/NXP/S32DS_Power_v2.1/S32DS/build_tools/e200_ewl2/lib/e200z4/fp\libc99.a(strncpy.o)
                              D:/NXP/S32DS_Power_v2.1/S32DS/build_tools/e200_ewl2/lib/e200z4/fp\libc99.a(wcstombs.o) (strncpy)
D:/NXP/S32DS_Power_v2.1/S32DS/build_tools/e200_ewl2/lib/e200z4/fp\libc99.a(global_destructor_chain.o)
[...]
Memory Configuration

Name             Origin             Length             Attributes
flash_rchw       0x00f98000         0x00000004
cpu0_reset_vec   0x00f98004         0x00000004
m_text           0x00f99000         0x00017000
m_appflash_flag  0x00ff0000         0x00000024
m_flash_api      0x40000000         0x00000a00
m_data           0x40000a00         0x0005f600
local_dmem       0x50800000         0x00010000
appup_boot_flag  0x00000000         0xffffffff
*default*        0x00000000         0xffffffff

Linker script and memory map

LOAD d:/nxp/s32ds_power_v2.1/s32ds/build_tools/powerpc-eabivle-4_9/bin/../lib/gcc/powerpc-eabivle/4.9.4/e200z4/fp/ecrti.o
LOAD d:/nxp/s32ds_power_v2.1/s32ds/build_tools/powerpc-eabivle-4_9/bin/../lib/gcc/powerpc-eabivle/4.9.4/e200z4/fp/crtbegin.o
LOAD ./Generated_Code/Cpu.o
LOAD ./Generated_Code/canCom0.o
LOAD ./Generated_Code/clockMan1.o
LOAD ./Generated_Code/dmaController1.o
LOAD ./Generated_Code/eTimer1.o
LOAD ./Generated_Code/fccu1.o
LOAD ./Generated_Code/pin_mux.o
LOAD ./Generated_Code/uart_pal1.o
LOAD ./Generated_Code/wdg_pal1.o
LOAD ./Project_Settings/Startup_Code/core0_intc_sw_handlers.o
LOAD ./Project_Settings/Startup_Code/interrupt_vectors.o
LOAD ./Project_Settings/Startup_Code/startup_MPC5744P.o
LOAD ./SDK/platform/devices/MPC5744P/startup/system_MPC5744P.o
LOAD ./SDK/platform/devices/startup.o
LOAD ./SDK/platform/drivers/src/clock/MPC57xx/clock_MPC57xx.o
LOAD ./SDK/platform/drivers/src/edma/edma_driver.o
LOAD ./SDK/platform/drivers/src/edma/edma_hw_access.o
LOAD ./SDK/platform/drivers/src/edma/edma_irq.o
LOAD ./SDK/platform/drivers/src/etimer/etimer_driver.o
LOAD ./SDK/platform/drivers/src/etimer/etimer_hw_access.o
LOAD ./SDK/platform/drivers/src/fccu/fccu_driver.o
LOAD ./SDK/platform/drivers/src/fccu/fccu_hw_access.o
LOAD ./SDK/platform/drivers/src/fccu/fccu_irq.o
LOAD ./SDK/platform/drivers/src/flexcan/flexcan_driver.o
LOAD ./SDK/platform/drivers/src/flexcan/flexcan_hw_access.o
LOAD ./SDK/platform/drivers/src/flexcan/flexcan_irq.o
LOAD ./SDK/platform/drivers/src/interrupt/interrupt_manager_MPC57xx.o
LOAD ./SDK/platform/drivers/src/linflexd/linflexd_uart_driver.o
LOAD ./SDK/platform/drivers/src/linflexd/linflexd_uart_irq.o
LOAD ./SDK/platform/drivers/src/pins/siul2/pins_siul2_driver.o
LOAD ./SDK/platform/drivers/src/pins/siul2/siul2_hw_access.o
LOAD ./SDK/platform/drivers/src/swt/swt_driver.o
LOAD ./SDK/platform/drivers/src/swt/swt_hw_access.o
LOAD ./SDK/platform/pal/src/uart/uart_pal.o
LOAD ./SDK/platform/pal/src/wdg/wdg_pal.o
LOAD ./SDK/rtos/osif/osif_baremetal.o
LOAD ./Sources/Test/test.o
LOAD ./Sources/bootloader/Debug/src/bootloader_debug.o
LOAD ./Sources/bootloader/Debug/src/debug_IO.o
LOAD ./Sources/bootloader/Debug/src/debug_timer.o
LOAD ./Sources/bootloader/Demo/bootloader_main.o
LOAD ./Sources/bootloader/FIFO/src/multi_cyc_fifo.o
LOAD ./Sources/bootloader/Flash_app/src/fls_app.o
LOAD ./Sources/bootloader/Flash_driver/flash_c55_driver.o
LOAD ./Sources/bootloader/Flash_driver/flash_driver.o
LOAD ./Sources/bootloader/HAL/UDS_algorithm_hal/src/AES.o
LOAD ./Sources/bootloader/HAL/UDS_algorithm_hal/src/UDS_alg_hal.o
LOAD ./Sources/bootloader/HAL/crc_hal/src/CRC_hal.o
LOAD ./Sources/bootloader/HAL/flash_hal/src/flash_hal.o
LOAD ./Sources/bootloader/HAL/flash_hal/src/flash_hal_Cfg.o
LOAD ./Sources/bootloader/HAL/timer_hal/src/timer_hal.o
LOAD ./Sources/bootloader/HAL/watchdog_hal/src/watchdog_hal.o
LOAD ./Sources/bootloader/UDS_stack/TP/src/CAN_TP/can_tp.o
LOAD ./Sources/bootloader/UDS_stack/TP/src/CAN_TP/can_tp_cfg.o
LOAD ./Sources/bootloader/UDS_stack/TP/src/LIN_TP/LIN_tp.o
LOAD ./Sources/bootloader/UDS_stack/TP/src/LIN_TP/LIN_tp_cfg.o
LOAD ./Sources/bootloader/UDS_stack/TP/src/TP.o
LOAD ./Sources/bootloader/UDS_stack/TP/src/TP_Cfg.o
LOAD ./Sources/bootloader/UDS_stack/UDS/src/uds_app.o
LOAD ./Sources/bootloader/UDS_stack/UDS/src/uds_app_cfg.o
LOAD ./Sources/bootloader/auto_lib/src/autolibc.o
LOAD ./Sources/bootloader/boot/src/boot.o
LOAD ./Sources/bootloader/boot/src/boot_Cfg.o
LOAD ./Sources/bootloader/flash/src/flash.o
LOAD ./Sources/bootloader/flash/src/flash_cfg.o
LOAD ./Sources/main.o
START GROUP
LOAD D:/NXP/S32DS_Power_v2.1/S32DS/build_tools/e200_ewl2/lib/e200z4/fp\libc99.a
LOAD D:/NXP/S32DS_Power_v2.1/S32DS/build_tools/e200_ewl2/lib/e200z4/fp\libm.a
LOAD d:/nxp/s32ds_power_v2.1/s32ds/build_tools/powerpc-eabivle-4_9/bin/../lib/gcc/powerpc-eabivle/4.9.4/e200z4/fp\libgcc.a
LOAD D:/NXP/S32DS_Power_v2.1/S32DS/build_tools/e200_ewl2/lib/e200z4/fp\librt.a
END GROUP
LOAD d:/nxp/s32ds_power_v2.1/s32ds/build_tools/powerpc-eabivle-4_9/bin/../lib/gcc/powerpc-eabivle/4.9.4/e200z4/fp/crtend.o
LOAD d:/nxp/s32ds_power_v2.1/s32ds/build_tools/powerpc-eabivle-4_9/bin/../lib/gcc/powerpc-eabivle/4.9.4/e200z4/fp/ecrtn.o
                0x00000000                __HEAP_SIZE = DEFINED (__heap_size__)?__heap_size__:0x0
                0x00001000                __STACK_SIZE = DEFINED (__stack_size__)?__stack_size__:0x1000
                0x01000000                FLASH_BASE_ADDR = DEFINED (__flash_base_addr__)?__flash_base_addr__:0x1000000
                0x00200000                FLASH_SIZE = DEFINED (__flash_size__)?__flash_size__:0x200000
                0x40000000                SRAM_BASE_ADDR = DEFINED (__sram_base_addr__)?__sram_base_addr__:0x40000000
                0x00060000                SRAM_SIZE = DEFINED (__sram_size__)?__sram_size__:0x60000
                0x50800000                LOCAL_DMEM_BASE_ADDR = DEFINED (__local_dmem_base_addr__)?__local_dmem_base_addr__:0x50800000
                0x00010000                LOCAL_DMEM_SIZE = DEFINED (__local_dmem_size__)?__local_dmem_size__:0x10000
                0x00000800                FLASH_API_LEN = 0x800
                0x00000018                APPFLASH_FLAG_LEN = 0x18
                0x00000010                APPUP_BOOT_FLAG_LEN = 0x10

.rchw           0x00f98000        0x4
 *(.rchw)
 .rchw          0x00f98000        0x4 ./Project_Settings/Startup_Code/startup_MPC5744P.o

.cpu0_reset_vector
                0x00f98004        0x4
 *(.cpu0_reset_vector)
 .cpu0_reset_vector
                0x00f98004        0x4 ./Project_Settings/Startup_Code/startup_MPC5744P.o

.startup        0x00f99000      0x188
                0x00f99000                __start = .
 *(.startup)
 .startup       0x00f99000      0x188 ./Project_Settings/Startup_Code/startup_MPC5744P.o
                0x00f99000                Reset_Handler
                0x00f99000                _start

.core_exceptions_table
                0x00f9a000       0xb4
                0x00f9a000                __IVPR_VALUE = .
 *(.core_exceptions_table)
 .core_exceptions_table
                0x00f9a000       0xb4 ./Project_Settings/Startup_Code/interrupt_vectors.o
                0x00f9a000                IVOR0_Vector
                0x00f9a000                VTABLE
                0x00f9a010                IVOR1_Vector
                0x00f9a020                IVOR2_Vector
                0x00f9a030                IVOR3_Vector
                0x00f9a040                IVOR4_Vector
                0x00f9a050                IVOR5_Vector
                0x00f9a060                IVOR6_Vector
                0x00f9a070                IVOR35_Vector
                0x00f9a080                IVOR8_Vector
                0x00f9a090                IVOR15_Vector
                0x00f9a0a0                IVOR33_Vector
                0x00f9a0b0                IVOR34_Vector

.intc_vector_table
                0x00f9b000      0xbcc
                0x00f9b000                __VECTOR_TABLE = .
                0x00f9b000                __interrupts_start__ = .
 *(.intc_vector_table)
 .intc_vector_table
                0x00f9b000      0xbcc ./Project_Settings/Startup_Code/startup_MPC5744P.o
                0x00f9b000                __isr_vector
                0x00f9bbc8                CTU1_ERR_IRQHandler
                0x00f9bbc8                ETIMER0_TC0IR_IRQHandler
                0x00f9bbc8                CTU1_T6_IRQHandler
                0x00f9bbc8                SIUL_EIRQ_16_23_IRQHandler
                0x00f9bbc8                ETIMER1_TC3IR_IRQHandler
                0x00f9bbc8                ADC0_WD_IRQHandler
                0x00f9bbc8                IVOR5_Exception_Handler
                0x00f9bbc8                CTU0_T1_IRQHandler
                0x00f9bbc8                DSPI3_Receive_IRQHandler
                0x00f9bbc8                CTU0_T4_IRQHandler
                0x00f9bbc8                ETIMER2_TC5IR_IRQHandler
                0x00f9bbc8                FlexPWM_0_COF1_IRQHandler
                0x00f9bbc8                FlexPWM_1_CAF2_IRQHandler
                0x00f9bbc8                CTU0_T2_IRQHandler
                0x00f9bbc8                DSPI2_Receive_IRQHandler
                0x00f9bbc8                ADC1_ER_IRQHandler
                0x00f9bbc8                ADC1_WD_IRQHandler
                0x00f9bbc8                SENT1_Fast_1_IRQHandler
                0x00f9bbc8                SENT1_Slow_0_IRQHandler
                0x00f9bbc8                SWT0_IRQHandler
                0x00f9bbc8                FlexPWM_0_COF3_IRQHandler
                0x00f9bbc8                ADC3_ER_IRQHandler
                0x00f9bbc8                CTU0_T3_IRQHandler
                0x00f9bbc8                CTU0_T5_IRQHandler
                0x00f9bbc8                IVOR33_Exception_Handler
                0x00f9bbc8                FlexPWM_1_COF0_IRQHandler
                0x00f9bbc8                ADC2_EOC_IRQHandler
                0x00f9bbc8                FlexPWM_1_COF2_IRQHandler
                0x00f9bbc8                IVOR34_Exception_Handler
                0x00f9bbc8                FlexPWM_0_REF_IRQHandler
                0x00f9bbc8                DSPI0_FIFO_Error_IRQHandler
                0x00f9bbc8                DSPI1_Send_IRQHandler
                0x00f9bbc8                SENT0_RxErr_1_IRQHandler
                0x00f9bbc8                PIT_Ch0_IRQHandler
                0x00f9bbc8                CTU1_MRS_IRQHandler
                0x00f9bbc8                FlexPWM_1_COF3_IRQHandler
                0x00f9bbc8                FlexPWM_0_CAF1_IRQHandler
                0x00f9bbc8                ENET0_Rx_IRQHandler
                0x00f9bbc8                SENT0_Slow_0_IRQHandler
                0x00f9bbc8                PIT_Ch1_IRQHandler
                0x00f9bbc8                FlexPWM_1_RF3_IRQHandler
                0x00f9bbc8                ETIMER1_TC1IR_IRQHandler
                0x00f9bbc8                FlexPWM_1_REF_IRQHandler
                0x00f9bbc8                DSPI0_Send_IRQHandler
                0x00f9bbc8                ADC0_EOC_IRQHandler
                0x00f9bbc8                ADC3_WD_IRQHandler
                0x00f9bbc8                DSPI0_Receive_IRQHandler
                0x00f9bbc8                FlexPWM_1_RF0_IRQHandler
                0x00f9bbc8                ETIMER2_TC4IR_IRQHandler
                0x00f9bbc8                PIT_Ch2_IRQHandler
                0x00f9bbc8                CTU0_FIFO1_IRQHandler
                0x00f9bbc8                DSPI2_Send_IRQHandler
                0x00f9bbc8                FlexPWM_0_COF2_IRQHandler
                0x00f9bbc8                ADC2_ER_IRQHandler
                0x00f9bbc8                ETIMER2_TC0IR_IRQHandler
                0x00f9bbc8                SENT1_RxErr_0_IRQHandler
                0x00f9bbc8                FlexPWM_0_FFLAG_IRQHandler
                0x00f9bbc8                FlexPWM_1_CAF1_IRQHandler
                0x00f9bbc8                DSPI1_FIFO_Error_IRQHandler
                0x00f9bbc8                CTU0_FIFO3_IRQHandler
                0x00f9bbc8                ETIMER0_RCF_IRQHandler
                0x00f9bbc8                ADC2_WD_IRQHandler
                0x00f9bbc8                ETIMER1_TC2IR_IRQHandler
                0x00f9bbc8                ADC0_ER_IRQHandler
                0x00f9bbc8                CTU1_T2_IRQHandler
                0x00f9bbc8                ENET0_Err_IRQHandler
                0x00f9bbc8                IVOR15_Exception_Handler
                0x00f9bbc8                SENT0_Fast_0_IRQHandler
                0x00f9bbc8                ETIMER1_TC5IR_IRQHandler
                0x00f9bbc8                SIUL_EIRQ_00_07_IRQHandler
                0x00f9bbc8                CTU1_FIFO2_IRQHandler
                0x00f9bbc8                FlexPWM_1_COF1_IRQHandler
                0x00f9bbc8                ETIMER0_TC2IR_IRQHandler
                0x00f9bbc8                CTU1_T5_IRQHandler
                0x00f9bbc8                IVOR3_Exception_Handler
                0x00f9bbc8                SENT1_Slow_1_IRQHandler
                0x00f9bbc8                SIUL_EIRQ_24_31_IRQHandler
                0x00f9bbc8                ETIMER1_TC4IR_IRQHandler
                0x00f9bbc8                IVOR1_Exception_Handler
                0x00f9bbc8                FlexPWM_0_CAF0_IRQHandler
                0x00f9bbc8                CTU0_T0_IRQHandler
                0x00f9bbc8                STM0_Ch0_IRQHandler
                0x00f9bbc8                ETIMER0_TC1IR_IRQHandler
                0x00f9bbc8                CTU1_T0_IRQHandler
                0x00f9bbc8                DefaultISR
                0x00f9bbc8                ETIMER2_TC1IR_IRQHandler
                0x00f9bbc8                IVOR35_Exception_Handler
                0x00f9bbc8                IVOR0_Exception_Handler
                0x00f9bbc8                IVOR8_Exception_Handler
                0x00f9bbc8                ETIMER0_TC3IR_IRQHandler
                0x00f9bbc8                ENET0_Tx_IRQHandler
                0x00f9bbc8                CTU0_FIFO0_IRQHandler
                0x00f9bbc8                SENT1_RxErr_1_IRQHandler
                0x00f9bbc8                CTU1_FIFO0_IRQHandler
                0x00f9bbc8                STM0_Ch3_IRQHandler
                0x00f9bbc8                CTU1_T4_IRQHandler
                0x00f9bbc8                STM0_Ch2_IRQHandler
                0x00f9bbc8                ETIMER0_TC4IR_IRQHandler
                0x00f9bbc8                FlexPWM_0_RF1_IRQHandler
                0x00f9bbc8                FlexPWM_0_RF2_IRQHandler
                0x00f9bbc8                ETIMER0_WTIF_IRQHandler
                0x00f9bbc8                CTU0_MRS_IRQHandler
                0x00f9bbc8                CTU0_T6_IRQHandler
                0x00f9bbc8                ETIMER1_TC0IR_IRQHandler
                0x00f9bbc8                DSPI3_FIFO_Error_IRQHandler
                0x00f9bbc8                IVOR6_Exception_Handler
                0x00f9bbc8                ADC3_EOC_IRQHandler
                0x00f9bbc8                FlexPWM_0_RF0_IRQHandler
                0x00f9bbc8                FlexPWM_1_CAF3_IRQHandler
                0x00f9bbc8                FlexPWM_1_CAF0_IRQHandler
                0x00f9bbc8                CTU0_ERR_IRQHandler
                0x00f9bbc8                FlexPWM_0_COF0_IRQHandler
                0x00f9bbc8                SENT0_Fast_1_IRQHandler
                0x00f9bbc8                SENT1_Fast_0_IRQHandler
                0x00f9bbc8                FlexPWM_0_CAF2_IRQHandler
                0x00f9bbc8                CTU0_ADC_IRQHandler
                0x00f9bbc8                SENT0_RxErr_0_IRQHandler
                0x00f9bbc8                FlexPWM_1_RF2_IRQHandler
                0x00f9bbc8                SENT0_Slow_1_IRQHandler
                0x00f9bbc8                ETIMER2_RCF_IRQHandler
                0x00f9bbc8                FlexPWM_1_RF1_IRQHandler
                0x00f9bbc8                DSPI2_FIFO_Error_IRQHandler
                0x00f9bbc8                CTU1_FIFO1_IRQHandler
                0x00f9bbc8                FlexPWM_0_RF3_IRQHandler
                0x00f9bbc8                DSPI3_Send_IRQHandler
                0x00f9bbc8                IVOR2_Exception_Handler
                0x00f9bbc8                CTU1_T3_IRQHandler
                0x00f9bbc8                FlexPWM_1_FFLAG_IRQHandler
                0x00f9bbc8                ETIMER0_TC5IR_IRQHandler
                0x00f9bbc8                FlexPWM_0_CAF3_IRQHandler
                0x00f9bbc8                DSPI1_Receive_IRQHandler
                0x00f9bbc8                CTU0_FIFO2_IRQHandler
                0x00f9bbc8                ENET0_Timer_IRQHandler
                0x00f9bbc8                ADC1_EOC_IRQHandler
                0x00f9bbc8                CTU1_FIFO3_IRQHandler
                0x00f9bbc8                STM0_Ch1_IRQHandler
                0x00f9bbc8                ETIMER2_TC2IR_IRQHandler
                0x00f9bbc8                PIT_Ch3_IRQHandler
                0x00f9bbc8                FLASH_Done_IRQHandler
                0x00f9bbc8                CTU0_T7_IRQHandler
                0x00f9bbc8                CTU1_T1_IRQHandler
                0x00f9bbc8                ETIMER1_RCF_IRQHandler
                0x00f9bbc8                SIUL_EIRQ_08_15_IRQHandler
                0x00f9bbc8                CTU1_T7_IRQHandler
                0x00f9bbc8                ETIMER2_TC3IR_IRQHandler
                0x00f9bbc8                CTU1_ADC_IRQHandler
                0x00f9bbcc                __interrupts_end__ = .
                0x00000c00                __RAM_VECTOR_TABLE_SIZE = 0xc00
                0x00f9bc00                __VECTOR_TABLE_COPY_END = (__VECTOR_TABLE + __RAM_VECTOR_TABLE_SIZE)

.text           0x00f9bbd0     0xe1b0
 *(.text.startup)
 *(.text)
 .text          0x00f9bbd0      0x16c d:/nxp/s32ds_power_v2.1/s32ds/build_tools/powerpc-eabivle-4_9/bin/../lib/gcc/powerpc-eabivle/4.9.4/e200z4/fp/crtbegin.o
 *fill*         0x00f9bd3c        0x4 
 .text          0x00f9bd40      0x2f6 ./Project_Settings/Startup_Code/core0_intc_sw_handlers.o
                0x00f9bd80                IVOR0_Handler
                0x00f9bdae                IVOR1_Handler
                0x00f9bdfc                IVOR2_Handler
                0x00f9be36                IVOR3_Handler
                0x00f9be70                IVOR4_Handler
                0x00f9beb8                IVOR5_Handler
                0x00f9bef2                IVOR6_Handler
                0x00f9bf2c                IVOR8_Handler
                0x00f9bf66                IVOR15_Handler
                0x00f9bf94                IVOR33_Handler
                0x00f9bfce                IVOR34_Handler
                0x00f9c008                IVOR35_Handler
 *fill*         0x00f9c036        0x2 
 .text          0x00f9c038       0x4e d:/nxp/s32ds_power_v2.1/s32ds/build_tools/powerpc-eabivle-4_9/bin/../lib/gcc/powerpc-eabivle/4.9.4/e200z4/fp\libgcc.a(_fixunsdfdi.o)
                0x00f9c038                __fixunsdfdi
 *fill*         0x00f9c086        0x2 
 .text          0x00f9c088      0x328 d:/nxp/s32ds_power_v2.1/s32ds/build_tools/powerpc-eabivle-4_9/bin/../lib/gcc/powerpc-eabivle/4.9.4/e200z4/fp\libgcc.a(_udivdi3.o)
                0x00f9c088                __udivdi3
 .text          0x00f9c3b0      0x2e2 d:/nxp/s32ds_power_v2.1/s32ds/build_tools/powerpc-eabivle-4_9/bin/../lib/gcc/powerpc-eabivle/4.9.4/e200z4/fp\libgcc.a(_umoddi3.o)
                0x00f9c3b0                __umoddi3
 *fill*         0x00f9c692        0x2 
 .text          0x00f9c694      0x37e d:/nxp/s32ds_power_v2.1/s32ds/build_tools/powerpc-eabivle-4_9/bin/../lib/gcc/powerpc-eabivle/4.9.4/e200z4/fp\libgcc.a(_addsub_df.o)
                0x00f9c954                __adddf3
                0x00f9c9b0                __subdf3
 *fill*         0x00f9ca12        0x2 
 .text          0x00f9ca14      0x26c d:/nxp/s32ds_power_v2.1/s32ds/build_tools/powerpc-eabivle-4_9/bin/../lib/gcc/powerpc-eabivle/4.9.4/e200z4/fp\libgcc.a(_mul_df.o)
                0x00f9ca14                __muldf3
 .text          0x00f9cc80       0x64 d:/nxp/s32ds_power_v2.1/s32ds/build_tools/powerpc-eabivle-4_9/bin/../lib/gcc/powerpc-eabivle/4.9.4/e200z4/fp\libgcc.a(_eq_df.o)
                0x00f9cc80                __eqdf2
 .text          0x00f9cce4       0x64 d:/nxp/s32ds_power_v2.1/s32ds/build_tools/powerpc-eabivle-4_9/bin/../lib/gcc/powerpc-eabivle/4.9.4/e200z4/fp\libgcc.a(_ne_df.o)
                0x00f9cce4                __nedf2
 .text          0x00f9cd48       0x64 d:/nxp/s32ds_power_v2.1/s32ds/build_tools/powerpc-eabivle-4_9/bin/../lib/gcc/powerpc-eabivle/4.9.4/e200z4/fp\libgcc.a(_lt_df.o)
                0x00f9cd48                __ltdf2
 .text          0x00f9cdac       0x70 d:/nxp/s32ds_power_v2.1/s32ds/build_tools/powerpc-eabivle-4_9/bin/../lib/gcc/powerpc-eabivle/4.9.4/e200z4/fp\libgcc.a(_usi_to_df.o)
                0x00f9cdac                __floatunsidf
 .text          0x00f9ce1c       0x4a d:/nxp/s32ds_power_v2.1/s32ds/build_tools/powerpc-eabivle-4_9/bin/../lib/gcc/powerpc-eabivle/4.9.4/e200z4/fp\libgcc.a(e200crtsavgpr.o)
                0x00f9ce1c                _savegpr_14
                0x00f9ce20                _savegpr_15
                0x00f9ce24                _savegpr_16
                0x00f9ce28                _savegpr_17
                0x00f9ce2c                _savegpr_18
                0x00f9ce30                _savegpr_19
                0x00f9ce34                _savegpr_20
                0x00f9ce38                _savegpr_21
                0x00f9ce3c                _savegpr_22
                0x00f9ce40                _savegpr_23
                0x00f9ce44                _savegpr_24
                0x00f9ce48                _savegpr_25
                0x00f9ce4c                _savegpr_26
                0x00f9ce50                _savegpr_27
                0x00f9ce54                _savegpr_28
                0x00f9ce58                _savegpr_29
                0x00f9ce5c                _savegpr_30
                0x00f9ce60                _savegpr_31
 .text          0x00f9ce66       0x52 d:/nxp/s32ds_power_v2.1/s32ds/build_tools/powerpc-eabivle-4_9/bin/../lib/gcc/powerpc-eabivle/4.9.4/e200z4/fp\libgcc.a(e200crtresxgpr.o)
                0x00f9ce66                _restgpr_14_x
                0x00f9ce6a                _restgpr_15_x
                0x00f9ce6e                _restgpr_16_x
                0x00f9ce72                _restgpr_17_x
                0x00f9ce76                _restgpr_18_x
                0x00f9ce7a                _restgpr_19_x
                0x00f9ce7e                _restgpr_20_x
                0x00f9ce82                _restgpr_21_x
                0x00f9ce86                _restgpr_22_x
                0x00f9ce8a                _restgpr_23_x
                0x00f9ce8e                _restgpr_24_x
                0x00f9ce92                _restgpr_25_x
                0x00f9ce96                _restgpr_26_x
                0x00f9ce9a                _restgpr_27_x
                0x00f9ce9e                _restgpr_28_x
                0x00f9cea2                _restgpr_29_x
                0x00f9cea6                _restgpr_30_x
                0x00f9ceaa                _restgpr_31_x
 .text          0x00f9ceb8       0x4a d:/nxp/s32ds_power_v2.1/s32ds/build_tools/powerpc-eabivle-4_9/bin/../lib/gcc/powerpc-eabivle/4.9.4/e200z4/fp\libgcc.a(eabivle.o)
                0x00f9ceb8                __eabi
 *fill*         0x00f9cf02        0x2 
 .text          0x00f9cf04       0x56 d:/nxp/s32ds_power_v2.1/s32ds/build_tools/powerpc-eabivle-4_9/bin/../lib/gcc/powerpc-eabivle/4.9.4/e200z4/fp\libgcc.a(_fixunsdfsi.o)
                0x00f9cf04                __fixunsdfsi
 *fill*         0x00f9cf5a        0x2 
 .text          0x00f9cf5c      0x1e6 d:/nxp/s32ds_power_v2.1/s32ds/build_tools/powerpc-eabivle-4_9/bin/../lib/gcc/powerpc-eabivle/4.9.4/e200z4/fp\libgcc.a(_pack_df.o)
                0x00f9cf5c                __pack_d
 *fill*         0x00f9d142        0x2 
 .text          0x00f9d144       0xb0 d:/nxp/s32ds_power_v2.1/s32ds/build_tools/powerpc-eabivle-4_9/bin/../lib/gcc/powerpc-eabivle/4.9.4/e200z4/fp\libgcc.a(_unpack_df.o)
                0x00f9d144                __unpack_d
 .text          0x00f9d1f4       0xc6 d:/nxp/s32ds_power_v2.1/s32ds/build_tools/powerpc-eabivle-4_9/bin/../lib/gcc/powerpc-eabivle/4.9.4/e200z4/fp\libgcc.a(_fpcmp_parts_df.o)
                0x00f9d1f4                __fpcmp_parts_d
 *fill*         0x00f9d2ba        0x2 
 .text          0x00f9d2bc       0x64 d:/nxp/s32ds_power_v2.1/s32ds/build_tools/powerpc-eabivle-4_9/bin/../lib/gcc/powerpc-eabivle/4.9.4/e200z4/fp\libgcc.a(_ge_df.o)
                0x00f9d2bc                __gedf2
 .text          0x00f9d320       0xac d:/nxp/s32ds_power_v2.1/s32ds/build_tools/powerpc-eabivle-4_9/bin/../lib/gcc/powerpc-eabivle/4.9.4/e200z4/fp\libgcc.a(_df_to_si.o)
                0x00f9d320                __fixdfsi
 .text          0x00f9d3cc       0x48 d:/nxp/s32ds_power_v2.1/s32ds/build_tools/powerpc-eabivle-4_9/bin/../lib/gcc/powerpc-eabivle/4.9.4/e200z4/fp/crtend.o
 *(.text.*)
 .text.SystemInit
                0x00f9d414       0x48 ./SDK/platform/devices/MPC5744P/startup/system_MPC5744P.o
                0x00f9d414                SystemInit
 .text.init_data_bss
                0x00f9d45c       0xae ./SDK/platform/devices/startup.o
                0x00f9d45c                init_data_bss
 *fill*         0x00f9d50a        0x2 
 .text.CLOCK_SYS_GetIrcoscFreq
                0x00f9d50c       0x1e ./SDK/platform/drivers/src/clock/MPC57xx/clock_MPC57xx.o
 *fill*         0x00f9d52a        0x2 
 .text.CLOCK_SYS_GetXoscFreq
                0x00f9d52c       0x1e ./SDK/platform/drivers/src/clock/MPC57xx/clock_MPC57xx.o
 *fill*         0x00f9d54a        0x2 
 .text.CLOCK_SYS_GetPll0Phi0Freq
                0x00f9d54c       0x1e ./SDK/platform/drivers/src/clock/MPC57xx/clock_MPC57xx.o
 *fill*         0x00f9d56a        0x2 
 .text.CLOCK_SYS_GetPll0Phi1Freq
                0x00f9d56c       0x1e ./SDK/platform/drivers/src/clock/MPC57xx/clock_MPC57xx.o
 *fill*         0x00f9d58a        0x2 
 .text.CLOCK_SYS_CalculateFrequenciesOfClockSources
                0x00f9d58c      0x16a ./SDK/platform/drivers/src/clock/MPC57xx/clock_MPC57xx.o
 *fill*         0x00f9d6f6        0x2 
 .text.CLOCK_SYS_GetPll1Phi0Freq
                0x00f9d6f8       0x1e ./SDK/platform/drivers/src/clock/MPC57xx/clock_MPC57xx.o
 *fill*         0x00f9d716        0x2 
 .text.CLOCK_SYS_GetSystemClockFreq
                0x00f9d718      0x14e ./SDK/platform/drivers/src/clock/MPC57xx/clock_MPC57xx.o
 *fill*         0x00f9d866        0x2 
 .text.CLOCK_DRV_Init
                0x00f9d868      0xa18 ./SDK/platform/drivers/src/clock/MPC57xx/clock_MPC57xx.o
                0x00f9d868                CLOCK_DRV_Init
 .text.CLOCK_DRV_GetFreq
                0x00f9e280      0x5f2 ./SDK/platform/drivers/src/clock/MPC57xx/clock_MPC57xx.o
                0x00f9e280                CLOCK_DRV_GetFreq
 *fill*         0x00f9e872        0x2 
 .text.CLOCK_SYS_Init
                0x00f9e874       0x18 ./SDK/platform/drivers/src/clock/MPC57xx/clock_MPC57xx.o
                0x00f9e874                CLOCK_SYS_Init
 .text.CLOCK_SYS_UpdateConfiguration
                0x00f9e88c      0x172 ./SDK/platform/drivers/src/clock/MPC57xx/clock_MPC57xx.o
                0x00f9e88c                CLOCK_SYS_UpdateConfiguration
 *fill*         0x00f9e9fe        0x2 
 .text.CLOCK_SYS_GetFreq
                0x00f9ea00       0x14 ./SDK/platform/drivers/src/clock/MPC57xx/clock_MPC57xx.o
                0x00f9ea00                CLOCK_SYS_GetFreq
 .text.EDMA_DRV_InstallCallback
                0x00f9ea14       0x16 ./SDK/platform/drivers/src/edma/edma_driver.o
                0x00f9ea14                EDMA_DRV_InstallCallback
 *fill*         0x00f9ea2a        0x2 
 .text.EDMA_DRV_IRQHandler
                0x00f9ea2c       0x52 ./SDK/platform/drivers/src/edma/edma_driver.o
                0x00f9ea2c                EDMA_DRV_IRQHandler
 *fill*         0x00f9ea7e        0x2 
 .text.EDMA_DRV_ErrorIRQHandler
                0x00f9ea80       0x6c ./SDK/platform/drivers/src/edma/edma_driver.o
                0x00f9ea80                EDMA_DRV_ErrorIRQHandler
 .text.EDMA_DRV_ConfigSingleBlockTransfer
                0x00f9eaec      0x15c ./SDK/platform/drivers/src/edma/edma_driver.o
                0x00f9eaec                EDMA_DRV_ConfigSingleBlockTransfer
 .text.EDMA_DRV_ConfigMultiBlockTransfer
                0x00f9ec48       0x46 ./SDK/platform/drivers/src/edma/edma_driver.o
                0x00f9ec48                EDMA_DRV_ConfigMultiBlockTransfer
 *fill*         0x00f9ec8e        0x2 
 .text.EDMA_DRV_StartChannel
                0x00f9ec90       0x20 ./SDK/platform/drivers/src/edma/edma_driver.o
                0x00f9ec90                EDMA_DRV_StartChannel
 .text.EDMA_DRV_StopChannel
                0x00f9ecb0       0x20 ./SDK/platform/drivers/src/edma/edma_driver.o
                0x00f9ecb0                EDMA_DRV_StopChannel
 .text.EDMA_DRV_SetSrcAddr
                0x00f9ecd0       0x1e ./SDK/platform/drivers/src/edma/edma_driver.o
                0x00f9ecd0                EDMA_DRV_SetSrcAddr
 *fill*         0x00f9ecee        0x2 
 .text.EDMA_DRV_SetDestAddr
                0x00f9ecf0       0x1e ./SDK/platform/drivers/src/edma/edma_driver.o
                0x00f9ecf0                EDMA_DRV_SetDestAddr
 *fill*         0x00f9ed0e        0x2 
 .text.EDMA_DRV_SetMajorLoopIterationCount
                0x00f9ed10       0x1e ./SDK/platform/drivers/src/edma/edma_driver.o
                0x00f9ed10                EDMA_DRV_SetMajorLoopIterationCount
 *fill*         0x00f9ed2e        0x2 
 .text.EDMA_DRV_GetDmaRegBaseAddr
                0x00f9ed30        0x6 ./SDK/platform/drivers/src/edma/edma_driver.o
                0x00f9ed30                EDMA_DRV_GetDmaRegBaseAddr
 *fill*         0x00f9ed36        0x2 
 .text.EDMA_GetErrorIntStatusFlag
                0x00f9ed38        0xa ./SDK/platform/drivers/src/edma/edma_hw_access.o
                0x00f9ed38                EDMA_GetErrorIntStatusFlag
 *fill*         0x00f9ed42        0x2 
 .text.EDMA_ClearErrorIntStatusFlag
                0x00f9ed44        0x6 ./SDK/platform/drivers/src/edma/edma_hw_access.o
                0x00f9ed44                EDMA_ClearErrorIntStatusFlag
 *fill*         0x00f9ed4a        0x2 
 .text.EDMA_SetDmaRequestCmd
                0x00f9ed4c       0x12 ./SDK/platform/drivers/src/edma/edma_hw_access.o
                0x00f9ed4c                EDMA_SetDmaRequestCmd
 *fill*         0x00f9ed5e        0x2 
 .text.EDMA_ClearDoneStatusFlag
                0x00f9ed60        0x6 ./SDK/platform/drivers/src/edma/edma_hw_access.o
                0x00f9ed60                EDMA_ClearDoneStatusFlag
 *fill*         0x00f9ed66        0x2 
 .text.EDMA_ClearIntStatusFlag
                0x00f9ed68        0x6 ./SDK/platform/drivers/src/edma/edma_hw_access.o
                0x00f9ed68                EDMA_ClearIntStatusFlag
 *fill*         0x00f9ed6e        0x2 
 .text.EDMA_SetMinorLoopMappingCmd
                0x00f9ed70       0x14 ./SDK/platform/drivers/src/edma/edma_hw_access.o
                0x00f9ed70                EDMA_SetMinorLoopMappingCmd
 .text.EDMA_TCDClearReg
                0x00f9ed84       0x34 ./SDK/platform/drivers/src/edma/edma_hw_access.o
                0x00f9ed84                EDMA_TCDClearReg
 .text.EDMA_TCDSetSrcAddr
                0x00f9edb8        0xc ./SDK/platform/drivers/src/edma/edma_hw_access.o
                0x00f9edb8                EDMA_TCDSetSrcAddr
 .text.EDMA_TCDSetSrcOffset
                0x00f9edc4        0xe ./SDK/platform/drivers/src/edma/edma_hw_access.o
                0x00f9edc4                EDMA_TCDSetSrcOffset
 *fill*         0x00f9edd2        0x2 
 .text.EDMA_TCDSetAttribute
                0x00f9edd4       0x24 ./SDK/platform/drivers/src/edma/edma_hw_access.o
                0x00f9edd4                EDMA_TCDSetAttribute
 .text.EDMA_TCDSetNbytes
                0x00f9edf8       0x42 ./SDK/platform/drivers/src/edma/edma_hw_access.o
                0x00f9edf8                EDMA_TCDSetNbytes
 *fill*         0x00f9ee3a        0x2 
 .text.EDMA_TCDSetDestAddr
                0x00f9ee3c        0xa ./SDK/platform/drivers/src/edma/edma_hw_access.o
                0x00f9ee3c                EDMA_TCDSetDestAddr
 *fill*         0x00f9ee46        0x2 
 .text.EDMA_TCDSetDestOffset
                0x00f9ee48        0xc ./SDK/platform/drivers/src/edma/edma_hw_access.o
                0x00f9ee48                EDMA_TCDSetDestOffset
 .text.EDMA_TCDSetDisableDmaRequestAfterTCDDoneCmd
                0x00f9ee54       0x26 ./SDK/platform/drivers/src/edma/edma_hw_access.o
                0x00f9ee54                EDMA_TCDSetDisableDmaRequestAfterTCDDoneCmd
 *fill*         0x00f9ee7a        0x2 
 .text.EDMA_TCDSetMajorCompleteIntCmd
                0x00f9ee7c       0x26 ./SDK/platform/drivers/src/edma/edma_hw_access.o
                0x00f9ee7c                EDMA_TCDSetMajorCompleteIntCmd
 *fill*         0x00f9eea2        0x2 
 .text.EDMA_TCDSetMajorCount
                0x00f9eea4       0x5e ./SDK/platform/drivers/src/edma/edma_hw_access.o
                0x00f9eea4                EDMA_TCDSetMajorCount
 *fill*         0x00f9ef02        0x2 
 .text.DMA0_Ch0_IRQHandler
                0x00f9ef04       0x16 ./SDK/platform/drivers/src/edma/edma_irq.o
                0x00f9ef04                DMA0_Ch0_IRQHandler
 *fill*         0x00f9ef1a        0x2 
 .text.DMA0_Ch1_IRQHandler
                0x00f9ef1c       0x16 ./SDK/platform/drivers/src/edma/edma_irq.o
                0x00f9ef1c                DMA0_Ch1_IRQHandler
 *fill*         0x00f9ef32        0x2 
 .text.DMA0_Ch2_IRQHandler
                0x00f9ef34       0x16 ./SDK/platform/drivers/src/edma/edma_irq.o
                0x00f9ef34                DMA0_Ch2_IRQHandler
 *fill*         0x00f9ef4a        0x2 
 .text.DMA0_Ch3_IRQHandler
                0x00f9ef4c       0x16 ./SDK/platform/drivers/src/edma/edma_irq.o
                0x00f9ef4c                DMA0_Ch3_IRQHandler
 *fill*         0x00f9ef62        0x2 
 .text.DMA0_Ch4_IRQHandler
                0x00f9ef64       0x16 ./SDK/platform/drivers/src/edma/edma_irq.o
                0x00f9ef64                DMA0_Ch4_IRQHandler
 *fill*         0x00f9ef7a        0x2 
 .text.DMA0_Ch5_IRQHandler
                0x00f9ef7c       0x16 ./SDK/platform/drivers/src/edma/edma_irq.o
                0x00f9ef7c                DMA0_Ch5_IRQHandler
 *fill*         0x00f9ef92        0x2 
 .text.DMA0_Ch6_IRQHandler
                0x00f9ef94       0x16 ./SDK/platform/drivers/src/edma/edma_irq.o
                0x00f9ef94                DMA0_Ch6_IRQHandler
 *fill*         0x00f9efaa        0x2 
 .text.DMA0_Ch7_IRQHandler
                0x00f9efac       0x16 ./SDK/platform/drivers/src/edma/edma_irq.o
                0x00f9efac                DMA0_Ch7_IRQHandler
 *fill*         0x00f9efc2        0x2 
 .text.DMA0_Ch8_IRQHandler
                0x00f9efc4       0x16 ./SDK/platform/drivers/src/edma/edma_irq.o
                0x00f9efc4                DMA0_Ch8_IRQHandler
 *fill*         0x00f9efda        0x2 
 .text.DMA0_Ch9_IRQHandler
                0x00f9efdc       0x16 ./SDK/platform/drivers/src/edma/edma_irq.o
                0x00f9efdc                DMA0_Ch9_IRQHandler
 *fill*         0x00f9eff2        0x2 
 .text.DMA0_Ch10_IRQHandler
                0x00f9eff4       0x16 ./SDK/platform/drivers/src/edma/edma_irq.o
                0x00f9eff4                DMA0_Ch10_IRQHandler
 *fill*         0x00f9f00a        0x2 
 .text.DMA0_Ch11_IRQHandler
                0x00f9f00c       0x16 ./SDK/platform/drivers/src/edma/edma_irq.o
                0x00f9f00c                DMA0_Ch11_IRQHandler
 *fill*         0x00f9f022        0x2 
 .text.DMA0_Ch12_IRQHandler
                0x00f9f024       0x16 ./SDK/platform/drivers/src/edma/edma_irq.o
                0x00f9f024                DMA0_Ch12_IRQHandler
 *fill*         0x00f9f03a        0x2 
 .text.DMA0_Ch13_IRQHandler
                0x00f9f03c       0x16 ./SDK/platform/drivers/src/edma/edma_irq.o
                0x00f9f03c                DMA0_Ch13_IRQHandler
 *fill*         0x00f9f052        0x2 
 .text.DMA0_Ch14_IRQHandler
                0x00f9f054       0x16 ./SDK/platform/drivers/src/edma/edma_irq.o
                0x00f9f054                DMA0_Ch14_IRQHandler
 *fill*         0x00f9f06a        0x2 
 .text.DMA0_Ch15_IRQHandler
                0x00f9f06c       0x16 ./SDK/platform/drivers/src/edma/edma_irq.o
                0x00f9f06c                DMA0_Ch15_IRQHandler
 *fill*         0x00f9f082        0x2 
 .text.DMA0_Ch16_IRQHandler
                0x00f9f084       0x16 ./SDK/platform/drivers/src/edma/edma_irq.o
                0x00f9f084                DMA0_Ch16_IRQHandler
 *fill*         0x00f9f09a        0x2 
 .text.DMA0_Ch17_IRQHandler
                0x00f9f09c       0x16 ./SDK/platform/drivers/src/edma/edma_irq.o
                0x00f9f09c                DMA0_Ch17_IRQHandler
 *fill*         0x00f9f0b2        0x2 
 .text.DMA0_Ch18_IRQHandler
                0x00f9f0b4       0x16 ./SDK/platform/drivers/src/edma/edma_irq.o
                0x00f9f0b4                DMA0_Ch18_IRQHandler
 *fill*         0x00f9f0ca        0x2 
 .text.DMA0_Ch19_IRQHandler
                0x00f9f0cc       0x16 ./SDK/platform/drivers/src/edma/edma_irq.o
                0x00f9f0cc                DMA0_Ch19_IRQHandler
 *fill*         0x00f9f0e2        0x2 
 .text.DMA0_Ch20_IRQHandler
                0x00f9f0e4       0x16 ./SDK/platform/drivers/src/edma/edma_irq.o
                0x00f9f0e4                DMA0_Ch20_IRQHandler
 *fill*         0x00f9f0fa        0x2 
 .text.DMA0_Ch21_IRQHandler
                0x00f9f0fc       0x16 ./SDK/platform/drivers/src/edma/edma_irq.o
                0x00f9f0fc                DMA0_Ch21_IRQHandler
 *fill*         0x00f9f112        0x2 
 .text.DMA0_Ch22_IRQHandler
                0x00f9f114       0x16 ./SDK/platform/drivers/src/edma/edma_irq.o
                0x00f9f114                DMA0_Ch22_IRQHandler
 *fill*         0x00f9f12a        0x2 
 .text.DMA0_Ch23_IRQHandler
                0x00f9f12c       0x16 ./SDK/platform/drivers/src/edma/edma_irq.o
                0x00f9f12c                DMA0_Ch23_IRQHandler
 *fill*         0x00f9f142        0x2 
 .text.DMA0_Ch24_IRQHandler
                0x00f9f144       0x16 ./SDK/platform/drivers/src/edma/edma_irq.o
                0x00f9f144                DMA0_Ch24_IRQHandler
 *fill*         0x00f9f15a        0x2 
 .text.DMA0_Ch25_IRQHandler
                0x00f9f15c       0x16 ./SDK/platform/drivers/src/edma/edma_irq.o
                0x00f9f15c                DMA0_Ch25_IRQHandler
 *fill*         0x00f9f172        0x2 
 .text.DMA0_Ch26_IRQHandler
                0x00f9f174       0x16 ./SDK/platform/drivers/src/edma/edma_irq.o
                0x00f9f174                DMA0_Ch26_IRQHandler
 *fill*         0x00f9f18a        0x2 
 .text.DMA0_Ch27_IRQHandler
                0x00f9f18c       0x16 ./SDK/platform/drivers/src/edma/edma_irq.o
                0x00f9f18c                DMA0_Ch27_IRQHandler
 *fill*         0x00f9f1a2        0x2 
 .text.DMA0_Ch28_IRQHandler
                0x00f9f1a4       0x16 ./SDK/platform/drivers/src/edma/edma_irq.o
                0x00f9f1a4                DMA0_Ch28_IRQHandler
 *fill*         0x00f9f1ba        0x2 
 .text.DMA0_Ch29_IRQHandler
                0x00f9f1bc       0x16 ./SDK/platform/drivers/src/edma/edma_irq.o
                0x00f9f1bc                DMA0_Ch29_IRQHandler
 *fill*         0x00f9f1d2        0x2 
 .text.DMA0_Ch30_IRQHandler
                0x00f9f1d4       0x16 ./SDK/platform/drivers/src/edma/edma_irq.o
                0x00f9f1d4                DMA0_Ch30_IRQHandler
 *fill*         0x00f9f1ea        0x2 
 .text.DMA0_Ch31_IRQHandler
                0x00f9f1ec       0x16 ./SDK/platform/drivers/src/edma/edma_irq.o
                0x00f9f1ec                DMA0_Ch31_IRQHandler
 *fill*         0x00f9f202        0x2 
 .text.DMA0_Ch0_Ch31_Error_IRQHandler
                0x00f9f204       0x42 ./SDK/platform/drivers/src/edma/edma_irq.o
                0x00f9f204                DMA0_Ch0_Ch31_Error_IRQHandler
 *fill*         0x00f9f246        0x2 
 .text.ETIMER_DRV_Init
                0x00f9f248       0x72 ./SDK/platform/drivers/src/etimer/etimer_driver.o
                0x00f9f248                ETIMER_DRV_Init
 *fill*         0x00f9f2ba        0x2 
 .text.ETIMER_DRV_InitChannel
                0x00f9f2bc      0x268 ./SDK/platform/drivers/src/etimer/etimer_driver.o
                0x00f9f2bc                ETIMER_DRV_InitChannel
 .text.ETIMER_DRV_StartTimerChannels
                0x00f9f524       0x1a ./SDK/platform/drivers/src/etimer/etimer_driver.o
                0x00f9f524                ETIMER_DRV_StartTimerChannels
 *fill*         0x00f9f53e        0x2 
 .text.ETIMER_DRV_EnableInterruptSource
                0x00f9f540       0x1c ./SDK/platform/drivers/src/etimer/etimer_driver.o
                0x00f9f540                ETIMER_DRV_EnableInterruptSource
 .text.ETIMER_DRV_ClearInterruptStatus
                0x00f9f55c       0x16 ./SDK/platform/drivers/src/etimer/etimer_driver.o
                0x00f9f55c                ETIMER_DRV_ClearInterruptStatus
 *fill*         0x00f9f572        0x2 
 .text.ETIMER_DRV_GetInterruptNumber
                0x00f9f574       0x16 ./SDK/platform/drivers/src/etimer/etimer_driver.o
                0x00f9f574                ETIMER_DRV_GetInterruptNumber
 *fill*         0x00f9f58a        0x2 
 .text.FCCU_DRV_ClearFaults
                0x00f9f58c       0xbe ./SDK/platform/drivers/src/fccu/fccu_driver.o
                0x00f9f58c                FCCU_DRV_ClearFaults
 *fill*         0x00f9f64a        0x2 
 .text.FCCU_DRV_RunOperation
                0x00f9f64c       0xfa ./SDK/platform/drivers/src/fccu/fccu_driver.o
                0x00f9f64c                FCCU_DRV_RunOperation
 *fill*         0x00f9f746        0x2 
 .text.FCCU_DRV_ReadFaults
                0x00f9f748       0x34 ./SDK/platform/drivers/src/fccu/fccu_driver.o
                0x00f9f748                FCCU_DRV_ReadFaults
 .text.FCCU_DRV_GetConfigState
                0x00f9f77c       0x40 ./SDK/platform/drivers/src/fccu/fccu_driver.o
                0x00f9f77c                FCCU_DRV_GetConfigState
 .text.FCCU_DRV_SetConfigState
                0x00f9f7bc      0x14e ./SDK/platform/drivers/src/fccu/fccu_driver.o
                0x00f9f7bc                FCCU_DRV_SetConfigState
 *fill*         0x00f9f90a        0x2 
 .text.FCCU_DRV_SetNormalState
                0x00f9f90c       0xc6 ./SDK/platform/drivers/src/fccu/fccu_driver.o
                0x00f9f90c                FCCU_DRV_SetNormalState
 *fill*         0x00f9f9d2        0x2 
 .text.FCCU_DRV_LockConfig
                0x00f9f9d4       0x58 ./SDK/platform/drivers/src/fccu/fccu_driver.o
                0x00f9f9d4                FCCU_DRV_LockConfig
 .text.FCCU_DRV_IrqStatusSetEvent
                0x00f9fa2c       0x50 ./SDK/platform/drivers/src/fccu/fccu_driver.o
                0x00f9fa2c                FCCU_DRV_IrqStatusSetEvent
 .text.FCCU_DRV_IrqAlarmCallback
                0x00f9fa7c      0x11a ./SDK/platform/drivers/src/fccu/fccu_driver.o
                0x00f9fa7c                FCCU_DRV_IrqAlarmCallback
 *fill*         0x00f9fb96        0x2 
 .text.FCCU_DRV_IrqHandler
                0x00f9fb98       0xa2 ./SDK/platform/drivers/src/fccu/fccu_driver.o
                0x00f9fb98                FCCU_DRV_IrqHandler
 *fill*         0x00f9fc3a        0x2 
 .text.FCCU_DRV_SetNcfConfig
                0x00f9fc3c       0xa2 ./SDK/platform/drivers/src/fccu/fccu_driver.o
                0x00f9fc3c                FCCU_DRV_SetNcfConfig
 *fill*         0x00f9fcde        0x2 
 .text.FCCU_DRV_EoutSet
                0x00f9fce0      0x142 ./SDK/platform/drivers/src/fccu/fccu_driver.o
                0x00f9fce0                FCCU_DRV_EoutSet
 *fill*         0x00f9fe22        0x2 
 .text.FCCU_DRV_Init
                0x00f9fe24      0x1e2 ./SDK/platform/drivers/src/fccu/fccu_driver.o
                0x00f9fe24                FCCU_DRV_Init
 *fill*         0x00fa0006        0x2 
 .text.FCCU_DRV_Deinit
                0x00fa0008      0x12c ./SDK/platform/drivers/src/fccu/fccu_driver.o
                0x00fa0008                FCCU_DRV_Deinit
 .text.FCCU_SetNCFConfig
                0x00fa0134       0x1c ./SDK/platform/drivers/src/fccu/fccu_hw_access.o
                0x00fa0134                FCCU_SetNCFConfig
 .text.FCCU_SetNCFStatusConfig
                0x00fa0150       0x20 ./SDK/platform/drivers/src/fccu/fccu_hw_access.o
                0x00fa0150                FCCU_SetNCFStatusConfig
 .text.FCCU_ClearNCFsStatus
                0x00fa0170       0x16 ./SDK/platform/drivers/src/fccu/fccu_hw_access.o
                0x00fa0170                FCCU_ClearNCFsStatus
 *fill*         0x00fa0186        0x2 
 .text.FCCU_SetNCFEnable
                0x00fa0188       0x20 ./SDK/platform/drivers/src/fccu/fccu_hw_access.o
                0x00fa0188                FCCU_SetNCFEnable
 .text.FCCU_SetNCFTimeoutEnable
                0x00fa01a8       0x20 ./SDK/platform/drivers/src/fccu/fccu_hw_access.o
                0x00fa01a8                FCCU_SetNCFTimeoutEnable
 .text.FCCU_GetIntStatus
                0x00fa01c8       0x1c ./SDK/platform/drivers/src/fccu/fccu_hw_access.o
                0x00fa01c8                FCCU_GetIntStatus
 .text.FCCU_ClearIntFlag
                0x00fa01e4       0x20 ./SDK/platform/drivers/src/fccu/fccu_hw_access.o
                0x00fa01e4                FCCU_ClearIntFlag
 .text.FCCU_SetIntEnable
                0x00fa0204       0x28 ./SDK/platform/drivers/src/fccu/fccu_hw_access.o
                0x00fa0204                FCCU_SetIntEnable
 .text.FCCU_SetIntSource
                0x00fa022c       0x6c ./SDK/platform/drivers/src/fccu/fccu_hw_access.o
                0x00fa022c                FCCU_SetIntSource
 .text.FCCU0_IRQ_Handler
                0x00fa0298       0x16 ./SDK/platform/drivers/src/fccu/fccu_irq.o
                0x00fa0298                FCCU0_IRQ_Handler
 *fill*         0x00fa02ae        0x2 
 .text.FLEXCAN_StartSendData
                0x00fa02b0       0xc4 ./SDK/platform/drivers/src/flexcan/flexcan_driver.o
 .text.FLEXCAN_StartRxMessageBufferData
                0x00fa0374       0x9c ./SDK/platform/drivers/src/flexcan/flexcan_driver.o
 .text.FLEXCAN_CompleteTransfer
                0x00fa0410       0x56 ./SDK/platform/drivers/src/flexcan/flexcan_driver.o
 *fill*         0x00fa0466        0x2 
 .text.FLEXCAN_DRV_SetRxFifoGlobalMask
                0x00fa0468       0xb6 ./SDK/platform/drivers/src/flexcan/flexcan_driver.o
                0x00fa0468                FLEXCAN_DRV_SetRxFifoGlobalMask
 *fill*         0x00fa051e        0x2 
 .text.FLEXCAN_DRV_SetRxIndividualMask
                0x00fa0520      0x162 ./SDK/platform/drivers/src/flexcan/flexcan_driver.o
                0x00fa0520                FLEXCAN_DRV_SetRxIndividualMask
 *fill*         0x00fa0682        0x2 
 .text.FLEXCAN_DRV_Init
                0x00fa0684      0x1ac ./SDK/platform/drivers/src/flexcan/flexcan_driver.o
                0x00fa0684                FLEXCAN_DRV_Init
 .text.FLEXCAN_DRV_ConfigTxMb
                0x00fa0830       0x38 ./SDK/platform/drivers/src/flexcan/flexcan_driver.o
                0x00fa0830                FLEXCAN_DRV_ConfigTxMb
 .text.FLEXCAN_DRV_Send
                0x00fa0868       0x42 ./SDK/platform/drivers/src/flexcan/flexcan_driver.o
                0x00fa0868                FLEXCAN_DRV_Send
 *fill*         0x00fa08aa        0x2 
 .text.FLEXCAN_DRV_ConfigRxMb
                0x00fa08ac       0x96 ./SDK/platform/drivers/src/flexcan/flexcan_driver.o
                0x00fa08ac                FLEXCAN_DRV_ConfigRxMb
 *fill*         0x00fa0942        0x2 
 .text.FLEXCAN_DRV_Receive
                0x00fa0944       0x16 ./SDK/platform/drivers/src/flexcan/flexcan_driver.o
                0x00fa0944                FLEXCAN_DRV_Receive
 *fill*         0x00fa095a        0x2 
 .text.FLEXCAN_IRQHandler
                0x00fa095c      0x2ea ./SDK/platform/drivers/src/flexcan/flexcan_driver.o
                0x00fa095c                FLEXCAN_IRQHandler
 *fill*         0x00fa0c46        0x2 
 .text.FLEXCAN_Error_IRQHandler
                0x00fa0c48       0x46 ./SDK/platform/drivers/src/flexcan/flexcan_driver.o
                0x00fa0c48                FLEXCAN_Error_IRQHandler
 *fill*         0x00fa0c8e        0x2 
 .text.FLEXCAN_DRV_GetTransferStatus
                0x00fa0c90       0x20 ./SDK/platform/drivers/src/flexcan/flexcan_driver.o
                0x00fa0c90                FLEXCAN_DRV_GetTransferStatus
 .text.FLEXCAN_DRV_InstallEventCallback
                0x00fa0cb0       0x18 ./SDK/platform/drivers/src/flexcan/flexcan_driver.o
                0x00fa0cb0                FLEXCAN_DRV_InstallEventCallback
 .text.FLEXCAN_GetRxFifoMask
                0x00fa0cc8       0x74 ./SDK/platform/drivers/src/flexcan/flexcan_hw_access.o
                0x00fa0cc8                FLEXCAN_GetRxFifoMask
 .text.FLEXCAN_GetMaxMbNum
                0x00fa0d3c       0x30 ./SDK/platform/drivers/src/flexcan/flexcan_hw_access.o
                0x00fa0d3c                FLEXCAN_GetMaxMbNum
 .text.FLEXCAN_GetMsgBuffRegion
                0x00fa0d6c        0xa ./SDK/platform/drivers/src/flexcan/flexcan_hw_access.o
                0x00fa0d6c                FLEXCAN_GetMsgBuffRegion
 *fill*         0x00fa0d76        0x2 
 .text.FLEXCAN_Enable
                0x00fa0d78       0x24 ./SDK/platform/drivers/src/flexcan/flexcan_hw_access.o
                0x00fa0d78                FLEXCAN_Enable
 .text.FLEXCAN_Disable
                0x00fa0d9c       0x18 ./SDK/platform/drivers/src/flexcan/flexcan_hw_access.o
                0x00fa0d9c                FLEXCAN_Disable
 .text.FLEXCAN_Init
                0x00fa0db4       0xa4 ./SDK/platform/drivers/src/flexcan/flexcan_hw_access.o
                0x00fa0db4                FLEXCAN_Init
 .text.FLEXCAN_SetTxMsgBuff
                0x00fa0e58      0x196 ./SDK/platform/drivers/src/flexcan/flexcan_hw_access.o
                0x00fa0e58                FLEXCAN_SetTxMsgBuff
 *fill*         0x00fa0fee        0x2 
 .text.FLEXCAN_SetRxMsgBuff
                0x00fa0ff0       0xe4 ./SDK/platform/drivers/src/flexcan/flexcan_hw_access.o
                0x00fa0ff0                FLEXCAN_SetRxMsgBuff
 .text.FLEXCAN_GetMsgBuff
                0x00fa10d4       0x9a ./SDK/platform/drivers/src/flexcan/flexcan_hw_access.o
                0x00fa10d4                FLEXCAN_GetMsgBuff
 *fill*         0x00fa116e        0x2 
 .text.FLEXCAN_LockRxMsgBuff
                0x00fa1170       0x16 ./SDK/platform/drivers/src/flexcan/flexcan_hw_access.o
                0x00fa1170                FLEXCAN_LockRxMsgBuff
 *fill*         0x00fa1186        0x2 
 .text.FLEXCAN_EnableRxFifo
                0x00fa1188       0x5e ./SDK/platform/drivers/src/flexcan/flexcan_hw_access.o
                0x00fa1188                FLEXCAN_EnableRxFifo
 *fill*         0x00fa11e6        0x2 
 .text.FLEXCAN_SetMaxMsgBuffNum
                0x00fa11e8       0x8e ./SDK/platform/drivers/src/flexcan/flexcan_hw_access.o
                0x00fa11e8                FLEXCAN_SetMaxMsgBuffNum
 *fill*         0x00fa1276        0x2 
 .text.FLEXCAN_SetMsgBuffIntCmd
                0x00fa1278       0x80 ./SDK/platform/drivers/src/flexcan/flexcan_hw_access.o
                0x00fa1278                FLEXCAN_SetMsgBuffIntCmd
 .text.FLEXCAN_ExitFreezeMode
                0x00fa12f8       0x16 ./SDK/platform/drivers/src/flexcan/flexcan_hw_access.o
                0x00fa12f8                FLEXCAN_ExitFreezeMode
 *fill*         0x00fa130e        0x2 
 .text.FLEXCAN_EnterFreezeMode
                0x00fa1310       0x70 ./SDK/platform/drivers/src/flexcan/flexcan_hw_access.o
                0x00fa1310                FLEXCAN_EnterFreezeMode
 .text.FLEXCAN_ClearErrIntStatusFlag
                0x00fa1380       0x1e ./SDK/platform/drivers/src/flexcan/flexcan_hw_access.o
                0x00fa1380                FLEXCAN_ClearErrIntStatusFlag
 *fill*         0x00fa139e        0x2 
 .text.FLEXCAN_ReadRxFifo
                0x00fa13a0       0x60 ./SDK/platform/drivers/src/flexcan/flexcan_hw_access.o
                0x00fa13a0                FLEXCAN_ReadRxFifo
 .text.FLEXCAN_SetOperationMode
                0x00fa1400       0x70 ./SDK/platform/drivers/src/flexcan/flexcan_hw_access.o
                0x00fa1400                FLEXCAN_SetOperationMode
 .text.CAN0_ORed_IRQHandler
                0x00fa1470       0x16 ./SDK/platform/drivers/src/flexcan/flexcan_irq.o
                0x00fa1470                CAN0_ORed_IRQHandler
 *fill*         0x00fa1486        0x2 
 .text.CAN0_Error_IRQHandler
                0x00fa1488       0x16 ./SDK/platform/drivers/src/flexcan/flexcan_irq.o
                0x00fa1488                CAN0_Error_IRQHandler
 *fill*         0x00fa149e        0x2 
 .text.CAN0_ORed_00_03_MB_IRQHandler
                0x00fa14a0       0x16 ./SDK/platform/drivers/src/flexcan/flexcan_irq.o
                0x00fa14a0                CAN0_ORed_00_03_MB_IRQHandler
 *fill*         0x00fa14b6        0x2 
 .text.CAN0_ORed_04_07_MB_IRQHandler
                0x00fa14b8       0x16 ./SDK/platform/drivers/src/flexcan/flexcan_irq.o
                0x00fa14b8                CAN0_ORed_04_07_MB_IRQHandler
 *fill*         0x00fa14ce        0x2 
 .text.CAN0_ORed_08_11_MB_IRQHandler
                0x00fa14d0       0x16 ./SDK/platform/drivers/src/flexcan/flexcan_irq.o
                0x00fa14d0                CAN0_ORed_08_11_MB_IRQHandler
 *fill*         0x00fa14e6        0x2 
 .text.CAN0_ORed_12_15_MB_IRQHandler
                0x00fa14e8       0x16 ./SDK/platform/drivers/src/flexcan/flexcan_irq.o
                0x00fa14e8                CAN0_ORed_12_15_MB_IRQHandler
 *fill*         0x00fa14fe        0x2 
 .text.CAN0_ORed_16_31_MB_IRQHandler
                0x00fa1500       0x16 ./SDK/platform/drivers/src/flexcan/flexcan_irq.o
                0x00fa1500                CAN0_ORed_16_31_MB_IRQHandler
 *fill*         0x00fa1516        0x2 
 .text.CAN0_ORed_32_39_MB_IRQHandler
                0x00fa1518       0x16 ./SDK/platform/drivers/src/flexcan/flexcan_irq.o
                0x00fa1518                CAN0_ORed_32_39_MB_IRQHandler
 *fill*         0x00fa152e        0x2 
 .text.CAN0_ORed_40_47_MB_IRQHandler
                0x00fa1530       0x16 ./SDK/platform/drivers/src/flexcan/flexcan_irq.o
                0x00fa1530                CAN0_ORed_40_47_MB_IRQHandler
 *fill*         0x00fa1546        0x2 
 .text.CAN0_ORed_48_55_MB_IRQHandler
                0x00fa1548       0x16 ./SDK/platform/drivers/src/flexcan/flexcan_irq.o
                0x00fa1548                CAN0_ORed_48_55_MB_IRQHandler
 *fill*         0x00fa155e        0x2 
 .text.CAN0_ORed_56_63_MB_IRQHandler
                0x00fa1560       0x16 ./SDK/platform/drivers/src/flexcan/flexcan_irq.o
                0x00fa1560                CAN0_ORed_56_63_MB_IRQHandler
 *fill*         0x00fa1576        0x2 
 .text.CAN1_ORed_IRQHandler
                0x00fa1578       0x16 ./SDK/platform/drivers/src/flexcan/flexcan_irq.o
                0x00fa1578                CAN1_ORed_IRQHandler
 *fill*         0x00fa158e        0x2 
 .text.CAN1_Error_IRQHandler
                0x00fa1590       0x16 ./SDK/platform/drivers/src/flexcan/flexcan_irq.o
                0x00fa1590                CAN1_Error_IRQHandler
 *fill*         0x00fa15a6        0x2 
 .text.CAN1_ORed_00_03_MB_IRQHandler
                0x00fa15a8       0x16 ./SDK/platform/drivers/src/flexcan/flexcan_irq.o
                0x00fa15a8                CAN1_ORed_00_03_MB_IRQHandler
 *fill*         0x00fa15be        0x2 
 .text.CAN1_ORed_04_07_MB_IRQHandler
                0x00fa15c0       0x16 ./SDK/platform/drivers/src/flexcan/flexcan_irq.o
                0x00fa15c0                CAN1_ORed_04_07_MB_IRQHandler
 *fill*         0x00fa15d6        0x2 
 .text.CAN1_ORed_08_11_MB_IRQHandler
                0x00fa15d8       0x16 ./SDK/platform/drivers/src/flexcan/flexcan_irq.o
                0x00fa15d8                CAN1_ORed_08_11_MB_IRQHandler
 *fill*         0x00fa15ee        0x2 
 .text.CAN1_ORed_12_15_MB_IRQHandler
                0x00fa15f0       0x16 ./SDK/platform/drivers/src/flexcan/flexcan_irq.o
                0x00fa15f0                CAN1_ORed_12_15_MB_IRQHandler
 *fill*         0x00fa1606        0x2 
 .text.CAN1_ORed_16_31_MB_IRQHandler
                0x00fa1608       0x16 ./SDK/platform/drivers/src/flexcan/flexcan_irq.o
                0x00fa1608                CAN1_ORed_16_31_MB_IRQHandler
 *fill*         0x00fa161e        0x2 
 .text.CAN1_ORed_32_39_MB_IRQHandler
                0x00fa1620       0x16 ./SDK/platform/drivers/src/flexcan/flexcan_irq.o
                0x00fa1620                CAN1_ORed_32_39_MB_IRQHandler
 *fill*         0x00fa1636        0x2 
 .text.CAN1_ORed_40_47_MB_IRQHandler
                0x00fa1638       0x16 ./SDK/platform/drivers/src/flexcan/flexcan_irq.o
                0x00fa1638                CAN1_ORed_40_47_MB_IRQHandler
 *fill*         0x00fa164e        0x2 
 .text.CAN1_ORed_48_55_MB_IRQHandler
                0x00fa1650       0x16 ./SDK/platform/drivers/src/flexcan/flexcan_irq.o
                0x00fa1650                CAN1_ORed_48_55_MB_IRQHandler
 *fill*         0x00fa1666        0x2 
 .text.CAN1_ORed_56_63_MB_IRQHandler
                0x00fa1668       0x16 ./SDK/platform/drivers/src/flexcan/flexcan_irq.o
                0x00fa1668                CAN1_ORed_56_63_MB_IRQHandler
 *fill*         0x00fa167e        0x2 
 .text.CAN2_ORed_IRQHandler
                0x00fa1680       0x16 ./SDK/platform/drivers/src/flexcan/flexcan_irq.o
                0x00fa1680                CAN2_ORed_IRQHandler
 *fill*         0x00fa1696        0x2 
 .text.CAN2_Error_IRQHandler
                0x00fa1698       0x16 ./SDK/platform/drivers/src/flexcan/flexcan_irq.o
                0x00fa1698                CAN2_Error_IRQHandler
 *fill*         0x00fa16ae        0x2 
 .text.CAN2_ORed_00_03_MB_IRQHandler
                0x00fa16b0       0x16 ./SDK/platform/drivers/src/flexcan/flexcan_irq.o
                0x00fa16b0                CAN2_ORed_00_03_MB_IRQHandler
 *fill*         0x00fa16c6        0x2 
 .text.CAN2_ORed_04_07_MB_IRQHandler
                0x00fa16c8       0x16 ./SDK/platform/drivers/src/flexcan/flexcan_irq.o
                0x00fa16c8                CAN2_ORed_04_07_MB_IRQHandler
 *fill*         0x00fa16de        0x2 
 .text.CAN2_ORed_08_11_MB_IRQHandler
                0x00fa16e0       0x16 ./SDK/platform/drivers/src/flexcan/flexcan_irq.o
                0x00fa16e0                CAN2_ORed_08_11_MB_IRQHandler
 *fill*         0x00fa16f6        0x2 
 .text.CAN2_ORed_12_15_MB_IRQHandler
                0x00fa16f8       0x16 ./SDK/platform/drivers/src/flexcan/flexcan_irq.o
                0x00fa16f8                CAN2_ORed_12_15_MB_IRQHandler
 *fill*         0x00fa170e        0x2 
 .text.CAN2_ORed_16_31_MB_IRQHandler
                0x00fa1710       0x16 ./SDK/platform/drivers/src/flexcan/flexcan_irq.o
                0x00fa1710                CAN2_ORed_16_31_MB_IRQHandler
 *fill*         0x00fa1726        0x2 
 .text.CAN2_ORed_32_39_MB_IRQHandler
                0x00fa1728       0x16 ./SDK/platform/drivers/src/flexcan/flexcan_irq.o
                0x00fa1728                CAN2_ORed_32_39_MB_IRQHandler
 *fill*         0x00fa173e        0x2 
 .text.CAN2_ORed_40_47_MB_IRQHandler
                0x00fa1740       0x16 ./SDK/platform/drivers/src/flexcan/flexcan_irq.o
                0x00fa1740                CAN2_ORed_40_47_MB_IRQHandler
 *fill*         0x00fa1756        0x2 
 .text.CAN2_ORed_48_55_MB_IRQHandler
                0x00fa1758       0x16 ./SDK/platform/drivers/src/flexcan/flexcan_irq.o
                0x00fa1758                CAN2_ORed_48_55_MB_IRQHandler
 *fill*         0x00fa176e        0x2 
 .text.CAN2_ORed_56_63_MB_IRQHandler
                0x00fa1770       0x16 ./SDK/platform/drivers/src/flexcan/flexcan_irq.o
                0x00fa1770                CAN2_ORed_56_63_MB_IRQHandler
 *fill*         0x00fa1786        0x2 
 .text.INT_SYS_InstallHandler
                0x00fa1788       0x28 ./SDK/platform/drivers/src/interrupt/interrupt_manager_MPC57xx.o
                0x00fa1788                INT_SYS_InstallHandler
 .text.INT_SYS_EnableIRQ
                0x00fa17b0       0x34 ./SDK/platform/drivers/src/interrupt/interrupt_manager_MPC57xx.o
                0x00fa17b0                INT_SYS_EnableIRQ
 .text.INT_SYS_DisableIRQ
                0x00fa17e4       0x30 ./SDK/platform/drivers/src/interrupt/interrupt_manager_MPC57xx.o
                0x00fa17e4                INT_SYS_DisableIRQ
 .text.INT_SYS_EnableIRQGlobal
                0x00fa1814       0x26 ./SDK/platform/drivers/src/interrupt/interrupt_manager_MPC57xx.o
                0x00fa1814                INT_SYS_EnableIRQGlobal
 *fill*         0x00fa183a        0x2 
 .text.INT_SYS_DisableIRQGlobal
                0x00fa183c       0x10 ./SDK/platform/drivers/src/interrupt/interrupt_manager_MPC57xx.o
                0x00fa183c                INT_SYS_DisableIRQGlobal
 .text.LINFLEXD_UART_DRV_PutData
                0x00fa184c       0x7c ./SDK/platform/drivers/src/linflexd/linflexd_uart_driver.o
 .text.LINFLEXD_UART_DRV_StartSendUsingInterrupts
                0x00fa18c8       0x5e ./SDK/platform/drivers/src/linflexd/linflexd_uart_driver.o
 *fill*         0x00fa1926        0x2 
 .text.LINFLEXD_UART_DRV_StartSendUsingDma
                0x00fa1928       0xb6 ./SDK/platform/drivers/src/linflexd/linflexd_uart_driver.o
 *fill*         0x00fa19de        0x2 
 .text.LINFLEXD_UART_DRV_CompleteSendUsingInterrupts
                0x00fa19e0       0x56 ./SDK/platform/drivers/src/linflexd/linflexd_uart_driver.o
 *fill*         0x00fa1a36        0x2 
 .text.LINFLEXD_UART_DRV_CompleteReceiveUsingInterrupts
                0x00fa1a38       0x60 ./SDK/platform/drivers/src/linflexd/linflexd_uart_driver.o
 .text.LINFLEXD_UART_DRV_CompleteSendUsingDma
                0x00fa1a98       0xca ./SDK/platform/drivers/src/linflexd/linflexd_uart_driver.o
 *fill*         0x00fa1b62        0x2 
 .text.LINFLEXD_UART_DRV_CompleteReceiveUsingDma
                0x00fa1b64       0xea ./SDK/platform/drivers/src/linflexd/linflexd_uart_driver.o
 *fill*         0x00fa1c4e        0x2 
 .text.LINFLEXD_UART_DRV_SetBaudRate
                0x00fa1c50       0xf8 ./SDK/platform/drivers/src/linflexd/linflexd_uart_driver.o
                0x00fa1c50                LINFLEXD_UART_DRV_SetBaudRate
 .text.LINFLEXD_UART_DRV_InstallRxCallback
                0x00fa1d48       0x12 ./SDK/platform/drivers/src/linflexd/linflexd_uart_driver.o
                0x00fa1d48                LINFLEXD_UART_DRV_InstallRxCallback
 *fill*         0x00fa1d5a        0x2 
 .text.LINFLEXD_UART_DRV_InstallTxCallback
                0x00fa1d5c       0x12 ./SDK/platform/drivers/src/linflexd/linflexd_uart_driver.o
                0x00fa1d5c                LINFLEXD_UART_DRV_InstallTxCallback
 *fill*         0x00fa1d6e        0x2 
 .text.LINFLEXD_UART_DRV_Init
                0x00fa1d70      0x1e0 ./SDK/platform/drivers/src/linflexd/linflexd_uart_driver.o
                0x00fa1d70                LINFLEXD_UART_DRV_Init
 .text.LINFLEXD_UART_DRV_SendDataBlocking
                0x00fa1f50       0x82 ./SDK/platform/drivers/src/linflexd/linflexd_uart_driver.o
                0x00fa1f50                LINFLEXD_UART_DRV_SendDataBlocking
 *fill*         0x00fa1fd2        0x2 
 .text.LINFLEXD_UART_DRV_RxIRQHandler
                0x00fa1fd4       0xd6 ./SDK/platform/drivers/src/linflexd/linflexd_uart_driver.o
                0x00fa1fd4                LINFLEXD_UART_DRV_RxIRQHandler
 *fill*         0x00fa20aa        0x2 
 .text.LINFLEXD_UART_DRV_TxIRQHandler
                0x00fa20ac       0x8a ./SDK/platform/drivers/src/linflexd/linflexd_uart_driver.o
                0x00fa20ac                LINFLEXD_UART_DRV_TxIRQHandler
 *fill*         0x00fa2136        0x2 
 .text.LINFLEXD_UART_DRV_ErrIRQHandler
                0x00fa2138       0x86 ./SDK/platform/drivers/src/linflexd/linflexd_uart_driver.o
                0x00fa2138                LINFLEXD_UART_DRV_ErrIRQHandler
 *fill*         0x00fa21be        0x2 
 .text.LINFLEXD0_UART_RxIRQHandler
                0x00fa21c0       0x16 ./SDK/platform/drivers/src/linflexd/linflexd_uart_irq.o
                0x00fa21c0                LINFLEXD0_UART_RxIRQHandler
 *fill*         0x00fa21d6        0x2 
 .text.LINFLEXD1_UART_RxIRQHandler
                0x00fa21d8       0x16 ./SDK/platform/drivers/src/linflexd/linflexd_uart_irq.o
                0x00fa21d8                LINFLEXD1_UART_RxIRQHandler
 *fill*         0x00fa21ee        0x2 
 .text.LINFLEXD0_UART_TxIRQHandler
                0x00fa21f0       0x16 ./SDK/platform/drivers/src/linflexd/linflexd_uart_irq.o
                0x00fa21f0                LINFLEXD0_UART_TxIRQHandler
 *fill*         0x00fa2206        0x2 
 .text.LINFLEXD1_UART_TxIRQHandler
                0x00fa2208       0x16 ./SDK/platform/drivers/src/linflexd/linflexd_uart_irq.o
                0x00fa2208                LINFLEXD1_UART_TxIRQHandler
 *fill*         0x00fa221e        0x2 
 .text.LINFLEXD0_UART_ErrIRQHandler
                0x00fa2220       0x16 ./SDK/platform/drivers/src/linflexd/linflexd_uart_irq.o
                0x00fa2220                LINFLEXD0_UART_ErrIRQHandler
 *fill*         0x00fa2236        0x2 
 .text.LINFLEXD1_UART_ErrIRQHandler
                0x00fa2238       0x16 ./SDK/platform/drivers/src/linflexd/linflexd_uart_irq.o
                0x00fa2238                LINFLEXD1_UART_ErrIRQHandler
 *fill*         0x00fa224e        0x2 
 .text.PINS_DRV_Init
                0x00fa2250       0x38 ./SDK/platform/drivers/src/pins/siul2/pins_siul2_driver.o
                0x00fa2250                PINS_DRV_Init
 .text.PINS_DRV_TogglePins
                0x00fa2288       0x4c ./SDK/platform/drivers/src/pins/siul2/pins_siul2_driver.o
                0x00fa2288                PINS_DRV_TogglePins
 .text.PINS_Init
                0x00fa22d4      0x170 ./SDK/platform/drivers/src/pins/siul2/siul2_hw_access.o
                0x00fa22d4                PINS_Init
 .text.SWT_DRV_Init
                0x00fa2444       0x48 ./SDK/platform/drivers/src/swt/swt_driver.o
                0x00fa2444                SWT_DRV_Init
 .text.SWT_DRV_Deinit
                0x00fa248c       0x3a ./SDK/platform/drivers/src/swt/swt_driver.o
                0x00fa248c                SWT_DRV_Deinit
 *fill*         0x00fa24c6        0x2 
 .text.SWT_DRV_Service
                0x00fa24c8       0x78 ./SDK/platform/drivers/src/swt/swt_driver.o
                0x00fa24c8                SWT_DRV_Service
 .text.SWT_DRV_SetTimeoutValue
                0x00fa2540       0x34 ./SDK/platform/drivers/src/swt/swt_driver.o
                0x00fa2540                SWT_DRV_SetTimeoutValue
 .text.SWT_UnLock
                0x00fa2574       0x2e ./SDK/platform/drivers/src/swt/swt_hw_access.o
                0x00fa2574                SWT_UnLock
 *fill*         0x00fa25a2        0x2 
 .text.SWT_Reset
                0x00fa25a4       0x1c ./SDK/platform/drivers/src/swt/swt_hw_access.o
                0x00fa25a4                SWT_Reset
 .text.SWT_Config
                0x00fa25c0       0xdc ./SDK/platform/drivers/src/swt/swt_hw_access.o
                0x00fa25c0                SWT_Config
 .text.SWT_GetServiceMode
                0x00fa269c       0x12 ./SDK/platform/drivers/src/swt/swt_hw_access.o
                0x00fa269c                SWT_GetServiceMode
 *fill*         0x00fa26ae        0x2 
 .text.UART_Init
                0x00fa26b0      0x10c ./SDK/platform/pal/src/uart/uart_pal.o
                0x00fa26b0                UART_Init
 .text.UART_SendDataBlocking
                0x00fa27bc       0x24 ./SDK/platform/pal/src/uart/uart_pal.o
                0x00fa27bc                UART_SendDataBlocking
 .text.WDG_Init
                0x00fa27e0       0x78 ./SDK/platform/pal/src/wdg/wdg_pal.o
                0x00fa27e0                WDG_Init
 .text.WDG_Refresh
                0x00fa2858       0x1e ./SDK/platform/pal/src/wdg/wdg_pal.o
                0x00fa2858                WDG_Refresh
 *fill*         0x00fa2876        0x2 
 .text.WDG_Deinit
                0x00fa2878       0x22 ./SDK/platform/pal/src/wdg/wdg_pal.o
                0x00fa2878                WDG_Deinit
 *fill*         0x00fa289a        0x2 
 .text.WDG_SetTimeout
                0x00fa289c       0x22 ./SDK/platform/pal/src/wdg/wdg_pal.o
                0x00fa289c                WDG_SetTimeout
 *fill*         0x00fa28be        0x2 
 .text.OSIF_PIT_IRQHandler
                0x00fa28c0       0x22 ./SDK/rtos/osif/osif_baremetal.o
                0x00fa28c0                OSIF_PIT_IRQHandler
 *fill*         0x00fa28e2        0x2 
 .text.OSIF_TimeDelay
                0x00fa28e4       0xa6 ./SDK/rtos/osif/osif_baremetal.o
                0x00fa28e4                OSIF_TimeDelay
 *fill*         0x00fa298a        0x2 
 .text.OSIF_GetMilliseconds
                0x00fa298c        0x6 ./SDK/rtos/osif/osif_baremetal.o
                0x00fa298c                OSIF_GetMilliseconds
 *fill*         0x00fa2992        0x2 
 .text.OSIF_SemaWait
                0x00fa2994       0xe4 ./SDK/rtos/osif/osif_baremetal.o
                0x00fa2994                OSIF_SemaWait
 .text.OSIF_SemaPost
                0x00fa2a78       0x3a ./SDK/rtos/osif/osif_baremetal.o
                0x00fa2a78                OSIF_SemaPost
 *fill*         0x00fa2ab2        0x2 
 .text.OSIF_SemaCreate
                0x00fa2ab4       0x28 ./SDK/rtos/osif/osif_baremetal.o
                0x00fa2ab4                OSIF_SemaCreate
 .text.OSIF_SemaDestroy
                0x00fa2adc        0x4 ./SDK/rtos/osif/osif_baremetal.o
                0x00fa2adc                OSIF_SemaDestroy
 .text.Bootloader_DebugPrintInit
                0x00fa2ae0       0x20 ./Sources/bootloader/Debug/src/bootloader_debug.o
                0x00fa2ae0                Bootloader_DebugPrintInit
 .text.BOOTLOADER_DEBUG_Init
                0x00fa2b00       0x18 ./Sources/bootloader/Debug/src/bootloader_debug.o
                0x00fa2b00                BOOTLOADER_DEBUG_Init
 .text.Bootloader_DebugPrint
                0x00fa2b18       0x70 ./Sources/bootloader/Debug/src/bootloader_debug.o
                0x00fa2b18                Bootloader_DebugPrint
 .text.DEBUG_IO_Init
                0x00fa2b88        0x2 ./Sources/bootloader/Debug/src/debug_IO.o
                0x00fa2b88                DEBUG_IO_Init
 *fill*         0x00fa2b8a        0x2 
 .text.DEBUG_IO_ToggleDebugIO
                0x00fa2b8c       0x1a ./Sources/bootloader/Debug/src/debug_IO.o
                0x00fa2b8c                DEBUG_IO_ToggleDebugIO
 *fill*         0x00fa2ba6        0x2 
 .text.BOOTLOADER_MAIN_Init
                0x00fa2ba8       0x86 ./Sources/bootloader/Demo/bootloader_main.o
                0x00fa2ba8                BOOTLOADER_MAIN_Init
 *fill*         0x00fa2c2e        0x2 
 .text.BOOTLOADER_MAIN_Demo
                0x00fa2c30       0x5a ./Sources/bootloader/Demo/bootloader_main.o
                0x00fa2c30                BOOTLOADER_MAIN_Demo
 *fill*         0x00fa2c8a        0x2 
 .text.FindFifo
                0x00fa2c8c       0x46 ./Sources/bootloader/FIFO/src/multi_cyc_fifo.o
 *fill*         0x00fa2cd2        0x2 
 .text.ApplyFifo
                0x00fa2cd4       0xea ./Sources/bootloader/FIFO/src/multi_cyc_fifo.o
                0x00fa2cd4                ApplyFifo
 *fill*         0x00fa2dbe        0x2 
 .text.GetCanReadLen
                0x00fa2dc0       0x84 ./Sources/bootloader/FIFO/src/multi_cyc_fifo.o
                0x00fa2dc0                GetCanReadLen
 .text.ReadDataFromFifo
                0x00fa2e44       0xe6 ./Sources/bootloader/FIFO/src/multi_cyc_fifo.o
                0x00fa2e44                ReadDataFromFifo
 *fill*         0x00fa2f2a        0x2 
 .text.GetCanWriteLen
                0x00fa2f2c       0x84 ./Sources/bootloader/FIFO/src/multi_cyc_fifo.o
                0x00fa2f2c                GetCanWriteLen
 .text.WriteDataInFifo
                0x00fa2fb0       0xd4 ./Sources/bootloader/FIFO/src/multi_cyc_fifo.o
                0x00fa2fb0                WriteDataInFifo
 .text.ClearFIFO
                0x00fa3084       0x4a ./Sources/bootloader/FIFO/src/multi_cyc_fifo.o
                0x00fa3084                ClearFIFO
 *fill*         0x00fa30ce        0x2 
 .text.RequetMoreTimeSuccessfulFromHost
                0x00fa30d0       0x16 ./Sources/bootloader/Flash_app/src/fls_app.o
 *fill*         0x00fa30e6        0x2 
 .text.Flash_IsFlashDriverSoftwareData
                0x00fa30e8       0x52 ./Sources/bootloader/Flash_app/src/fls_app.o
 *fill*         0x00fa313a        0x2 
 .text.Flash_SetNextDownloadStep
                0x00fa313c        0xa ./Sources/bootloader/Flash_app/src/fls_app.o
                0x00fa313c                Flash_SetNextDownloadStep
 *fill*         0x00fa3146        0x2 
 .text.Flash_GetCurDownloadStep
                0x00fa3148        0xa ./Sources/bootloader/Flash_app/src/fls_app.o
                0x00fa3148                Flash_GetCurDownloadStep
 *fill*         0x00fa3152        0x2 
 .text.Flash_SaveDownloadDataInfo
                0x00fa3154       0x1a ./Sources/bootloader/Flash_app/src/fls_app.o
                0x00fa3154                Flash_SaveDownloadDataInfo
 *fill*         0x00fa316e        0x2 
 .text.Flash_SetOperateFlashActiveJob
                0x00fa3170       0x18 ./Sources/bootloader/Flash_app/src/fls_app.o
                0x00fa3170                Flash_SetOperateFlashActiveJob
 .text.Flash_SavedReceivedCheckSumCrc
                0x00fa3188        0xa ./Sources/bootloader/Flash_app/src/fls_app.o
                0x00fa3188                Flash_SavedReceivedCheckSumCrc
 *fill*         0x00fa3192        0x2 
 .text.Flash_GetResetHandlerAddr
                0x00fa3194        0xa ./Sources/bootloader/Flash_app/src/fls_app.o
                0x00fa3194                Flash_GetResetHandlerAddr
 *fill*         0x00fa319e        0x2 
 .text.Flash_IsReadAppInfoFromFlashValid
                0x00fa31a0       0x6c ./Sources/bootloader/Flash_app/src/fls_app.o
                0x00fa31a0                Flash_IsReadAppInfoFromFlashValid
 .text.Flash_IsAppInFlashValid
                0x00fa320c       0x1e ./Sources/bootloader/Flash_app/src/fls_app.o
                0x00fa320c                Flash_IsAppInFlashValid
 *fill*         0x00fa322a        0x2 
 .text.Flash_EraseFlashDriverInRAM
                0x00fa322c       0x36 ./Sources/bootloader/Flash_app/src/fls_app.o
                0x00fa322c                Flash_EraseFlashDriverInRAM
 *fill*         0x00fa3262        0x2 
 .text.Flash_InitDowloadInfo
                0x00fa3264       0x7a ./Sources/bootloader/Flash_app/src/fls_app.o
                0x00fa3264                Flash_InitDowloadInfo
 *fill*         0x00fa32de        0x2 
 .text.Flash_ProgramRegion
                0x00fa32e0       0xe0 ./Sources/bootloader/Flash_app/src/fls_app.o
                0x00fa32e0                Flash_ProgramRegion
 .text.Flash_OperateMainFunction
                0x00fa33c0      0x5c4 ./Sources/bootloader/Flash_app/src/fls_app.o
                0x00fa33c0                Flash_OperateMainFunction
 .text.FLASH_APP_Init
                0x00fa3984       0x64 ./Sources/bootloader/Flash_app/src/fls_app.o
                0x00fa3984                FLASH_APP_Init
 .text.Flash_WriteFlashAppInfo
                0x00fa39e8      0x106 ./Sources/bootloader/Flash_app/src/fls_app.o
                0x00fa39e8                Flash_WriteFlashAppInfo
 *fill*         0x00fa3aee        0x2 
 .text.Flash_GetNewestAPPType
                0x00fa3af0        0x4 ./Sources/bootloader/Flash_app/src/fls_app.o
                0x00fa3af0                Flash_GetNewestAPPType
 .text.Flash_IsValidAddr
                0x00fa3af4       0x74 ./Sources/bootloader/Flash_app/src/fls_app.o
                0x00fa3af4                Flash_IsValidAddr
 .text.Flash_IsFlashDriverData
                0x00fa3b68       0x4e ./Sources/bootloader/Flash_app/src/fls_app.o
                0x00fa3b68                Flash_IsFlashDriverData
 *fill*         0x00fa3bb6        0x2 
 .text.Flash_IsAPPTypeErased
                0x00fa3bb8       0x10 ./Sources/bootloader/Flash_app/src/fls_app.o
                0x00fa3bb8                Flash_IsAPPTypeErased
 .text.convertToIntArray
                0x00fa3bc8       0x3e ./Sources/bootloader/HAL/UDS_algorithm_hal/src/AES.o
 *fill*         0x00fa3c06        0x2 
 .text.splitIntToArray
                0x00fa3c08       0x18 ./Sources/bootloader/HAL/UDS_algorithm_hal/src/AES.o
 .text.leftLoop4int
                0x00fa3c20       0x6e ./Sources/bootloader/HAL/UDS_algorithm_hal/src/AES.o
 *fill*         0x00fa3c8e        0x2 
 .text.addRoundKey
                0x00fa3c90       0x62 ./Sources/bootloader/HAL/UDS_algorithm_hal/src/AES.o
 *fill*         0x00fa3cf2        0x2 
 .text.GFMul2   0x00fa3cf4       0x12 ./Sources/bootloader/HAL/UDS_algorithm_hal/src/AES.o
 *fill*         0x00fa3d06        0x2 
 .text.GFMul8   0x00fa3d08       0x1c ./Sources/bootloader/HAL/UDS_algorithm_hal/src/AES.o
 .text.convertArrayToStr
                0x00fa3d24       0x32 ./Sources/bootloader/HAL/UDS_algorithm_hal/src/AES.o
 *fill*         0x00fa3d56        0x2 
 .text.rightLoop4int
                0x00fa3d58       0x64 ./Sources/bootloader/HAL/UDS_algorithm_hal/src/AES.o
 .text.deShiftRows
                0x00fa3dbc       0x96 ./Sources/bootloader/HAL/UDS_algorithm_hal/src/AES.o
 *fill*         0x00fa3e52        0x2 
 .text.GFMul    0x00fa3e54       0xc8 ./Sources/bootloader/HAL/UDS_algorithm_hal/src/AES.o
 .text.deMixColumns
                0x00fa3f1c       0xba ./Sources/bootloader/HAL/UDS_algorithm_hal/src/AES.o
 *fill*         0x00fa3fd6        0x2 
 .text.extendKey
                0x00fa3fd8       0xfc ./Sources/bootloader/HAL/UDS_algorithm_hal/src/AES.o
 .text.deSubBytes
                0x00fa40d4       0x3c ./Sources/bootloader/HAL/UDS_algorithm_hal/src/AES.o
 .text.deAes    0x00fa4110      0x1e6 ./Sources/bootloader/HAL/UDS_algorithm_hal/src/AES.o
                0x00fa4110                deAes
 *fill*         0x00fa42f6        0x2 
 .text.UDS_ALG_HAL_Init
                0x00fa42f8        0x2 ./Sources/bootloader/HAL/UDS_algorithm_hal/src/UDS_alg_hal.o
                0x00fa42f8                UDS_ALG_HAL_Init
 *fill*         0x00fa42fa        0x2 
 .text.UDS_ALG_HAL_DecryptData
                0x00fa42fc       0x20 ./Sources/bootloader/HAL/UDS_algorithm_hal/src/UDS_alg_hal.o
                0x00fa42fc                UDS_ALG_HAL_DecryptData
 .text.UDS_ALG_HAL_GetRandom
                0x00fa431c       0x9c ./Sources/bootloader/HAL/UDS_algorithm_hal/src/UDS_alg_hal.o
                0x00fa431c                UDS_ALG_HAL_GetRandom
 .text.UDS_ALG_HAL_AddSWTimerTickCnt
                0x00fa43b8        0xc ./Sources/bootloader/HAL/UDS_algorithm_hal/src/UDS_alg_hal.o
                0x00fa43b8                UDS_ALG_HAL_AddSWTimerTickCnt
 .text.CreatSoftwareCrc16
                0x00fa43c4       0x36 ./Sources/bootloader/HAL/crc_hal/src/CRC_hal.o
 *fill*         0x00fa43fa        0x2 
 .text.CRC_HAL_Init
                0x00fa43fc        0x4 ./Sources/bootloader/HAL/crc_hal/src/CRC_hal.o
                0x00fa43fc                CRC_HAL_Init
 .text.CRC_HAL_CreatSoftwareCrc
                0x00fa4400       0x14 ./Sources/bootloader/HAL/crc_hal/src/CRC_hal.o
                0x00fa4400                CRC_HAL_CreatSoftwareCrc
 .text.CRC_HAL_StartSoftwareCrc
                0x00fa4414       0x10 ./Sources/bootloader/HAL/crc_hal/src/CRC_hal.o
                0x00fa4414                CRC_HAL_StartSoftwareCrc
 .text.CRC_HAL_EndSoftwareCrc
                0x00fa4424       0x12 ./Sources/bootloader/HAL/crc_hal/src/CRC_hal.o
                0x00fa4424                CRC_HAL_EndSoftwareCrc
 *fill*         0x00fa4436        0x2 
 .text.CRC_HAL_CalculateCRCOnce
                0x00fa4438       0x34 ./Sources/bootloader/HAL/crc_hal/src/CRC_hal.o
                0x00fa4438                CRC_HAL_CalculateCRCOnce
 .text.Flash_GetSelectBlock
                0x00fa446c      0x128 ./Sources/bootloader/HAL/flash_hal/src/flash_hal.o
 .text.FLASH_HAL_Deinit
                0x00fa4594       0x24 ./Sources/bootloader/HAL/flash_hal/src/flash_hal.o
 .text.FLASH_HAL_ReadData
                0x00fa45b8       0x26 ./Sources/bootloader/HAL/flash_hal/src/flash_hal.o
 *fill*         0x00fa45de        0x2 
 .text.UserCallBack
                0x00fa45e0       0xa6 ./Sources/bootloader/HAL/flash_hal/src/flash_hal.o
 *fill*         0x00fa4686        0x2 
 .text.FLASH_HAL_WriteData
                0x00fa4688       0xb4 ./Sources/bootloader/HAL/flash_hal/src/flash_hal.o
 .text.FLASH_HAL_Erase
                0x00fa473c       0x72 ./Sources/bootloader/HAL/flash_hal/src/flash_hal.o
 *fill*         0x00fa47ae        0x2 
 .text.FLASH_HAL_Init
                0x00fa47b0       0x16 ./Sources/bootloader/HAL/flash_hal/src/flash_hal.o
 *fill*         0x00fa47c6        0x2 
 .text.FLASH_HAL_Lock
                0x00fa47c8       0xc4 ./Sources/bootloader/HAL/flash_hal/src/flash_hal.o
 .text.FLASH_HAL_Unlock
                0x00fa488c      0x10c ./Sources/bootloader/HAL/flash_hal/src/flash_hal.o
 .text.FLASH_HAL_RegisterFlashAPI
                0x00fa4998       0x54 ./Sources/bootloader/HAL/flash_hal/src/flash_hal.o
                0x00fa4998                FLASH_HAL_RegisterFlashAPI
 .text.FLASH_HAL_APPAddrCheck
                0x00fa49ec        0x4 ./Sources/bootloader/HAL/flash_hal/src/flash_hal_Cfg.o
                0x00fa49ec                FLASH_HAL_APPAddrCheck
 .text.FLASH_HAL_GetConfigCoreNo
                0x00fa49f0        0x4 ./Sources/bootloader/HAL/flash_hal/src/flash_hal_Cfg.o
                0x00fa49f0                FLASH_HAL_GetConfigCoreNo
 .text.FLASH_HAL_GetMultiCoreMirrorAddr
                0x00fa49f4       0x1a ./Sources/bootloader/HAL/flash_hal/src/flash_hal_Cfg.o
                0x00fa49f4                FLASH_HAL_GetMultiCoreMirrorAddr
 *fill*         0x00fa4a0e        0x2 
 .text.FLASH_HAL_GetMultiCoreRemapAddr
                0x00fa4a10       0x18 ./Sources/bootloader/HAL/flash_hal/src/flash_hal_Cfg.o
                0x00fa4a10                FLASH_HAL_GetMultiCoreRemapAddr
 .text.FLASH_HAL_GetFlashConfigInfo
                0x00fa4a28       0x16 ./Sources/bootloader/HAL/flash_hal/src/flash_hal_Cfg.o
                0x00fa4a28                FLASH_HAL_GetFlashConfigInfo
 *fill*         0x00fa4a3e        0x2 
 .text.FLASH_HAL_GetAPPInfo
                0x00fa4a40       0x18 ./Sources/bootloader/HAL/flash_hal/src/flash_hal_Cfg.o
                0x00fa4a40                FLASH_HAL_GetAPPInfo
 .text.FLASH_HAL_GetFlashDriverInfo
                0x00fa4a58       0x24 ./Sources/bootloader/HAL/flash_hal/src/flash_hal_Cfg.o
                0x00fa4a58                FLASH_HAL_GetFlashDriverInfo
 .text.FLASH_HAL_GetRestHanlderInfo
                0x00fa4a7c       0x2e ./Sources/bootloader/HAL/flash_hal/src/flash_hal_Cfg.o
                0x00fa4a7c                FLASH_HAL_GetRestHanlderInfo
 *fill*         0x00fa4aaa        0x2 
 .text.FLASH_HAL_GetEraseFlashASectorMaxTimeMs
                0x00fa4aac        0x6 ./Sources/bootloader/HAL/flash_hal/src/flash_hal_Cfg.o
                0x00fa4aac                FLASH_HAL_GetEraseFlashASectorMaxTimeMs
 *fill*         0x00fa4ab2        0x2 
 .text.TIMER_HAL_Init
                0x00fa4ab4       0x5a ./Sources/bootloader/HAL/timer_hal/src/timer_hal.o
                0x00fa4ab4                TIMER_HAL_Init
 *fill*         0x00fa4b0e        0x2 
 .text.TIMER_HAL_1msPeriod
                0x00fa4b10       0x26 ./Sources/bootloader/HAL/timer_hal/src/timer_hal.o
                0x00fa4b10                TIMER_HAL_1msPeriod
 *fill*         0x00fa4b36        0x2 
 .text.ETIMER0_Ch3_IRQHandler
                0x00fa4b38       0x1e ./Sources/bootloader/HAL/timer_hal/src/timer_hal.o
                0x00fa4b38                ETIMER0_Ch3_IRQHandler
 *fill*         0x00fa4b56        0x2 
 .text.TIMER_HAL_Is1msTickTimeout
                0x00fa4b58       0x18 ./Sources/bootloader/HAL/timer_hal/src/timer_hal.o
                0x00fa4b58                TIMER_HAL_Is1msTickTimeout
 .text.TIMER_HAL_Is100msTickTimeout
                0x00fa4b70       0x1a ./Sources/bootloader/HAL/timer_hal/src/timer_hal.o
                0x00fa4b70                TIMER_HAL_Is100msTickTimeout
 *fill*         0x00fa4b8a        0x2 
 .text.TIMER_HAL_GetTimerTickCnt
                0x00fa4b8c        0x4 ./Sources/bootloader/HAL/timer_hal/src/timer_hal.o
                0x00fa4b8c                TIMER_HAL_GetTimerTickCnt
 .text.WATCHDOG_HAL_Init
                0x00fa4b90       0x46 ./Sources/bootloader/HAL/watchdog_hal/src/watchdog_hal.o
                0x00fa4b90                WATCHDOG_HAL_Init
 *fill*         0x00fa4bd6        0x2 
 .text.WATCHDOG_HAL_Fed
                0x00fa4bd8       0x18 ./Sources/bootloader/HAL/watchdog_hal/src/watchdog_hal.o
                0x00fa4bd8                WATCHDOG_HAL_Fed
 .text.WATCHDOG_HAL_SystemRest
                0x00fa4bf0       0x1a ./Sources/bootloader/HAL/watchdog_hal/src/watchdog_hal.o
                0x00fa4bf0                WATCHDOG_HAL_SystemRest
 *fill*         0x00fa4c0a        0x2 
 .text.WATCHDOG_HAL_Deinit
                0x00fa4c0c       0x1e ./Sources/bootloader/HAL/watchdog_hal/src/watchdog_hal.o
                0x00fa4c0c                WATCHDOG_HAL_Deinit
 *fill*         0x00fa4c2a        0x2 
 .text.CANTP_DoTransmitFCCallBack
                0x00fa4c2c       0x40 ./Sources/bootloader/UDS_stack/TP/src/CAN_TP/can_tp.o
 .text.CANTP_DoTransmitFFCallBack
                0x00fa4c6c       0x50 ./Sources/bootloader/UDS_stack/TP/src/CAN_TP/can_tp.o
 .text.CANTP_TxMsgSuccessfulCallBack
                0x00fa4cbc        0x8 ./Sources/bootloader/UDS_stack/TP/src/CAN_TP/can_tp.o
 .text.CANTP_DoReceiveFC
                0x00fa4cc4       0xf0 ./Sources/bootloader/UDS_stack/TP/src/CAN_TP/can_tp.o
 .text.CANTP_DoWaittingTxMsg
                0x00fa4db4       0x48 ./Sources/bootloader/UDS_stack/TP/src/CAN_TP/can_tp.o
 .text.CANTP_DoTransmitCFCallBack
                0x00fa4dfc       0xd0 ./Sources/bootloader/UDS_stack/TP/src/CAN_TP/can_tp.o
 .text.CANTP_DoTransmitSFCallBack
                0x00fa4ecc       0x1c ./Sources/bootloader/UDS_stack/TP/src/CAN_TP/can_tp.o
 .text.CANTP_DoReceiveFF
                0x00fa4ee8      0x104 ./Sources/bootloader/UDS_stack/TP/src/CAN_TP/can_tp.o
 .text.CANTP_CopyAFrameDataInRxFifo
                0x00fa4fec       0x92 ./Sources/bootloader/UDS_stack/TP/src/CAN_TP/can_tp.o
 *fill*         0x00fa507e        0x2 
 .text.CANTP_DoReceiveCF
                0x00fa5080      0x1d6 ./Sources/bootloader/UDS_stack/TP/src/CAN_TP/can_tp.o
 *fill*         0x00fa5256        0x2 
 .text.CANTP_DoReceiveSF
                0x00fa5258      0x106 ./Sources/bootloader/UDS_stack/TP/src/CAN_TP/can_tp.o
 *fill*         0x00fa535e        0x2 
 .text.CANTP_DoCanTpIdle
                0x00fa5360      0x134 ./Sources/bootloader/UDS_stack/TP/src/CAN_TP/can_tp.o
 .text.CANTP_DoTransmitCF
                0x00fa5494      0x174 ./Sources/bootloader/UDS_stack/TP/src/CAN_TP/can_tp.o
 .text.CANTP_DoTransmitFC
                0x00fa5608       0xfc ./Sources/bootloader/UDS_stack/TP/src/CAN_TP/can_tp.o
 .text.CANTP_DoTransmitFF
                0x00fa5704      0x110 ./Sources/bootloader/UDS_stack/TP/src/CAN_TP/can_tp.o
 .text.CANTP_DoTransmitSF
                0x00fa5814      0x100 ./Sources/bootloader/UDS_stack/TP/src/CAN_TP/can_tp.o
 .text.CANTP_Init
                0x00fa5914       0xa4 ./Sources/bootloader/UDS_stack/TP/src/CAN_TP/can_tp.o
                0x00fa5914                CANTP_Init
 .text.CANTP_SytstemTickControl
                0x00fa59b8       0x7c ./Sources/bootloader/UDS_stack/TP/src/CAN_TP/can_tp.o
                0x00fa59b8                CANTP_SytstemTickControl
 .text.CANTP_MainFun
                0x00fa5a34      0x158 ./Sources/bootloader/UDS_stack/TP/src/CAN_TP/can_tp.o
                0x00fa5a34                CANTP_MainFun
 .text.CANTP_AbortTxMsg
                0x00fa5b8c       0x52 ./Sources/bootloader/UDS_stack/TP/src/CAN_TP/can_tp_cfg.o
 *fill*         0x00fa5bde        0x2 
 .text.CANTP_TxMsg
                0x00fa5be0      0x102 ./Sources/bootloader/UDS_stack/TP/src/CAN_TP/can_tp_cfg.o
 *fill*         0x00fa5ce2        0x2 
 .text.CANTP_GetConfigTxMsgID
                0x00fa5ce4        0x6 ./Sources/bootloader/UDS_stack/TP/src/CAN_TP/can_tp_cfg.o
                0x00fa5ce4                CANTP_GetConfigTxMsgID
 *fill*         0x00fa5cea        0x2 
 .text.CANTP_GetConfigRxMsgFUNID
                0x00fa5cec        0x4 ./Sources/bootloader/UDS_stack/TP/src/CAN_TP/can_tp_cfg.o
                0x00fa5cec                CANTP_GetConfigRxMsgFUNID
 .text.CANTP_IsReceivedMsgIDValid
                0x00fa5cf0       0x1a ./Sources/bootloader/UDS_stack/TP/src/CAN_TP/can_tp_cfg.o
                0x00fa5cf0                CANTP_IsReceivedMsgIDValid
 *fill*         0x00fa5d0a        0x2 
 .text.CANTP_RxMsg
                0x00fa5d0c      0x116 ./Sources/bootloader/UDS_stack/TP/src/CAN_TP/can_tp_cfg.o
 *fill*         0x00fa5e22        0x2 
 .text.CANTP_GetConfigRxMsgPHYID
                0x00fa5e24        0x6 ./Sources/bootloader/UDS_stack/TP/src/CAN_TP/can_tp_cfg.o
                0x00fa5e24                CANTP_GetConfigRxMsgPHYID
 *fill*         0x00fa5e2a        0x2 
 .text.CANTP_RegisterAbortTxMsg
                0x00fa5e2c        0x6 ./Sources/bootloader/UDS_stack/TP/src/CAN_TP/can_tp_cfg.o
                0x00fa5e2c                CANTP_RegisterAbortTxMsg
 *fill*         0x00fa5e32        0x2 
 .text.CANTP_DriverWriteDataInCANTP
                0x00fa5e34       0x8a ./Sources/bootloader/UDS_stack/TP/src/CAN_TP/can_tp_cfg.o
                0x00fa5e34                CANTP_DriverWriteDataInCANTP
 *fill*         0x00fa5ebe        0x2 
 .text.CANTP_DriverReadDataFromCANTP
                0x00fa5ec0       0xc6 ./Sources/bootloader/UDS_stack/TP/src/CAN_TP/can_tp_cfg.o
                0x00fa5ec0                CANTP_DriverReadDataFromCANTP
 *fill*         0x00fa5f86        0x2 
 .text.CANTP_DoTxMsgSuccessfulCallBack
                0x00fa5f88       0x24 ./Sources/bootloader/UDS_stack/TP/src/CAN_TP/can_tp_cfg.o
                0x00fa5f88                CANTP_DoTxMsgSuccessfulCallBack
 .text.TP_Init  0x00fa5fac       0x14 ./Sources/bootloader/UDS_stack/TP/src/TP.o
                0x00fa5fac                TP_Init
 .text.TP_MainFun
                0x00fa5fc0       0x14 ./Sources/bootloader/UDS_stack/TP/src/TP.o
                0x00fa5fc0                TP_MainFun
 .text.TP_SystemTickCtl
                0x00fa5fd4       0x14 ./Sources/bootloader/UDS_stack/TP/src/TP.o
                0x00fa5fd4                TP_SystemTickCtl
 .text.TP_ReadAFrameDataFromTP
                0x00fa5fe8       0xd6 ./Sources/bootloader/UDS_stack/TP/src/TP.o
                0x00fa5fe8                TP_ReadAFrameDataFromTP
 *fill*         0x00fa60be        0x2 
 .text.TP_WriteAFrameDataInTP
                0x00fa60c0       0x9e ./Sources/bootloader/UDS_stack/TP/src/TP.o
                0x00fa60c0                TP_WriteAFrameDataInTP
 *fill*         0x00fa615e        0x2 
 .text.TP_GetConfigTxMsgID
                0x00fa6160       0x14 ./Sources/bootloader/UDS_stack/TP/src/TP_Cfg.o
                0x00fa6160                TP_GetConfigTxMsgID
 .text.TP_GetConfigRxMsgFUNID
                0x00fa6174       0x14 ./Sources/bootloader/UDS_stack/TP/src/TP_Cfg.o
                0x00fa6174                TP_GetConfigRxMsgFUNID
 .text.TP_GetConfigRxMsgPHYID
                0x00fa6188       0x14 ./Sources/bootloader/UDS_stack/TP/src/TP_Cfg.o
                0x00fa6188                TP_GetConfigRxMsgPHYID
 .text.TP_RegisterTransmittedAFrmaeMsgCallBack
                0x00fa619c        0x6 ./Sources/bootloader/UDS_stack/TP/src/TP_Cfg.o
                0x00fa619c                TP_RegisterTransmittedAFrmaeMsgCallBack
 *fill*         0x00fa61a2        0x2 
 .text.TP_DoTransmittedAFrameMsgCallBack
                0x00fa61a4       0x24 ./Sources/bootloader/UDS_stack/TP/src/TP_Cfg.o
                0x00fa61a4                TP_DoTransmittedAFrameMsgCallBack
 .text.TP_DriverWriteDataInTP
                0x00fa61c8       0x28 ./Sources/bootloader/UDS_stack/TP/src/TP_Cfg.o
                0x00fa61c8                TP_DriverWriteDataInTP
 .text.TP_DriverReadDataFromTP
                0x00fa61f0       0x5a ./Sources/bootloader/UDS_stack/TP/src/TP_Cfg.o
                0x00fa61f0                TP_DriverReadDataFromTP
 *fill*         0x00fa624a        0x2 
 .text.TP_RegisterAbortTxMsg
                0x00fa624c       0x14 ./Sources/bootloader/UDS_stack/TP/src/TP_Cfg.o
                0x00fa624c                TP_RegisterAbortTxMsg
 .text.TP_DoTxMsgSuccesfulCallback
                0x00fa6260       0x14 ./Sources/bootloader/UDS_stack/TP/src/TP_Cfg.o
                0x00fa6260                TP_DoTxMsgSuccesfulCallback
 .text.UDS_Init
                0x00fa6274       0x14 ./Sources/bootloader/UDS_stack/UDS/src/uds_app.o
                0x00fa6274                UDS_Init
 .text.UDS_MainFun
                0x00fa6288      0x188 ./Sources/bootloader/UDS_stack/UDS/src/uds_app.o
                0x00fa6288                UDS_MainFun
 .text.UDS_WriteDataByIdentifier
                0x00fa6410       0x2c ./Sources/bootloader/UDS_stack/UDS/src/uds_app_cfg.o
 .text.UDS_IsCheckRoutineControlRight
                0x00fa643c       0x84 ./Sources/bootloader/UDS_stack/UDS/src/uds_app_cfg.o
 .text.UDS_DoResetMCU
                0x00fa64c0       0x28 ./Sources/bootloader/UDS_stack/UDS/src/uds_app_cfg.o
 .text.UDS_DoCheckSum
                0x00fa64e8       0x2e ./Sources/bootloader/UDS_stack/UDS/src/uds_app_cfg.o
 *fill*         0x00fa6516        0x2 
 .text.UDS_DoEraseFlash
                0x00fa6518       0x2e ./Sources/bootloader/UDS_stack/UDS/src/uds_app_cfg.o
 *fill*         0x00fa6546        0x2 
 .text.UDS_DoResponseChecksum
                0x00fa6548       0x58 ./Sources/bootloader/UDS_stack/UDS/src/uds_app_cfg.o
 .text.UDS_DoEraseFlashResponse
                0x00fa65a0       0x46 ./Sources/bootloader/UDS_stack/UDS/src/uds_app_cfg.o
 *fill*         0x00fa65e6        0x2 
 .text.UDS_SecurityAccess
                0x00fa65e8      0x124 ./Sources/bootloader/UDS_stack/UDS/src/uds_app_cfg.o
 .text.UDS_CommunicationControl
                0x00fa670c       0x6a ./Sources/bootloader/UDS_stack/UDS/src/uds_app_cfg.o
 *fill*         0x00fa6776        0x2 
 .text.UDS_ControlDTCSetting
                0x00fa6778       0x56 ./Sources/bootloader/UDS_stack/UDS/src/uds_app_cfg.o
 *fill*         0x00fa67ce        0x2 
 .text.UDS_RequestDownload